
Warning: Deprecated flag: -state

Use the "path" attribute within the "local" backend to specify a file for
state storage
module.aws_lb_controller_pod_identity.data.aws_iam_policy_document.base[0]: Reading...
module.eks.data.aws_caller_identity.current[0]: Reading...
module.eks.module.kms.data.aws_caller_identity.current[0]: Reading...
module.ebs_csi_pod_identity.data.aws_iam_policy_document.assume[0]: Reading...
module.ebs_csi_pod_identity.data.aws_iam_policy_document.base[0]: Reading...
module.eks.data.aws_iam_policy_document.assume_role_policy[0]: Reading...
module.eks.module.eks_managed_node_group["default"].data.aws_iam_policy_document.assume_role_policy[0]: Reading...
module.eks.module.kms.data.aws_partition.current[0]: Reading...
module.ebs_csi_pod_identity.data.aws_partition.current: Reading...
module.eks.data.aws_iam_policy_document.assume_role_policy[0]: Read complete after 0s [id=2830595799]
module.eks.module.eks_managed_node_group["default"].data.aws_iam_policy_document.assume_role_policy[0]: Read complete after 0s [id=2560088296]
module.eks.aws_security_group.cluster[0]: Refreshing state... [id=sg-0df6293bc176e8fbc]
module.ebs_csi_pod_identity.data.aws_iam_policy_document.assume[0]: Read complete after 0s [id=819195744]
module.aws_lb_controller_pod_identity.data.aws_iam_policy_document.base[0]: Read complete after 0s [id=1132004489]
module.ebs_csi_pod_identity.data.aws_partition.current: Read complete after 0s [id=aws]
module.ebs_csi_pod_identity.data.aws_iam_policy_document.base[0]: Read complete after 0s [id=1132004489]
module.eks.aws_security_group.node[0]: Refreshing state... [id=sg-08090fb483516e22c]
module.eks.data.aws_partition.current[0]: Reading...
module.aws_lb_controller_pod_identity.data.aws_partition.current: Reading...
module.eks.module.kms.data.aws_partition.current[0]: Read complete after 0s [id=aws]
module.aws_lb_controller_pod_identity.data.aws_iam_policy_document.assume[0]: Reading...
module.aws_lb_controller_pod_identity.data.aws_partition.current: Read complete after 0s [id=aws]
module.eks.module.eks_managed_node_group["default"].aws_iam_role.this[0]: Refreshing state... [id=default-eks-node-group-20260723135058176700000004]
module.ebs_csi_pod_identity.aws_iam_role.this[0]: Refreshing state... [id=student201-ebs-csi-20260723135058181500000006]
module.eks.data.aws_partition.current[0]: Read complete after 0s [id=aws]
module.aws_lb_controller_pod_identity.data.aws_iam_policy_document.assume[0]: Read complete after 0s [id=819195744]
module.eks.aws_iam_role.this[0]: Refreshing state... [id=student201-cluster-20260723135058182000000007]
module.ebs_csi_pod_identity.data.aws_iam_policy_document.ebs_csi[0]: Reading...
module.aws_lb_controller_pod_identity.aws_iam_role.this[0]: Refreshing state... [id=student201-aws-lbc-20260723135058172300000001]
module.aws_lb_controller_pod_identity.data.aws_iam_policy_document.lb_controller[0]: Reading...
module.ebs_csi_pod_identity.data.aws_iam_policy_document.ebs_csi[0]: Read complete after 0s [id=522466792]
module.ebs_csi_pod_identity.aws_iam_policy.ebs_csi[0]: Refreshing state... [id=arn:aws:iam::783241407859:policy/AmazonEKS_EBS_CSI-20260723135058182100000008]
module.aws_lb_controller_pod_identity.data.aws_iam_policy_document.lb_controller[0]: Read complete after 0s [id=1541424006]
module.aws_lb_controller_pod_identity.aws_iam_policy.lb_controller[0]: Refreshing state... [id=arn:aws:iam::783241407859:policy/AmazonEKS_LoadBalancerController-20260723135058176300000003]
module.eks.module.kms.data.aws_caller_identity.current[0]: Read complete after 0s [id=783241407859]
module.eks.data.aws_caller_identity.current[0]: Read complete after 0s [id=783241407859]
module.eks.data.aws_iam_session_context.current[0]: Reading...
module.eks.data.aws_iam_session_context.current[0]: Read complete after 0s [id=arn:aws:iam::783241407859:user/nwuser]
module.aws_lb_controller_pod_identity.aws_iam_role_policy_attachment.lb_controller[0]: Refreshing state... [id=student201-aws-lbc-20260723135058172300000001/arn:aws:iam::783241407859:policy/AmazonEKS_LoadBalancerController-20260723135058176300000003]
module.eks.aws_iam_role_policy_attachment.this["AmazonEKSClusterPolicy"]: Refreshing state... [id=student201-cluster-20260723135058182000000007/arn:aws:iam::aws:policy/AmazonEKSClusterPolicy]
module.ebs_csi_pod_identity.aws_iam_role_policy_attachment.ebs_csi[0]: Refreshing state... [id=student201-ebs-csi-20260723135058181500000006/arn:aws:iam::783241407859:policy/AmazonEKS_EBS_CSI-20260723135058182100000008]
module.eks.module.kms.data.aws_iam_policy_document.this[0]: Reading...
module.eks.module.kms.data.aws_iam_policy_document.this[0]: Read complete after 0s [id=1376580633]
module.eks.module.eks_managed_node_group["default"].aws_iam_role_policy_attachment.this["AmazonEKS_CNI_Policy"]: Refreshing state... [id=default-eks-node-group-20260723135058176700000004/arn:aws:iam::aws:policy/AmazonEKS_CNI_Policy]
module.eks.module.eks_managed_node_group["default"].aws_iam_role_policy_attachment.this["AmazonEKSWorkerNodePolicy"]: Refreshing state... [id=default-eks-node-group-20260723135058176700000004/arn:aws:iam::aws:policy/AmazonEKSWorkerNodePolicy]
module.eks.module.eks_managed_node_group["default"].aws_iam_role_policy_attachment.this["AmazonEC2ContainerRegistryReadOnly"]: Refreshing state... [id=default-eks-node-group-20260723135058176700000004/arn:aws:iam::aws:policy/AmazonEC2ContainerRegistryReadOnly]
module.eks.module.kms.aws_kms_key.this[0]: Refreshing state... [id=8a2b217d-82ab-4249-9f12-34569498ad90]
module.eks.aws_security_group_rule.node["ingress_cluster_8443_webhook"]: Refreshing state... [id=sgrule-498589910]
module.eks.aws_security_group_rule.node["ingress_self_coredns_tcp"]: Refreshing state... [id=sgrule-3417769937]
module.eks.aws_security_group_rule.node["ingress_self_coredns_udp"]: Refreshing state... [id=sgrule-1877517374]
module.eks.aws_security_group_rule.node["ingress_cluster_443"]: Refreshing state... [id=sgrule-910495739]
module.eks.aws_security_group_rule.node["ingress_cluster_9443_webhook"]: Refreshing state... [id=sgrule-2031538973]
module.eks.aws_security_group_rule.node["ingress_cluster_10251_webhook"]: Refreshing state... [id=sgrule-254072957]
module.eks.aws_security_group_rule.node["ingress_cluster_6443_webhook"]: Refreshing state... [id=sgrule-250338551]
module.eks.aws_security_group_rule.node["ingress_cluster_4443_webhook"]: Refreshing state... [id=sgrule-3349789537]
module.eks.aws_security_group_rule.node["egress_all"]: Refreshing state... [id=sgrule-2024313037]
module.eks.aws_security_group_rule.node["ingress_cluster_kubelet"]: Refreshing state... [id=sgrule-997033990]
module.eks.aws_security_group_rule.node["ingress_nodes_ephemeral"]: Refreshing state... [id=sgrule-2089406016]
module.eks.aws_security_group_rule.cluster["ingress_nodes_443"]: Refreshing state... [id=sgrule-2652010690]
module.eks.module.kms.aws_kms_alias.this["cluster"]: Refreshing state... [id=alias/eks/student201]
module.eks.aws_iam_policy.cluster_encryption[0]: Refreshing state... [id=arn:aws:iam::783241407859:policy/student201-cluster-ClusterEncryption20260723135120602500000009]
module.eks.aws_iam_role_policy_attachment.cluster_encryption[0]: Refreshing state... [id=student201-cluster-20260723135058182000000007/arn:aws:iam::783241407859:policy/student201-cluster-ClusterEncryption20260723135120602500000009]
module.eks.aws_eks_cluster.this[0]: Refreshing state... [id=student201]
module.eks.data.aws_eks_addon_version.this["coredns"]: Reading...
module.eks.data.aws_eks_addon_version.this["kube-proxy"]: Reading...
module.eks.data.aws_eks_addon_version.this["aws-ebs-csi-driver"]: Reading...
module.eks.data.aws_eks_addon_version.this["eks-pod-identity-agent"]: Reading...
module.eks.data.aws_eks_addon_version.this["vpc-cni"]: Reading...
module.eks.time_sleep.this[0]: Refreshing state... [id=2026-07-23T14:01:18Z]
module.eks.aws_eks_access_entry.this["cluster_creator"]: Refreshing state... [id=student201:arn:aws:iam::783241407859:user/nwuser]
module.eks.module.eks_managed_node_group["default"].data.aws_ssm_parameter.ami[0]: Reading...
module.eks.module.eks_managed_node_group["default"].module.user_data.null_resource.validate_cluster_service_cidr: Refreshing state... [id=8552929896938227824]
module.eks.module.eks_managed_node_group["default"].module.user_data.data.cloudinit_config.al2023_eks_managed_node_group[0]: Reading...
module.eks.module.eks_managed_node_group["default"].module.user_data.data.cloudinit_config.al2023_eks_managed_node_group[0]: Read complete after 0s [id=140799688]
module.eks.module.eks_managed_node_group["default"].aws_launch_template.this[0]: Refreshing state... [id=lt-0285c76a81819a5e0]
module.eks.data.aws_eks_addon_version.this["aws-ebs-csi-driver"]: Read complete after 1s [id=aws-ebs-csi-driver]
module.eks.data.aws_eks_addon_version.this["kube-proxy"]: Read complete after 1s [id=kube-proxy]
module.eks.data.aws_eks_addon_version.this["coredns"]: Read complete after 1s [id=coredns]
module.eks.data.aws_eks_addon_version.this["vpc-cni"]: Read complete after 1s [id=vpc-cni]
module.eks.data.aws_eks_addon_version.this["eks-pod-identity-agent"]: Read complete after 1s [id=eks-pod-identity-agent]
module.eks.aws_eks_addon.before_compute["vpc-cni"]: Refreshing state... [id=student201:vpc-cni]
module.eks.aws_eks_addon.before_compute["kube-proxy"]: Refreshing state... [id=student201:kube-proxy]
module.eks.aws_eks_access_policy_association.this["cluster_creator_admin"]: Refreshing state... [id=student201#arn:aws:iam::783241407859:user/nwuser#arn:aws:eks::aws:cluster-access-policy/AmazonEKSClusterAdminPolicy]
module.eks.module.eks_managed_node_group["default"].data.aws_ssm_parameter.ami[0]: Read complete after 1s [id=/aws/service/eks/optimized-ami/1.35/amazon-linux-2023/x86_64/standard/recommended/release_version]
module.eks.module.eks_managed_node_group["default"].aws_eks_node_group.this[0]: Refreshing state... [id=student201:default-2026072314012517270000000f]
module.aws_lb_controller_pod_identity.aws_eks_pod_identity_association.this["main"]: Refreshing state... [id=a-tqyrm7gjulrdwqj2l]
module.eks.aws_eks_addon.this["eks-pod-identity-agent"]: Refreshing state... [id=student201:eks-pod-identity-agent]
module.eks.aws_eks_addon.this["coredns"]: Refreshing state... [id=student201:coredns]
module.eks.aws_eks_addon.this["aws-ebs-csi-driver"]: Refreshing state... [id=student201:aws-ebs-csi-driver]

No changes. Your infrastructure matches the configuration.

Terraform has compared your real infrastructure against your configuration
and found no differences, so no changes are needed.

Apply complete! Resources: 0 added, 0 changed, 0 destroyed.

Outputs:

cluster_name = "student201"
kubeconfig_command = "aws eks update-kubeconfig --name student201 --region us-west-2 --profile aws1-student34 --kubeconfig /tmp/student201.kubeconfig"
