
Warning: Deprecated flag: -state

Use the "path" attribute within the "local" backend to specify a file for
state storage
module.aws_lb_controller_pod_identity.data.aws_iam_policy_document.base[0]: Reading...
module.eks.data.aws_iam_policy_document.assume_role_policy[0]: Reading...
module.eks.data.aws_partition.current[0]: Reading...
module.ebs_csi_pod_identity.data.aws_iam_policy_document.assume[0]: Reading...
module.eks.module.kms.data.aws_partition.current[0]: Reading...
module.ebs_csi_pod_identity.data.aws_partition.current: Reading...
module.aws_lb_controller_pod_identity.data.aws_iam_policy_document.assume[0]: Reading...
module.eks.module.kms.data.aws_caller_identity.current[0]: Reading...
module.aws_lb_controller_pod_identity.data.aws_iam_policy_document.base[0]: Read complete after 0s [id=1132004489]
module.eks.module.eks_managed_node_group["default"].data.aws_iam_policy_document.assume_role_policy[0]: Reading...
module.eks.data.aws_iam_policy_document.assume_role_policy[0]: Read complete after 0s [id=2830595799]
module.aws_lb_controller_pod_identity.data.aws_iam_policy_document.assume[0]: Read complete after 0s [id=819195744]
module.eks.aws_security_group.cluster[0]: Refreshing state... [id=sg-0a6308eeb688261be]
module.eks.module.kms.data.aws_partition.current[0]: Read complete after 0s [id=aws]
module.aws_lb_controller_pod_identity.data.aws_partition.current: Reading...
module.eks.module.eks_managed_node_group["default"].data.aws_iam_policy_document.assume_role_policy[0]: Read complete after 0s [id=2560088296]
module.ebs_csi_pod_identity.data.aws_partition.current: Read complete after 0s [id=aws]
module.ebs_csi_pod_identity.data.aws_iam_policy_document.base[0]: Reading...
module.ebs_csi_pod_identity.data.aws_iam_policy_document.assume[0]: Read complete after 0s [id=819195744]
module.eks.data.aws_caller_identity.current[0]: Reading...
module.eks.aws_security_group.node[0]: Refreshing state... [id=sg-069b554bd64adb20f]
module.ebs_csi_pod_identity.data.aws_iam_policy_document.base[0]: Read complete after 0s [id=1132004489]
module.aws_lb_controller_pod_identity.data.aws_partition.current: Read complete after 0s [id=aws]
module.eks.data.aws_partition.current[0]: Read complete after 0s [id=aws]
module.eks.module.eks_managed_node_group["default"].aws_iam_role.this[0]: Refreshing state... [id=default-eks-node-group-20260723140829202500000003]
module.eks.aws_iam_role.this[0]: Refreshing state... [id=student206-cluster-20260723140829200900000001]
module.ebs_csi_pod_identity.data.aws_iam_policy_document.ebs_csi[0]: Reading...
module.eks.module.kms.data.aws_caller_identity.current[0]: Read complete after 0s [id=783241407859]
module.ebs_csi_pod_identity.aws_iam_role.this[0]: Refreshing state... [id=student206-ebs-csi-20260723140829215600000004]
module.aws_lb_controller_pod_identity.data.aws_iam_policy_document.lb_controller[0]: Reading...
module.aws_lb_controller_pod_identity.aws_iam_role.this[0]: Refreshing state... [id=student206-aws-lbc-20260723140829216100000005]
module.ebs_csi_pod_identity.data.aws_iam_policy_document.ebs_csi[0]: Read complete after 0s [id=522466792]
module.ebs_csi_pod_identity.aws_iam_policy.ebs_csi[0]: Refreshing state... [id=arn:aws:iam::783241407859:policy/AmazonEKS_EBS_CSI-20260723140829202000000002]
module.eks.data.aws_caller_identity.current[0]: Read complete after 0s [id=783241407859]
module.eks.data.aws_iam_session_context.current[0]: Reading...
module.eks.data.aws_iam_session_context.current[0]: Read complete after 0s [id=arn:aws:iam::783241407859:user/nwuser]
module.aws_lb_controller_pod_identity.data.aws_iam_policy_document.lb_controller[0]: Read complete after 0s [id=1541424006]
module.aws_lb_controller_pod_identity.aws_iam_policy.lb_controller[0]: Refreshing state... [id=arn:aws:iam::783241407859:policy/AmazonEKS_LoadBalancerController-20260723140829333500000008]
module.eks.module.eks_managed_node_group["default"].aws_iam_role_policy_attachment.this["AmazonEKS_CNI_Policy"]: Refreshing state... [id=default-eks-node-group-20260723140829202500000003/arn:aws:iam::aws:policy/AmazonEKS_CNI_Policy]
module.eks.module.eks_managed_node_group["default"].aws_iam_role_policy_attachment.this["AmazonEC2ContainerRegistryReadOnly"]: Refreshing state... [id=default-eks-node-group-20260723140829202500000003/arn:aws:iam::aws:policy/AmazonEC2ContainerRegistryReadOnly]
module.eks.module.eks_managed_node_group["default"].aws_iam_role_policy_attachment.this["AmazonEKSWorkerNodePolicy"]: Refreshing state... [id=default-eks-node-group-20260723140829202500000003/arn:aws:iam::aws:policy/AmazonEKSWorkerNodePolicy]
module.eks.aws_iam_role_policy_attachment.this["AmazonEKSClusterPolicy"]: Refreshing state... [id=student206-cluster-20260723140829200900000001/arn:aws:iam::aws:policy/AmazonEKSClusterPolicy]
module.ebs_csi_pod_identity.aws_iam_role_policy_attachment.ebs_csi[0]: Refreshing state... [id=student206-ebs-csi-20260723140829215600000004/arn:aws:iam::783241407859:policy/AmazonEKS_EBS_CSI-20260723140829202000000002]
module.eks.module.kms.data.aws_iam_policy_document.this[0]: Reading...
module.eks.module.kms.data.aws_iam_policy_document.this[0]: Read complete after 0s [id=1709377888]
module.eks.module.kms.aws_kms_key.this[0]: Refreshing state... [id=985960df-0e1d-4c27-a7e0-13f05b669fe0]
module.aws_lb_controller_pod_identity.aws_iam_role_policy_attachment.lb_controller[0]: Refreshing state... [id=student206-aws-lbc-20260723140829216100000005/arn:aws:iam::783241407859:policy/AmazonEKS_LoadBalancerController-20260723140829333500000008]
module.eks.aws_security_group_rule.node["ingress_cluster_10251_webhook"]: Refreshing state... [id=sgrule-3340794523]
module.eks.aws_security_group_rule.node["ingress_self_coredns_udp"]: Refreshing state... [id=sgrule-4087572269]
module.eks.aws_security_group_rule.node["ingress_cluster_443"]: Refreshing state... [id=sgrule-3124614963]
module.eks.aws_security_group_rule.node["ingress_self_coredns_tcp"]: Refreshing state... [id=sgrule-1476183234]
module.eks.aws_security_group_rule.node["ingress_cluster_4443_webhook"]: Refreshing state... [id=sgrule-2812015768]
module.eks.aws_security_group_rule.node["egress_all"]: Refreshing state... [id=sgrule-1735064512]
module.eks.aws_security_group_rule.node["ingress_cluster_9443_webhook"]: Refreshing state... [id=sgrule-421829860]
module.eks.aws_security_group_rule.node["ingress_nodes_ephemeral"]: Refreshing state... [id=sgrule-3783798663]
module.eks.aws_security_group_rule.node["ingress_cluster_6443_webhook"]: Refreshing state... [id=sgrule-1859752718]
module.eks.aws_security_group_rule.node["ingress_cluster_kubelet"]: Refreshing state... [id=sgrule-4083755744]
module.eks.aws_security_group_rule.node["ingress_cluster_8443_webhook"]: Refreshing state... [id=sgrule-2105913135]
module.eks.aws_security_group_rule.cluster["ingress_nodes_443"]: Refreshing state... [id=sgrule-4074166662]
module.eks.module.kms.aws_kms_alias.this["cluster"]: Refreshing state... [id=alias/eks/student206]
module.eks.aws_iam_policy.cluster_encryption[0]: Refreshing state... [id=arn:aws:iam::783241407859:policy/student206-cluster-ClusterEncryption20260723140852707300000009]
module.eks.aws_iam_role_policy_attachment.cluster_encryption[0]: Refreshing state... [id=student206-cluster-20260723140829200900000001/arn:aws:iam::783241407859:policy/student206-cluster-ClusterEncryption20260723140852707300000009]
module.eks.aws_eks_cluster.this[0]: Refreshing state... [id=student206]
module.eks.data.aws_eks_addon_version.this["kube-proxy"]: Reading...
module.eks.data.aws_eks_addon_version.this["vpc-cni"]: Reading...
module.eks.aws_eks_access_entry.this["cluster_creator"]: Refreshing state... [id=student206:arn:aws:iam::783241407859:user/nwuser]
module.eks.data.aws_eks_addon_version.this["coredns"]: Reading...
module.eks.data.aws_eks_addon_version.this["eks-pod-identity-agent"]: Reading...
module.eks.data.aws_eks_addon_version.this["aws-ebs-csi-driver"]: Reading...
module.eks.time_sleep.this[0]: Refreshing state... [id=2026-07-23T14:19:00Z]
module.eks.module.eks_managed_node_group["default"].module.user_data.null_resource.validate_cluster_service_cidr: Refreshing state... [id=3941205051716133348]
module.eks.module.eks_managed_node_group["default"].data.aws_ssm_parameter.ami[0]: Reading...
module.eks.module.eks_managed_node_group["default"].module.user_data.data.cloudinit_config.al2023_eks_managed_node_group[0]: Reading...
module.eks.module.eks_managed_node_group["default"].module.user_data.data.cloudinit_config.al2023_eks_managed_node_group[0]: Read complete after 0s [id=140799688]
module.eks.data.aws_eks_addon_version.this["kube-proxy"]: Read complete after 0s [id=kube-proxy]
module.eks.data.aws_eks_addon_version.this["eks-pod-identity-agent"]: Read complete after 0s [id=eks-pod-identity-agent]
module.eks.data.aws_eks_addon_version.this["coredns"]: Read complete after 0s [id=coredns]
module.eks.data.aws_eks_addon_version.this["vpc-cni"]: Read complete after 0s [id=vpc-cni]
module.eks.data.aws_eks_addon_version.this["aws-ebs-csi-driver"]: Read complete after 0s [id=aws-ebs-csi-driver]
module.eks.aws_eks_addon.before_compute["vpc-cni"]: Refreshing state... [id=student206:vpc-cni]
module.eks.aws_eks_addon.before_compute["kube-proxy"]: Refreshing state... [id=student206:kube-proxy]
module.eks.module.eks_managed_node_group["default"].aws_launch_template.this[0]: Refreshing state... [id=lt-0975a0055752012fb]
module.eks.aws_eks_access_policy_association.this["cluster_creator_admin"]: Refreshing state... [id=student206#arn:aws:iam::783241407859:user/nwuser#arn:aws:eks::aws:cluster-access-policy/AmazonEKSClusterAdminPolicy]
module.eks.module.eks_managed_node_group["default"].data.aws_ssm_parameter.ami[0]: Read complete after 1s [id=/aws/service/eks/optimized-ami/1.35/amazon-linux-2023/x86_64/standard/recommended/release_version]
module.eks.module.eks_managed_node_group["default"].aws_eks_node_group.this[0]: Refreshing state... [id=student206:default-2026072314190684200000000f]
module.aws_lb_controller_pod_identity.aws_eks_pod_identity_association.this["main"]: Refreshing state... [id=a-bd7maq7ewgdzsjcwg]
module.eks.aws_eks_addon.this["aws-ebs-csi-driver"]: Refreshing state... [id=student206:aws-ebs-csi-driver]
module.eks.aws_eks_addon.this["eks-pod-identity-agent"]: Refreshing state... [id=student206:eks-pod-identity-agent]
module.eks.aws_eks_addon.this["coredns"]: Refreshing state... [id=student206:coredns]

No changes. Your infrastructure matches the configuration.

Terraform has compared your real infrastructure against your configuration
and found no differences, so no changes are needed.

Apply complete! Resources: 0 added, 0 changed, 0 destroyed.

Outputs:

cluster_name = "student206"
kubeconfig_command = "aws eks update-kubeconfig --name student206 --region us-west-2 --profile aws1-student34 --kubeconfig /tmp/student206.kubeconfig"
