
Warning: Deprecated flag: -state

Use the "path" attribute within the "local" backend to specify a file for
state storage
module.aws_lb_controller_pod_identity.data.aws_partition.current: Reading...
module.eks.data.aws_iam_policy_document.assume_role_policy[0]: Reading...
module.eks.module.kms.data.aws_caller_identity.current[0]: Reading...
module.aws_lb_controller_pod_identity.data.aws_iam_policy_document.assume[0]: Reading...
module.ebs_csi_pod_identity.data.aws_partition.current: Reading...
module.eks.data.aws_iam_policy_document.assume_role_policy[0]: Read complete after 0s [id=2830595799]
module.eks.module.kms.data.aws_partition.current[0]: Reading...
module.eks.data.aws_partition.current[0]: Reading...
module.eks.module.eks_managed_node_group["default"].data.aws_iam_policy_document.assume_role_policy[0]: Reading...
module.aws_lb_controller_pod_identity.data.aws_partition.current: Read complete after 0s [id=aws]
module.ebs_csi_pod_identity.data.aws_iam_policy_document.assume[0]: Reading...
module.ebs_csi_pod_identity.data.aws_partition.current: Read complete after 0s [id=aws]
module.aws_lb_controller_pod_identity.data.aws_iam_policy_document.assume[0]: Read complete after 0s [id=819195744]
module.eks.module.kms.data.aws_partition.current[0]: Read complete after 0s [id=aws]
module.ebs_csi_pod_identity.data.aws_iam_policy_document.base[0]: Reading...
module.eks.data.aws_caller_identity.current[0]: Reading...
module.eks.data.aws_partition.current[0]: Read complete after 0s [id=aws]
module.ebs_csi_pod_identity.data.aws_iam_policy_document.base[0]: Read complete after 0s [id=1132004489]
module.aws_lb_controller_pod_identity.data.aws_iam_policy_document.base[0]: Reading...
module.eks.module.eks_managed_node_group["default"].data.aws_iam_policy_document.assume_role_policy[0]: Read complete after 0s [id=2560088296]
module.ebs_csi_pod_identity.data.aws_iam_policy_document.assume[0]: Read complete after 0s [id=819195744]
module.ebs_csi_pod_identity.data.aws_iam_policy_document.ebs_csi[0]: Reading...
module.aws_lb_controller_pod_identity.data.aws_iam_policy_document.base[0]: Read complete after 0s [id=1132004489]
module.ebs_csi_pod_identity.data.aws_iam_policy_document.ebs_csi[0]: Read complete after 0s [id=522466792]
module.eks.module.kms.data.aws_caller_identity.current[0]: Read complete after 0s [id=783241407859]
module.aws_lb_controller_pod_identity.data.aws_iam_policy_document.lb_controller[0]: Reading...
module.aws_lb_controller_pod_identity.data.aws_iam_policy_document.lb_controller[0]: Read complete after 0s [id=1541424006]
module.eks.data.aws_caller_identity.current[0]: Read complete after 0s [id=783241407859]
module.eks.data.aws_iam_session_context.current[0]: Reading...
module.eks.data.aws_iam_session_context.current[0]: Read complete after 0s [id=arn:aws:iam::783241407859:user/nwuser]
module.eks.module.eks_managed_node_group["default"].module.user_data.data.cloudinit_config.al2023_eks_managed_node_group[0]: Reading...
module.eks.module.eks_managed_node_group["default"].data.aws_ssm_parameter.ami[0]: Reading...
module.eks.module.eks_managed_node_group["default"].module.user_data.data.cloudinit_config.al2023_eks_managed_node_group[0]: Read complete after 1s [id=140799688]
module.eks.module.eks_managed_node_group["default"].data.aws_ssm_parameter.ami[0]: Read complete after 1s [id=/aws/service/eks/optimized-ami/1.35/amazon-linux-2023/x86_64/standard/recommended/release_version]

Terraform used the selected providers to generate the following execution
plan. Resource actions are indicated with the following symbols:
  + create
 <= read (data resources)

Terraform will perform the following actions:

  # module.aws_lb_controller_pod_identity.aws_eks_pod_identity_association.this["main"] will be created
  + resource "aws_eks_pod_identity_association" "this" {
      + association_arn      = (known after apply)
      + association_id       = (known after apply)
      + cluster_name         = "student211"
      + disable_session_tags = false
      + external_id          = (known after apply)
      + id                   = (known after apply)
      + namespace            = "kube-system"
      + region               = "us-west-2"
      + role_arn             = (known after apply)
      + service_account      = "aws-load-balancer-controller"
      + tags                 = {}
      + tags_all             = {
          + "ManagedBy" = "terraform"
          + "Project"   = "packt-agentic-devops"
          + "Purpose"   = "student-cluster"
          + "Student"   = "student211"
          + "Workshop"  = "packt"
        }
    }

  # module.aws_lb_controller_pod_identity.aws_iam_policy.lb_controller[0] will be created
  + resource "aws_iam_policy" "lb_controller" {
      + arn              = (known after apply)
      + attachment_count = (known after apply)
      + description      = "Permissions for AWS Load Balancer Controller"
      + id               = (known after apply)
      + name             = (known after apply)
      + name_prefix      = "AmazonEKS_LoadBalancerController-"
      + path             = "/"
      + policy           = jsonencode(
            {
              + Statement = [
                  + {
                      + Action    = "iam:CreateServiceLinkedRole"
                      + Condition = {
                          + StringEquals = {
                              + "iam:AWSServiceName" = "elasticloadbalancing.amazonaws.com"
                            }
                        }
                      + Effect    = "Allow"
                      + Resource  = "*"
                    },
                  + {
                      + Action   = [
                          + "elasticloadbalancing:DescribeTrustStores",
                          + "elasticloadbalancing:DescribeTargetHealth",
                          + "elasticloadbalancing:DescribeTargetGroups",
                          + "elasticloadbalancing:DescribeTargetGroupAttributes",
                          + "elasticloadbalancing:DescribeTags",
                          + "elasticloadbalancing:DescribeSSLPolicies",
                          + "elasticloadbalancing:DescribeRules",
                          + "elasticloadbalancing:DescribeLoadBalancers",
                          + "elasticloadbalancing:DescribeLoadBalancerAttributes",
                          + "elasticloadbalancing:DescribeListeners",
                          + "elasticloadbalancing:DescribeListenerCertificates",
                          + "elasticloadbalancing:DescribeListenerAttributes",
                          + "elasticloadbalancing:DescribeCapacityReservation",
                          + "ec2:GetSecurityGroupsForVpc",
                          + "ec2:GetCoipPoolUsage",
                          + "ec2:DescribeVpcs",
                          + "ec2:DescribeVpcPeeringConnections",
                          + "ec2:DescribeTags",
                          + "ec2:DescribeSubnets",
                          + "ec2:DescribeSecurityGroups",
                          + "ec2:DescribeRouteTables",
                          + "ec2:DescribeNetworkInterfaces",
                          + "ec2:DescribeIpamPools",
                          + "ec2:DescribeInternetGateways",
                          + "ec2:DescribeInstances",
                          + "ec2:DescribeCoipPools",
                          + "ec2:DescribeAvailabilityZones",
                          + "ec2:DescribeAddresses",
                          + "ec2:DescribeAccountAttributes",
                        ]
                      + Effect   = "Allow"
                      + Resource = "*"
                    },
                  + {
                      + Action   = [
                          + "wafv2:GetWebACLForResource",
                          + "wafv2:GetWebACL",
                          + "wafv2:DisassociateWebACL",
                          + "wafv2:AssociateWebACL",
                          + "waf-regional:GetWebACLForResource",
                          + "waf-regional:GetWebACL",
                          + "waf-regional:DisassociateWebACL",
                          + "waf-regional:AssociateWebACL",
                          + "shield:GetSubscriptionState",
                          + "shield:DescribeProtection",
                          + "shield:DeleteProtection",
                          + "shield:CreateProtection",
                          + "iam:ListServerCertificates",
                          + "iam:GetServerCertificate",
                          + "cognito-idp:DescribeUserPoolClient",
                          + "acm:ListCertificates",
                          + "acm:DescribeCertificate",
                        ]
                      + Effect   = "Allow"
                      + Resource = "*"
                    },
                  + {
                      + Action   = [
                          + "ec2:RevokeSecurityGroupIngress",
                          + "ec2:AuthorizeSecurityGroupIngress",
                        ]
                      + Effect   = "Allow"
                      + Resource = "*"
                    },
                  + {
                      + Action   = "ec2:CreateSecurityGroup"
                      + Effect   = "Allow"
                      + Resource = "*"
                    },
                  + {
                      + Action    = "ec2:CreateTags"
                      + Condition = {
                          + Null         = {
                              + "aws:RequestTag/elbv2.k8s.aws/cluster" = "false"
                            }
                          + StringEquals = {
                              + "ec2:CreateAction" = "CreateSecurityGroup"
                            }
                        }
                      + Effect    = "Allow"
                      + Resource  = "arn:aws:ec2:*:*:security-group/*"
                    },
                  + {
                      + Action    = [
                          + "ec2:DeleteTags",
                          + "ec2:CreateTags",
                        ]
                      + Condition = {
                          + Null = {
                              + "aws:RequestTag/elbv2.k8s.aws/cluster"  = "true"
                              + "aws:ResourceTag/elbv2.k8s.aws/cluster" = "false"
                            }
                        }
                      + Effect    = "Allow"
                      + Resource  = "arn:aws:ec2:*:*:security-group/*"
                    },
                  + {
                      + Action    = [
                          + "ec2:RevokeSecurityGroupIngress",
                          + "ec2:DeleteSecurityGroup",
                          + "ec2:AuthorizeSecurityGroupIngress",
                        ]
                      + Condition = {
                          + Null = {
                              + "aws:ResourceTag/elbv2.k8s.aws/cluster" = "false"
                            }
                        }
                      + Effect    = "Allow"
                      + Resource  = "*"
                    },
                  + {
                      + Action    = [
                          + "elasticloadbalancing:CreateTargetGroup",
                          + "elasticloadbalancing:CreateLoadBalancer",
                        ]
                      + Condition = {
                          + Null = {
                              + "aws:RequestTag/elbv2.k8s.aws/cluster" = "false"
                            }
                        }
                      + Effect    = "Allow"
                      + Resource  = "*"
                    },
                  + {
                      + Action   = [
                          + "elasticloadbalancing:DeleteRule",
                          + "elasticloadbalancing:DeleteListener",
                          + "elasticloadbalancing:CreateRule",
                          + "elasticloadbalancing:CreateListener",
                        ]
                      + Effect   = "Allow"
                      + Resource = "*"
                    },
                  + {
                      + Action    = [
                          + "elasticloadbalancing:RemoveTags",
                          + "elasticloadbalancing:AddTags",
                        ]
                      + Condition = {
                          + Null = {
                              + "aws:RequestTag/elbv2.k8s.aws/cluster"  = "true"
                              + "aws:ResourceTag/elbv2.k8s.aws/cluster" = "false"
                            }
                        }
                      + Effect    = "Allow"
                      + Resource  = [
                          + "arn:aws:elasticloadbalancing:*:*:targetgroup/*/*",
                          + "arn:aws:elasticloadbalancing:*:*:loadbalancer/net/*/*",
                          + "arn:aws:elasticloadbalancing:*:*:loadbalancer/app/*/*",
                        ]
                    },
                  + {
                      + Action   = [
                          + "elasticloadbalancing:RemoveTags",
                          + "elasticloadbalancing:AddTags",
                        ]
                      + Effect   = "Allow"
                      + Resource = [
                          + "arn:aws:elasticloadbalancing:*:*:listener/net/*/*/*",
                          + "arn:aws:elasticloadbalancing:*:*:listener/app/*/*/*",
                          + "arn:aws:elasticloadbalancing:*:*:listener-rule/net/*/*/*",
                          + "arn:aws:elasticloadbalancing:*:*:listener-rule/app/*/*/*",
                        ]
                    },
                  + {
                      + Action    = [
                          + "elasticloadbalancing:SetSubnets",
                          + "elasticloadbalancing:SetSecurityGroups",
                          + "elasticloadbalancing:SetIpAddressType",
                          + "elasticloadbalancing:ModifyTargetGroupAttributes",
                          + "elasticloadbalancing:ModifyTargetGroup",
                          + "elasticloadbalancing:ModifyLoadBalancerAttributes",
                          + "elasticloadbalancing:ModifyListenerAttributes",
                          + "elasticloadbalancing:ModifyIpPools",
                          + "elasticloadbalancing:ModifyCapacityReservation",
                          + "elasticloadbalancing:DeleteTargetGroup",
                          + "elasticloadbalancing:DeleteLoadBalancer",
                        ]
                      + Condition = {
                          + Null = {
                              + "aws:ResourceTag/elbv2.k8s.aws/cluster" = "false"
                            }
                        }
                      + Effect    = "Allow"
                      + Resource  = "*"
                    },
                  + {
                      + Action    = "elasticloadbalancing:AddTags"
                      + Condition = {
                          + Null         = {
                              + "aws:RequestTag/elbv2.k8s.aws/cluster" = "false"
                            }
                          + StringEquals = {
                              + "elasticloadbalancing:CreateAction" = [
                                  + "CreateTargetGroup",
                                  + "CreateLoadBalancer",
                                ]
                            }
                        }
                      + Effect    = "Allow"
                      + Resource  = [
                          + "arn:aws:elasticloadbalancing:*:*:targetgroup/*/*",
                          + "arn:aws:elasticloadbalancing:*:*:loadbalancer/net/*/*",
                          + "arn:aws:elasticloadbalancing:*:*:loadbalancer/app/*/*",
                        ]
                    },
                  + {
                      + Action   = [
                          + "elasticloadbalancing:RegisterTargets",
                          + "elasticloadbalancing:DeregisterTargets",
                        ]
                      + Effect   = "Allow"
                      + Resource = "arn:aws:elasticloadbalancing:*:*:targetgroup/*/*"
                    },
                  + {
                      + Action   = [
                          + "elasticloadbalancing:SetWebAcl",
                          + "elasticloadbalancing:SetRulePriorities",
                          + "elasticloadbalancing:RemoveListenerCertificates",
                          + "elasticloadbalancing:ModifyRule",
                          + "elasticloadbalancing:ModifyListener",
                          + "elasticloadbalancing:AddListenerCertificates",
                        ]
                      + Effect   = "Allow"
                      + Resource = "*"
                    },
                ]
              + Version   = "2012-10-17"
            }
        )
      + policy_id        = (known after apply)
      + tags_all         = {
          + "ManagedBy" = "terraform"
          + "Project"   = "packt-agentic-devops"
          + "Purpose"   = "student-cluster"
          + "Student"   = "student211"
          + "Workshop"  = "packt"
        }
    }

  # module.aws_lb_controller_pod_identity.aws_iam_role.this[0] will be created
  + resource "aws_iam_role" "this" {
      + arn                   = (known after apply)
      + assume_role_policy    = jsonencode(
            {
              + Statement = [
                  + {
                      + Action    = [
                          + "sts:TagSession",
                          + "sts:AssumeRole",
                        ]
                      + Effect    = "Allow"
                      + Principal = {
                          + Service = "pods.eks.amazonaws.com"
                        }
                    },
                ]
              + Version   = "2012-10-17"
            }
        )
      + create_date           = (known after apply)
      + force_detach_policies = true
      + id                    = (known after apply)
      + managed_policy_arns   = (known after apply)
      + max_session_duration  = 3600
      + name                  = (known after apply)
      + name_prefix           = "student211-aws-lbc-"
      + path                  = "/"
      + tags_all              = {
          + "ManagedBy" = "terraform"
          + "Project"   = "packt-agentic-devops"
          + "Purpose"   = "student-cluster"
          + "Student"   = "student211"
          + "Workshop"  = "packt"
        }
      + unique_id             = (known after apply)

      + inline_policy (known after apply)
    }

  # module.aws_lb_controller_pod_identity.aws_iam_role_policy_attachment.lb_controller[0] will be created
  + resource "aws_iam_role_policy_attachment" "lb_controller" {
      + id         = (known after apply)
      + policy_arn = (known after apply)
      + role       = (known after apply)
    }

  # module.ebs_csi_pod_identity.aws_iam_policy.ebs_csi[0] will be created
  + resource "aws_iam_policy" "ebs_csi" {
      + arn              = (known after apply)
      + attachment_count = (known after apply)
      + description      = "Permissions to manage EBS volumes via the container storage interface (CSI) driver"
      + id               = (known after apply)
      + name             = (known after apply)
      + name_prefix      = "AmazonEKS_EBS_CSI-"
      + path             = "/"
      + policy           = jsonencode(
            {
              + Statement = [
                  + {
                      + Action   = [
                          + "ec2:ModifyVolume",
                          + "ec2:EnableFastSnapshotRestores",
                          + "ec2:DetachVolume",
                          + "ec2:DescribeVolumesModifications",
                          + "ec2:DescribeVolumes",
                          + "ec2:DescribeTags",
                          + "ec2:DescribeSnapshots",
                          + "ec2:DescribeInstances",
                          + "ec2:DescribeAvailabilityZones",
                          + "ec2:CreateSnapshot",
                          + "ec2:AttachVolume",
                        ]
                      + Effect   = "Allow"
                      + Resource = "*"
                    },
                  + {
                      + Action    = "ec2:CreateTags"
                      + Condition = {
                          + StringEquals = {
                              + "ec2:CreateAction" = [
                                  + "CreateVolume",
                                  + "CreateSnapshot",
                                ]
                            }
                        }
                      + Effect    = "Allow"
                      + Resource  = [
                          + "arn:aws:ec2:*:*:volume/*",
                          + "arn:aws:ec2:*:*:snapshot/*",
                        ]
                    },
                  + {
                      + Action   = "ec2:DeleteTags"
                      + Effect   = "Allow"
                      + Resource = [
                          + "arn:aws:ec2:*:*:volume/*",
                          + "arn:aws:ec2:*:*:snapshot/*",
                        ]
                    },
                  + {
                      + Action    = "ec2:CreateVolume"
                      + Condition = {
                          + StringLike = {
                              + "aws:RequestTag/ebs.csi.aws.com/cluster" = "true"
                            }
                        }
                      + Effect    = "Allow"
                      + Resource  = "arn:aws:ec2:*:*:volume/*"
                    },
                  + {
                      + Action    = "ec2:CreateVolume"
                      + Condition = {
                          + StringLike = {
                              + "aws:RequestTag/CSIVolumeName" = "*"
                            }
                        }
                      + Effect    = "Allow"
                      + Resource  = "arn:aws:ec2:*:*:volume/*"
                    },
                  + {
                      + Action   = "ec2:CreateVolume"
                      + Effect   = "Allow"
                      + Resource = "arn:aws:ec2:*:*:snapshot/*"
                    },
                  + {
                      + Action    = "ec2:DeleteVolume"
                      + Condition = {
                          + StringLike = {
                              + "ec2:ResourceTag/ebs.csi.aws.com/cluster" = "true"
                            }
                        }
                      + Effect    = "Allow"
                      + Resource  = "*"
                    },
                  + {
                      + Action    = "ec2:DeleteVolume"
                      + Condition = {
                          + StringLike = {
                              + "ec2:ResourceTag/CSIVolumeName" = "*"
                            }
                        }
                      + Effect    = "Allow"
                      + Resource  = "*"
                    },
                  + {
                      + Action    = "ec2:DeleteVolume"
                      + Condition = {
                          + StringLike = {
                              + "ec2:ResourceTag/kubernetes.io/created-for/pvc/name" = "*"
                            }
                        }
                      + Effect    = "Allow"
                      + Resource  = "*"
                    },
                  + {
                      + Action    = "ec2:DeleteSnapshot"
                      + Condition = {
                          + StringLike = {
                              + "ec2:ResourceTag/CSIVolumeSnapshotName" = "*"
                            }
                        }
                      + Effect    = "Allow"
                      + Resource  = "*"
                    },
                  + {
                      + Action    = "ec2:DeleteSnapshot"
                      + Condition = {
                          + StringLike = {
                              + "ec2:ResourceTag/ebs.csi.aws.com/cluster" = "true"
                            }
                        }
                      + Effect    = "Allow"
                      + Resource  = "*"
                    },
                ]
              + Version   = "2012-10-17"
            }
        )
      + policy_id        = (known after apply)
      + tags_all         = {
          + "ManagedBy" = "terraform"
          + "Project"   = "packt-agentic-devops"
          + "Purpose"   = "student-cluster"
          + "Student"   = "student211"
          + "Workshop"  = "packt"
        }
    }

  # module.ebs_csi_pod_identity.aws_iam_role.this[0] will be created
  + resource "aws_iam_role" "this" {
      + arn                   = (known after apply)
      + assume_role_policy    = jsonencode(
            {
              + Statement = [
                  + {
                      + Action    = [
                          + "sts:TagSession",
                          + "sts:AssumeRole",
                        ]
                      + Effect    = "Allow"
                      + Principal = {
                          + Service = "pods.eks.amazonaws.com"
                        }
                    },
                ]
              + Version   = "2012-10-17"
            }
        )
      + create_date           = (known after apply)
      + force_detach_policies = true
      + id                    = (known after apply)
      + managed_policy_arns   = (known after apply)
      + max_session_duration  = 3600
      + name                  = (known after apply)
      + name_prefix           = "student211-ebs-csi-"
      + path                  = "/"
      + tags_all              = {
          + "ManagedBy" = "terraform"
          + "Project"   = "packt-agentic-devops"
          + "Purpose"   = "student-cluster"
          + "Student"   = "student211"
          + "Workshop"  = "packt"
        }
      + unique_id             = (known after apply)

      + inline_policy (known after apply)
    }

  # module.ebs_csi_pod_identity.aws_iam_role_policy_attachment.ebs_csi[0] will be created
  + resource "aws_iam_role_policy_attachment" "ebs_csi" {
      + id         = (known after apply)
      + policy_arn = (known after apply)
      + role       = (known after apply)
    }

  # module.eks.data.aws_eks_addon_version.this["aws-ebs-csi-driver"] will be read during apply
  # (depends on a resource or a module with changes pending)
 <= data "aws_eks_addon_version" "this" {
      + addon_name         = "aws-ebs-csi-driver"
      + id                 = (known after apply)
      + kubernetes_version = "1.35"
      + most_recent        = true
      + region             = (known after apply)
      + version            = (known after apply)
    }

  # module.eks.data.aws_eks_addon_version.this["coredns"] will be read during apply
  # (depends on a resource or a module with changes pending)
 <= data "aws_eks_addon_version" "this" {
      + addon_name         = "coredns"
      + id                 = (known after apply)
      + kubernetes_version = "1.35"
      + most_recent        = true
      + region             = (known after apply)
      + version            = (known after apply)
    }

  # module.eks.data.aws_eks_addon_version.this["eks-pod-identity-agent"] will be read during apply
  # (depends on a resource or a module with changes pending)
 <= data "aws_eks_addon_version" "this" {
      + addon_name         = "eks-pod-identity-agent"
      + id                 = (known after apply)
      + kubernetes_version = "1.35"
      + most_recent        = true
      + region             = (known after apply)
      + version            = (known after apply)
    }

  # module.eks.data.aws_eks_addon_version.this["kube-proxy"] will be read during apply
  # (depends on a resource or a module with changes pending)
 <= data "aws_eks_addon_version" "this" {
      + addon_name         = "kube-proxy"
      + id                 = (known after apply)
      + kubernetes_version = "1.35"
      + most_recent        = true
      + region             = (known after apply)
      + version            = (known after apply)
    }

  # module.eks.data.aws_eks_addon_version.this["vpc-cni"] will be read during apply
  # (depends on a resource or a module with changes pending)
 <= data "aws_eks_addon_version" "this" {
      + addon_name         = "vpc-cni"
      + id                 = (known after apply)
      + kubernetes_version = "1.35"
      + most_recent        = true
      + region             = (known after apply)
      + version            = (known after apply)
    }

  # module.eks.aws_eks_access_entry.this["cluster_creator"] will be created
  + resource "aws_eks_access_entry" "this" {
      + access_entry_arn  = (known after apply)
      + cluster_name      = (known after apply)
      + created_at        = (known after apply)
      + id                = (known after apply)
      + kubernetes_groups = (known after apply)
      + modified_at       = (known after apply)
      + principal_arn     = "arn:aws:iam::783241407859:user/nwuser"
      + region            = "us-west-2"
      + tags_all          = {
          + "ManagedBy" = "terraform"
          + "Project"   = "packt-agentic-devops"
          + "Purpose"   = "student-cluster"
          + "Student"   = "student211"
          + "Workshop"  = "packt"
        }
      + type              = "STANDARD"
      + user_name         = (known after apply)
    }

  # module.eks.aws_eks_access_policy_association.this["cluster_creator_admin"] will be created
  + resource "aws_eks_access_policy_association" "this" {
      + associated_at = (known after apply)
      + cluster_name  = (known after apply)
      + id            = (known after apply)
      + modified_at   = (known after apply)
      + policy_arn    = "arn:aws:eks::aws:cluster-access-policy/AmazonEKSClusterAdminPolicy"
      + principal_arn = "arn:aws:iam::783241407859:user/nwuser"
      + region        = "us-west-2"

      + access_scope {
          + type = "cluster"
        }
    }

  # module.eks.aws_eks_addon.before_compute["kube-proxy"] will be created
  + resource "aws_eks_addon" "before_compute" {
      + addon_name                  = "kube-proxy"
      + addon_version               = (known after apply)
      + arn                         = (known after apply)
      + cluster_name                = (known after apply)
      + configuration_values        = (known after apply)
      + created_at                  = (known after apply)
      + id                          = (known after apply)
      + modified_at                 = (known after apply)
      + preserve                    = true
      + region                      = "us-west-2"
      + resolve_conflicts_on_create = "NONE"
      + resolve_conflicts_on_update = "OVERWRITE"
      + tags_all                    = {
          + "ManagedBy" = "terraform"
          + "Project"   = "packt-agentic-devops"
          + "Purpose"   = "student-cluster"
          + "Student"   = "student211"
          + "Workshop"  = "packt"
        }

      + namespace_config (known after apply)

      + timeouts {}
    }

  # module.eks.aws_eks_addon.before_compute["vpc-cni"] will be created
  + resource "aws_eks_addon" "before_compute" {
      + addon_name                  = "vpc-cni"
      + addon_version               = (known after apply)
      + arn                         = (known after apply)
      + cluster_name                = (known after apply)
      + configuration_values        = jsonencode(
            {
              + env = {
                  + ADDITIONAL_ENI_TAGS      = jsonencode(
                        {
                          + ManagedBy = "terraform"
                          + Project   = "packt-agentic-devops"
                          + Purpose   = "student-cluster"
                          + Student   = "student211"
                          + Workshop  = "packt"
                        }
                    )
                  + ENABLE_PREFIX_DELEGATION = "true"
                  + WARM_PREFIX_TARGET       = "1"
                }
            }
        )
      + created_at                  = (known after apply)
      + id                          = (known after apply)
      + modified_at                 = (known after apply)
      + preserve                    = true
      + region                      = "us-west-2"
      + resolve_conflicts_on_create = "NONE"
      + resolve_conflicts_on_update = "OVERWRITE"
      + tags_all                    = {
          + "ManagedBy" = "terraform"
          + "Project"   = "packt-agentic-devops"
          + "Purpose"   = "student-cluster"
          + "Student"   = "student211"
          + "Workshop"  = "packt"
        }

      + namespace_config (known after apply)

      + timeouts {}
    }

  # module.eks.aws_eks_addon.this["aws-ebs-csi-driver"] will be created
  + resource "aws_eks_addon" "this" {
      + addon_name                  = "aws-ebs-csi-driver"
      + addon_version               = (known after apply)
      + arn                         = (known after apply)
      + cluster_name                = (known after apply)
      + configuration_values        = (known after apply)
      + created_at                  = (known after apply)
      + id                          = (known after apply)
      + modified_at                 = (known after apply)
      + preserve                    = true
      + region                      = "us-west-2"
      + resolve_conflicts_on_create = "NONE"
      + resolve_conflicts_on_update = "OVERWRITE"
      + tags_all                    = {
          + "ManagedBy" = "terraform"
          + "Project"   = "packt-agentic-devops"
          + "Purpose"   = "student-cluster"
          + "Student"   = "student211"
          + "Workshop"  = "packt"
        }

      + namespace_config (known after apply)

      + pod_identity_association {
          + role_arn        = (known after apply)
          + service_account = "ebs-csi-controller-sa"
        }

      + timeouts {}
    }

  # module.eks.aws_eks_addon.this["coredns"] will be created
  + resource "aws_eks_addon" "this" {
      + addon_name                  = "coredns"
      + addon_version               = (known after apply)
      + arn                         = (known after apply)
      + cluster_name                = (known after apply)
      + configuration_values        = (known after apply)
      + created_at                  = (known after apply)
      + id                          = (known after apply)
      + modified_at                 = (known after apply)
      + preserve                    = true
      + region                      = "us-west-2"
      + resolve_conflicts_on_create = "NONE"
      + resolve_conflicts_on_update = "OVERWRITE"
      + tags_all                    = {
          + "ManagedBy" = "terraform"
          + "Project"   = "packt-agentic-devops"
          + "Purpose"   = "student-cluster"
          + "Student"   = "student211"
          + "Workshop"  = "packt"
        }

      + namespace_config (known after apply)

      + timeouts {}
    }

  # module.eks.aws_eks_addon.this["eks-pod-identity-agent"] will be created
  + resource "aws_eks_addon" "this" {
      + addon_name                  = "eks-pod-identity-agent"
      + addon_version               = (known after apply)
      + arn                         = (known after apply)
      + cluster_name                = (known after apply)
      + configuration_values        = (known after apply)
      + created_at                  = (known after apply)
      + id                          = (known after apply)
      + modified_at                 = (known after apply)
      + preserve                    = true
      + region                      = "us-west-2"
      + resolve_conflicts_on_create = "NONE"
      + resolve_conflicts_on_update = "OVERWRITE"
      + tags_all                    = {
          + "ManagedBy" = "terraform"
          + "Project"   = "packt-agentic-devops"
          + "Purpose"   = "student-cluster"
          + "Student"   = "student211"
          + "Workshop"  = "packt"
        }

      + namespace_config (known after apply)

      + timeouts {}
    }

  # module.eks.aws_eks_cluster.this[0] will be created
  + resource "aws_eks_cluster" "this" {
      + arn                           = (known after apply)
      + bootstrap_self_managed_addons = false
      + certificate_authority         = (known after apply)
      + cluster_id                    = (known after apply)
      + created_at                    = (known after apply)
      + deletion_protection           = (known after apply)
      + enabled_cluster_log_types     = [
          + "api",
          + "audit",
          + "authenticator",
        ]
      + endpoint                      = (known after apply)
      + id                            = (known after apply)
      + identity                      = (known after apply)
      + name                          = "student211"
      + platform_version              = (known after apply)
      + region                        = "us-west-2"
      + role_arn                      = (known after apply)
      + status                        = (known after apply)
      + tags_all                      = {
          + "ManagedBy" = "terraform"
          + "Project"   = "packt-agentic-devops"
          + "Purpose"   = "student-cluster"
          + "Student"   = "student211"
          + "Workshop"  = "packt"
        }
      + version                       = "1.35"

      + access_config {
          + authentication_mode                         = "API_AND_CONFIG_MAP"
          + bootstrap_cluster_creator_admin_permissions = false
        }

      + compute_config (known after apply)

      + control_plane_scaling_config (known after apply)

      + encryption_config {
          + resources = [
              + "secrets",
            ]

          + provider {
              + key_arn = (known after apply)
            }
        }

      + kubernetes_network_config {
          + ip_family         = "ipv4"
          + service_ipv4_cidr = (known after apply)
          + service_ipv6_cidr = (known after apply)

          + elastic_load_balancing (known after apply)
        }

      + storage_config (known after apply)

      + upgrade_policy (known after apply)

      + vpc_config {
          + cluster_security_group_id = (known after apply)
          + endpoint_private_access   = true
          + endpoint_public_access    = true
          + public_access_cidrs       = [
              + "0.0.0.0/0",
            ]
          + security_group_ids        = (known after apply)
          + subnet_ids                = [
              + "subnet-06beb609f0a4f6b17",
              + "subnet-09de4937d7ac0137d",
            ]
          + vpc_id                    = (known after apply)
        }
    }

  # module.eks.aws_iam_policy.cluster_encryption[0] will be created
  + resource "aws_iam_policy" "cluster_encryption" {
      + arn              = (known after apply)
      + attachment_count = (known after apply)
      + description      = "Cluster encryption policy to allow cluster role to utilize CMK provided"
      + id               = (known after apply)
      + name             = (known after apply)
      + name_prefix      = "student211-cluster-ClusterEncryption"
      + path             = "/"
      + policy           = (known after apply)
      + policy_id        = (known after apply)
      + tags_all         = {
          + "ManagedBy" = "terraform"
          + "Project"   = "packt-agentic-devops"
          + "Purpose"   = "student-cluster"
          + "Student"   = "student211"
          + "Workshop"  = "packt"
        }
    }

  # module.eks.aws_iam_role.this[0] will be created
  + resource "aws_iam_role" "this" {
      + arn                   = (known after apply)
      + assume_role_policy    = jsonencode(
            {
              + Statement = [
                  + {
                      + Action    = [
                          + "sts:TagSession",
                          + "sts:AssumeRole",
                        ]
                      + Effect    = "Allow"
                      + Principal = {
                          + Service = "eks.amazonaws.com"
                        }
                      + Sid       = "EKSClusterAssumeRole"
                    },
                ]
              + Version   = "2012-10-17"
            }
        )
      + create_date           = (known after apply)
      + force_detach_policies = true
      + id                    = (known after apply)
      + managed_policy_arns   = (known after apply)
      + max_session_duration  = 3600
      + name                  = (known after apply)
      + name_prefix           = "student211-cluster-"
      + path                  = "/"
      + tags_all              = {
          + "ManagedBy" = "terraform"
          + "Project"   = "packt-agentic-devops"
          + "Purpose"   = "student-cluster"
          + "Student"   = "student211"
          + "Workshop"  = "packt"
        }
      + unique_id             = (known after apply)

      + inline_policy (known after apply)
    }

  # module.eks.aws_iam_role_policy_attachment.cluster_encryption[0] will be created
  + resource "aws_iam_role_policy_attachment" "cluster_encryption" {
      + id         = (known after apply)
      + policy_arn = (known after apply)
      + role       = (known after apply)
    }

  # module.eks.aws_iam_role_policy_attachment.this["AmazonEKSClusterPolicy"] will be created
  + resource "aws_iam_role_policy_attachment" "this" {
      + id         = (known after apply)
      + policy_arn = "arn:aws:iam::aws:policy/AmazonEKSClusterPolicy"
      + role       = (known after apply)
    }

  # module.eks.aws_security_group.cluster[0] will be created
  + resource "aws_security_group" "cluster" {
      + arn                    = (known after apply)
      + description            = "EKS cluster security group"
      + egress                 = (known after apply)
      + id                     = (known after apply)
      + ingress                = (known after apply)
      + name                   = (known after apply)
      + name_prefix            = "student211-cluster-"
      + owner_id               = (known after apply)
      + region                 = "us-west-2"
      + revoke_rules_on_delete = false
      + tags                   = {
          + "Name" = "student211-cluster"
        }
      + tags_all               = {
          + "ManagedBy" = "terraform"
          + "Name"      = "student211-cluster"
          + "Project"   = "packt-agentic-devops"
          + "Purpose"   = "student-cluster"
          + "Student"   = "student211"
          + "Workshop"  = "packt"
        }
      + vpc_id                 = "vpc-0aa60e3fd079df7d1"
    }

  # module.eks.aws_security_group.node[0] will be created
  + resource "aws_security_group" "node" {
      + arn                    = (known after apply)
      + description            = "EKS node shared security group"
      + egress                 = (known after apply)
      + id                     = (known after apply)
      + ingress                = (known after apply)
      + name                   = (known after apply)
      + name_prefix            = "student211-node-"
      + owner_id               = (known after apply)
      + region                 = "us-west-2"
      + revoke_rules_on_delete = false
      + tags                   = {
          + "Name"                             = "student211-node"
          + "kubernetes.io/cluster/student211" = "owned"
        }
      + tags_all               = {
          + "ManagedBy"                        = "terraform"
          + "Name"                             = "student211-node"
          + "Project"                          = "packt-agentic-devops"
          + "Purpose"                          = "student-cluster"
          + "Student"                          = "student211"
          + "Workshop"                         = "packt"
          + "kubernetes.io/cluster/student211" = "owned"
        }
      + vpc_id                 = "vpc-0aa60e3fd079df7d1"
    }

  # module.eks.aws_security_group_rule.cluster["ingress_nodes_443"] will be created
  + resource "aws_security_group_rule" "cluster" {
      + description              = "Node groups to cluster API"
      + from_port                = 443
      + id                       = (known after apply)
      + protocol                 = "tcp"
      + region                   = "us-west-2"
      + security_group_id        = (known after apply)
      + security_group_rule_id   = (known after apply)
      + self                     = false
      + source_security_group_id = (known after apply)
      + to_port                  = 443
      + type                     = "ingress"
    }

  # module.eks.aws_security_group_rule.node["egress_all"] will be created
  + resource "aws_security_group_rule" "node" {
      + cidr_blocks              = [
          + "0.0.0.0/0",
        ]
      + description              = "Allow all egress"
      + from_port                = 0
      + id                       = (known after apply)
      + protocol                 = "-1"
      + region                   = "us-west-2"
      + security_group_id        = (known after apply)
      + security_group_rule_id   = (known after apply)
      + self                     = false
      + source_security_group_id = (known after apply)
      + to_port                  = 0
      + type                     = "egress"
    }

  # module.eks.aws_security_group_rule.node["ingress_cluster_10251_webhook"] will be created
  + resource "aws_security_group_rule" "node" {
      + description              = "Cluster API to node 10251/tcp webhook"
      + from_port                = 10251
      + id                       = (known after apply)
      + protocol                 = "tcp"
      + region                   = "us-west-2"
      + security_group_id        = (known after apply)
      + security_group_rule_id   = (known after apply)
      + self                     = false
      + source_security_group_id = (known after apply)
      + to_port                  = 10251
      + type                     = "ingress"
    }

  # module.eks.aws_security_group_rule.node["ingress_cluster_443"] will be created
  + resource "aws_security_group_rule" "node" {
      + description              = "Cluster API to node groups"
      + from_port                = 443
      + id                       = (known after apply)
      + protocol                 = "tcp"
      + region                   = "us-west-2"
      + security_group_id        = (known after apply)
      + security_group_rule_id   = (known after apply)
      + self                     = false
      + source_security_group_id = (known after apply)
      + to_port                  = 443
      + type                     = "ingress"
    }

  # module.eks.aws_security_group_rule.node["ingress_cluster_4443_webhook"] will be created
  + resource "aws_security_group_rule" "node" {
      + description              = "Cluster API to node 4443/tcp webhook"
      + from_port                = 4443
      + id                       = (known after apply)
      + protocol                 = "tcp"
      + region                   = "us-west-2"
      + security_group_id        = (known after apply)
      + security_group_rule_id   = (known after apply)
      + self                     = false
      + source_security_group_id = (known after apply)
      + to_port                  = 4443
      + type                     = "ingress"
    }

  # module.eks.aws_security_group_rule.node["ingress_cluster_6443_webhook"] will be created
  + resource "aws_security_group_rule" "node" {
      + description              = "Cluster API to node 6443/tcp webhook"
      + from_port                = 6443
      + id                       = (known after apply)
      + protocol                 = "tcp"
      + region                   = "us-west-2"
      + security_group_id        = (known after apply)
      + security_group_rule_id   = (known after apply)
      + self                     = false
      + source_security_group_id = (known after apply)
      + to_port                  = 6443
      + type                     = "ingress"
    }

  # module.eks.aws_security_group_rule.node["ingress_cluster_8443_webhook"] will be created
  + resource "aws_security_group_rule" "node" {
      + description              = "Cluster API to node 8443/tcp webhook"
      + from_port                = 8443
      + id                       = (known after apply)
      + protocol                 = "tcp"
      + region                   = "us-west-2"
      + security_group_id        = (known after apply)
      + security_group_rule_id   = (known after apply)
      + self                     = false
      + source_security_group_id = (known after apply)
      + to_port                  = 8443
      + type                     = "ingress"
    }

  # module.eks.aws_security_group_rule.node["ingress_cluster_9443_webhook"] will be created
  + resource "aws_security_group_rule" "node" {
      + description              = "Cluster API to node 9443/tcp webhook"
      + from_port                = 9443
      + id                       = (known after apply)
      + protocol                 = "tcp"
      + region                   = "us-west-2"
      + security_group_id        = (known after apply)
      + security_group_rule_id   = (known after apply)
      + self                     = false
      + source_security_group_id = (known after apply)
      + to_port                  = 9443
      + type                     = "ingress"
    }

  # module.eks.aws_security_group_rule.node["ingress_cluster_kubelet"] will be created
  + resource "aws_security_group_rule" "node" {
      + description              = "Cluster API to node kubelets"
      + from_port                = 10250
      + id                       = (known after apply)
      + protocol                 = "tcp"
      + region                   = "us-west-2"
      + security_group_id        = (known after apply)
      + security_group_rule_id   = (known after apply)
      + self                     = false
      + source_security_group_id = (known after apply)
      + to_port                  = 10250
      + type                     = "ingress"
    }

  # module.eks.aws_security_group_rule.node["ingress_nodes_ephemeral"] will be created
  + resource "aws_security_group_rule" "node" {
      + description              = "Node to node ingress on ephemeral ports"
      + from_port                = 1025
      + id                       = (known after apply)
      + protocol                 = "tcp"
      + region                   = "us-west-2"
      + security_group_id        = (known after apply)
      + security_group_rule_id   = (known after apply)
      + self                     = true
      + source_security_group_id = (known after apply)
      + to_port                  = 65535
      + type                     = "ingress"
    }

  # module.eks.aws_security_group_rule.node["ingress_self_coredns_tcp"] will be created
  + resource "aws_security_group_rule" "node" {
      + description              = "Node to node CoreDNS"
      + from_port                = 53
      + id                       = (known after apply)
      + protocol                 = "tcp"
      + region                   = "us-west-2"
      + security_group_id        = (known after apply)
      + security_group_rule_id   = (known after apply)
      + self                     = true
      + source_security_group_id = (known after apply)
      + to_port                  = 53
      + type                     = "ingress"
    }

  # module.eks.aws_security_group_rule.node["ingress_self_coredns_udp"] will be created
  + resource "aws_security_group_rule" "node" {
      + description              = "Node to node CoreDNS UDP"
      + from_port                = 53
      + id                       = (known after apply)
      + protocol                 = "udp"
      + region                   = "us-west-2"
      + security_group_id        = (known after apply)
      + security_group_rule_id   = (known after apply)
      + self                     = true
      + source_security_group_id = (known after apply)
      + to_port                  = 53
      + type                     = "ingress"
    }

  # module.eks.time_sleep.this[0] will be created
  + resource "time_sleep" "this" {
      + create_duration = "30s"
      + id              = (known after apply)
      + triggers        = {
          + "certificate_authority_data" = (known after apply)
          + "endpoint"                   = (known after apply)
          + "kubernetes_version"         = "1.35"
          + "name"                       = (known after apply)
          + "service_cidr"               = (known after apply)
        }
    }

  # module.eks.module.eks_managed_node_group["default"].aws_eks_node_group.this[0] will be created
  + resource "aws_eks_node_group" "this" {
      + ami_type               = "AL2023_x86_64_STANDARD"
      + arn                    = (known after apply)
      + capacity_type          = "ON_DEMAND"
      + cluster_name           = (known after apply)
      + disk_size              = (known after apply)
      + id                     = (known after apply)
      + instance_types         = [
          + "t3.2xlarge",
        ]
      + node_group_name        = (known after apply)
      + node_group_name_prefix = "default-"
      + node_role_arn          = (known after apply)
      + region                 = "us-west-2"
      + release_version        = "1.35.6-20260714"
      + resources              = (known after apply)
      + status                 = (known after apply)
      + subnet_ids             = [
          + "subnet-06beb609f0a4f6b17",
          + "subnet-09de4937d7ac0137d",
        ]
      + tags                   = {
          + "Name" = "default"
        }
      + tags_all               = {
          + "ManagedBy" = "terraform"
          + "Name"      = "default"
          + "Project"   = "packt-agentic-devops"
          + "Purpose"   = "student-cluster"
          + "Student"   = "student211"
          + "Workshop"  = "packt"
        }
      + version                = "1.35"

      + launch_template {
          + id      = (known after apply)
          + name    = (known after apply)
          + version = (known after apply)
        }

      + node_repair_config (known after apply)

      + scaling_config {
          + desired_size = 1
          + max_size     = 1
          + min_size     = 1
        }

      + update_config {
          + max_unavailable_percentage = 33
        }
    }

  # module.eks.module.eks_managed_node_group["default"].aws_iam_role.this[0] will be created
  + resource "aws_iam_role" "this" {
      + arn                   = (known after apply)
      + assume_role_policy    = jsonencode(
            {
              + Statement = [
                  + {
                      + Action    = "sts:AssumeRole"
                      + Effect    = "Allow"
                      + Principal = {
                          + Service = "ec2.amazonaws.com"
                        }
                      + Sid       = "EKSNodeAssumeRole"
                    },
                ]
              + Version   = "2012-10-17"
            }
        )
      + create_date           = (known after apply)
      + description           = "EKS managed node group IAM role"
      + force_detach_policies = true
      + id                    = (known after apply)
      + managed_policy_arns   = (known after apply)
      + max_session_duration  = 3600
      + name                  = (known after apply)
      + name_prefix           = "default-eks-node-group-"
      + path                  = "/"
      + tags_all              = {
          + "ManagedBy" = "terraform"
          + "Project"   = "packt-agentic-devops"
          + "Purpose"   = "student-cluster"
          + "Student"   = "student211"
          + "Workshop"  = "packt"
        }
      + unique_id             = (known after apply)

      + inline_policy (known after apply)
    }

  # module.eks.module.eks_managed_node_group["default"].aws_iam_role_policy_attachment.this["AmazonEC2ContainerRegistryReadOnly"] will be created
  + resource "aws_iam_role_policy_attachment" "this" {
      + id         = (known after apply)
      + policy_arn = "arn:aws:iam::aws:policy/AmazonEC2ContainerRegistryReadOnly"
      + role       = (known after apply)
    }

  # module.eks.module.eks_managed_node_group["default"].aws_iam_role_policy_attachment.this["AmazonEKSWorkerNodePolicy"] will be created
  + resource "aws_iam_role_policy_attachment" "this" {
      + id         = (known after apply)
      + policy_arn = "arn:aws:iam::aws:policy/AmazonEKSWorkerNodePolicy"
      + role       = (known after apply)
    }

  # module.eks.module.eks_managed_node_group["default"].aws_iam_role_policy_attachment.this["AmazonEKS_CNI_Policy"] will be created
  + resource "aws_iam_role_policy_attachment" "this" {
      + id         = (known after apply)
      + policy_arn = "arn:aws:iam::aws:policy/AmazonEKS_CNI_Policy"
      + role       = (known after apply)
    }

  # module.eks.module.eks_managed_node_group["default"].aws_launch_template.this[0] will be created
  + resource "aws_launch_template" "this" {
      + arn                    = (known after apply)
      + default_version        = (known after apply)
      + description            = "Custom launch template for default EKS managed node group"
      + id                     = (known after apply)
      + latest_version         = (known after apply)
      + name                   = (known after apply)
      + name_prefix            = "default-"
      + region                 = "us-west-2"
      + tags                   = {
          + "ManagedBy" = "terraform"
          + "Project"   = "packt-agentic-devops"
          + "Purpose"   = "student-cluster"
          + "Student"   = "student211"
          + "Workshop"  = "packt"
        }
      + tags_all               = {
          + "ManagedBy" = "terraform"
          + "Project"   = "packt-agentic-devops"
          + "Purpose"   = "student-cluster"
          + "Student"   = "student211"
          + "Workshop"  = "packt"
        }
      + update_default_version = true
      + user_data              = "Q29udGVudC1UeXBlOiBtdWx0aXBhcnQvbWl4ZWQ7IGJvdW5kYXJ5PSJNSU1FQk9VTkRBUlkiCk1JTUUtVmVyc2lvbjogMS4wDQoNCi0tTUlNRUJPVU5EQVJZDQpDb250ZW50LVRyYW5zZmVyLUVuY29kaW5nOiA3Yml0DQpDb250ZW50LVR5cGU6IGFwcGxpY2F0aW9uL25vZGUuZWtzLmF3cw0KTWltZS1WZXJzaW9uOiAxLjANCg0KYXBpVmVyc2lvbjogbm9kZS5la3MuYXdzL3YxYWxwaGExCmtpbmQ6IE5vZGVDb25maWcKc3BlYzoKICBrdWJlbGV0OgogICAgY29uZmlnOgogICAgICBtYXhQb2RzOiAxMTAKDQotLU1JTUVCT1VOREFSWS0tDQo="
      + vpc_security_group_ids = (known after apply)
        # (1 unchanged attribute hidden)

      + block_device_mappings {
          + device_name = "/dev/xvda"

          + ebs {
              + delete_on_termination      = "true"
              + encrypted                  = "true"
              + iops                       = (known after apply)
              + throughput                 = (known after apply)
              + volume_initialization_rate = (known after apply)
              + volume_size                = 50
              + volume_type                = "gp3"
            }
        }

      + metadata_options {
          + http_endpoint               = "enabled"
          + http_protocol_ipv6          = (known after apply)
          + http_put_response_hop_limit = 1
          + http_tokens                 = "required"
          + instance_metadata_tags      = (known after apply)
        }

      + tag_specifications {
          + resource_type = "instance"
          + tags          = {
              + "ManagedBy" = "terraform"
              + "Name"      = "default"
              + "Project"   = "packt-agentic-devops"
              + "Purpose"   = "student-cluster"
              + "Student"   = "student211"
              + "Workshop"  = "packt"
            }
        }
      + tag_specifications {
          + resource_type = "network-interface"
          + tags          = {
              + "ManagedBy" = "terraform"
              + "Name"      = "default"
              + "Project"   = "packt-agentic-devops"
              + "Purpose"   = "student-cluster"
              + "Student"   = "student211"
              + "Workshop"  = "packt"
            }
        }
      + tag_specifications {
          + resource_type = "volume"
          + tags          = {
              + "ManagedBy" = "terraform"
              + "Name"      = "default"
              + "Project"   = "packt-agentic-devops"
              + "Purpose"   = "student-cluster"
              + "Student"   = "student211"
              + "Workshop"  = "packt"
            }
        }
    }

  # module.eks.module.kms.data.aws_iam_policy_document.this[0] will be read during apply
  # (config refers to values not yet known)
 <= data "aws_iam_policy_document" "this" {
      + id                        = (known after apply)
      + json                      = (known after apply)
      + minified_json             = (known after apply)
      + override_policy_documents = []
      + source_policy_documents   = []

      + statement {
          + actions   = [
              + "kms:*",
            ]
          + resources = [
              + "*",
            ]
          + sid       = "Default"

          + principals {
              + identifiers = [
                  + "arn:aws:iam::783241407859:root",
                ]
              + type        = "AWS"
            }
        }
      + statement {
          + actions   = [
              + "kms:CancelKeyDeletion",
              + "kms:Create*",
              + "kms:Delete*",
              + "kms:Describe*",
              + "kms:Disable*",
              + "kms:Enable*",
              + "kms:Get*",
              + "kms:ImportKeyMaterial",
              + "kms:List*",
              + "kms:Put*",
              + "kms:ReplicateKey",
              + "kms:Revoke*",
              + "kms:ScheduleKeyDeletion",
              + "kms:TagResource",
              + "kms:UntagResource",
              + "kms:Update*",
            ]
          + resources = [
              + "*",
            ]
          + sid       = "KeyAdministration"

          + principals {
              + identifiers = [
                  + "arn:aws:iam::783241407859:user/nwuser",
                ]
              + type        = "AWS"
            }
        }
      + statement {
          + actions   = [
              + "kms:Decrypt",
              + "kms:DescribeKey",
              + "kms:Encrypt",
              + "kms:GenerateDataKey*",
              + "kms:ReEncrypt*",
            ]
          + resources = [
              + "*",
            ]
          + sid       = "KeyUsage"

          + principals {
              + identifiers = [
                  + (known after apply),
                ]
              + type        = "AWS"
            }
        }
    }

  # module.eks.module.kms.aws_kms_alias.this["cluster"] will be created
  + resource "aws_kms_alias" "this" {
      + arn            = (known after apply)
      + id             = (known after apply)
      + name           = "alias/eks/student211"
      + name_prefix    = (known after apply)
      + region         = "us-west-2"
      + target_key_arn = (known after apply)
      + target_key_id  = (known after apply)
    }

  # module.eks.module.kms.aws_kms_key.this[0] will be created
  + resource "aws_kms_key" "this" {
      + arn                                = (known after apply)
      + bypass_policy_lockout_safety_check = false
      + customer_master_key_spec           = "SYMMETRIC_DEFAULT"
      + description                        = "student211 cluster encryption key"
      + enable_key_rotation                = true
      + id                                 = (known after apply)
      + is_enabled                         = true
      + key_id                             = (known after apply)
      + key_usage                          = "ENCRYPT_DECRYPT"
      + multi_region                       = false
      + policy                             = (known after apply)
      + region                             = "us-west-2"
      + rotation_period_in_days            = (known after apply)
      + tags_all                           = {
          + "ManagedBy" = "terraform"
          + "Project"   = "packt-agentic-devops"
          + "Purpose"   = "student-cluster"
          + "Student"   = "student211"
          + "Workshop"  = "packt"
        }
    }

  # module.eks.module.eks_managed_node_group["default"].module.user_data.null_resource.validate_cluster_service_cidr will be created
  + resource "null_resource" "validate_cluster_service_cidr" {
      + id = (known after apply)
    }

Plan: 43 to add, 0 to change, 0 to destroy.

Changes to Outputs:
  + cluster_name       = "student211"
  + kubeconfig_command = "aws eks update-kubeconfig --name student211 --region us-west-2 --profile aws1-student34 --kubeconfig /tmp/student211.kubeconfig"
module.eks.aws_iam_role.this[0]: Creating...
module.ebs_csi_pod_identity.aws_iam_policy.ebs_csi[0]: Creating...
module.eks.aws_security_group.cluster[0]: Creating...
module.eks.module.eks_managed_node_group["default"].aws_iam_role.this[0]: Creating...
module.aws_lb_controller_pod_identity.aws_iam_policy.lb_controller[0]: Creating...
module.aws_lb_controller_pod_identity.aws_iam_role.this[0]: Creating...
module.ebs_csi_pod_identity.aws_iam_role.this[0]: Creating...
module.eks.aws_security_group.node[0]: Creating...
module.ebs_csi_pod_identity.aws_iam_policy.ebs_csi[0]: Creation complete after 0s [id=arn:aws:iam::783241407859:policy/AmazonEKS_EBS_CSI-20260723144157687700000002]
module.aws_lb_controller_pod_identity.aws_iam_policy.lb_controller[0]: Creation complete after 0s [id=arn:aws:iam::783241407859:policy/AmazonEKS_LoadBalancerController-20260723144157702700000005]
module.eks.aws_iam_role.this[0]: Creation complete after 0s [id=student211-cluster-20260723144157686500000001]
module.eks.module.eks_managed_node_group["default"].aws_iam_role.this[0]: Creation complete after 0s [id=default-eks-node-group-20260723144157689600000004]
module.ebs_csi_pod_identity.aws_iam_role.this[0]: Creation complete after 0s [id=student211-ebs-csi-20260723144157703100000006]
module.aws_lb_controller_pod_identity.aws_iam_role.this[0]: Creation complete after 0s [id=student211-aws-lbc-20260723144157703400000008]
module.eks.aws_iam_role_policy_attachment.this["AmazonEKSClusterPolicy"]: Creating...
module.eks.module.kms.data.aws_iam_policy_document.this[0]: Reading...
module.eks.module.eks_managed_node_group["default"].aws_iam_role_policy_attachment.this["AmazonEC2ContainerRegistryReadOnly"]: Creating...
module.aws_lb_controller_pod_identity.aws_iam_role_policy_attachment.lb_controller[0]: Creating...
module.ebs_csi_pod_identity.aws_iam_role_policy_attachment.ebs_csi[0]: Creating...
module.eks.module.eks_managed_node_group["default"].aws_iam_role_policy_attachment.this["AmazonEKSWorkerNodePolicy"]: Creating...
module.eks.module.kms.data.aws_iam_policy_document.this[0]: Read complete after 0s [id=531601770]
module.eks.module.eks_managed_node_group["default"].aws_iam_role_policy_attachment.this["AmazonEKS_CNI_Policy"]: Creating...
module.eks.module.kms.aws_kms_key.this[0]: Creating...
module.aws_lb_controller_pod_identity.aws_iam_role_policy_attachment.lb_controller[0]: Creation complete after 0s [id=student211-aws-lbc-20260723144157703400000008/arn:aws:iam::783241407859:policy/AmazonEKS_LoadBalancerController-20260723144157702700000005]
module.eks.aws_iam_role_policy_attachment.this["AmazonEKSClusterPolicy"]: Creation complete after 0s [id=student211-cluster-20260723144157686500000001/arn:aws:iam::aws:policy/AmazonEKSClusterPolicy]
module.eks.module.eks_managed_node_group["default"].aws_iam_role_policy_attachment.this["AmazonEKS_CNI_Policy"]: Creation complete after 0s [id=default-eks-node-group-20260723144157689600000004/arn:aws:iam::aws:policy/AmazonEKS_CNI_Policy]
module.eks.module.eks_managed_node_group["default"].aws_iam_role_policy_attachment.this["AmazonEC2ContainerRegistryReadOnly"]: Creation complete after 0s [id=default-eks-node-group-20260723144157689600000004/arn:aws:iam::aws:policy/AmazonEC2ContainerRegistryReadOnly]
module.ebs_csi_pod_identity.aws_iam_role_policy_attachment.ebs_csi[0]: Creation complete after 0s [id=student211-ebs-csi-20260723144157703100000006/arn:aws:iam::783241407859:policy/AmazonEKS_EBS_CSI-20260723144157687700000002]
module.eks.module.eks_managed_node_group["default"].aws_iam_role_policy_attachment.this["AmazonEKSWorkerNodePolicy"]: Creation complete after 0s [id=default-eks-node-group-20260723144157689600000004/arn:aws:iam::aws:policy/AmazonEKSWorkerNodePolicy]
module.eks.aws_security_group.cluster[0]: Creation complete after 2s [id=sg-0b3805171f5aea4b6]
module.eks.aws_security_group.node[0]: Creation complete after 3s [id=sg-0fd625cc5e1cdfb82]
module.eks.aws_security_group_rule.node["ingress_cluster_kubelet"]: Creating...
module.eks.aws_security_group_rule.node["ingress_cluster_9443_webhook"]: Creating...
module.eks.aws_security_group_rule.node["egress_all"]: Creating...
module.eks.aws_security_group_rule.node["ingress_nodes_ephemeral"]: Creating...
module.eks.aws_security_group_rule.node["ingress_cluster_8443_webhook"]: Creating...
module.eks.aws_security_group_rule.node["ingress_self_coredns_udp"]: Creating...
module.eks.aws_security_group_rule.cluster["ingress_nodes_443"]: Creating...
module.eks.aws_security_group_rule.node["ingress_cluster_6443_webhook"]: Creating...
module.eks.aws_security_group_rule.node["ingress_self_coredns_tcp"]: Creating...
module.eks.aws_security_group_rule.node["egress_all"]: Creation complete after 0s [id=sgrule-488909184]
module.eks.aws_security_group_rule.cluster["ingress_nodes_443"]: Creation complete after 0s [id=sgrule-550761275]
module.eks.aws_security_group_rule.node["ingress_cluster_443"]: Creating...
module.eks.aws_security_group_rule.node["ingress_cluster_10251_webhook"]: Creating...
module.eks.aws_security_group_rule.node["ingress_cluster_kubelet"]: Creation complete after 1s [id=sgrule-514605198]
module.eks.aws_security_group_rule.node["ingress_cluster_4443_webhook"]: Creating...
module.eks.aws_security_group_rule.node["ingress_cluster_8443_webhook"]: Creation complete after 2s [id=sgrule-152254370]
module.eks.aws_security_group_rule.node["ingress_cluster_9443_webhook"]: Creation complete after 2s [id=sgrule-1840383081]
module.eks.aws_security_group_rule.node["ingress_nodes_ephemeral"]: Creation complete after 3s [id=sgrule-1233973157]
module.eks.aws_security_group_rule.node["ingress_cluster_6443_webhook"]: Creation complete after 4s [id=sgrule-441387907]
module.eks.aws_security_group_rule.node["ingress_self_coredns_udp"]: Creation complete after 4s [id=sgrule-3374081764]
module.eks.aws_security_group_rule.node["ingress_self_coredns_tcp"]: Creation complete after 5s [id=sgrule-1833157899]
module.eks.aws_security_group_rule.node["ingress_cluster_443"]: Creation complete after 6s [id=sgrule-1747801920]
module.eks.aws_security_group_rule.node["ingress_cluster_10251_webhook"]: Creation complete after 7s [id=sgrule-719655157]
module.eks.module.kms.aws_kms_key.this[0]: Still creating... [00m10s elapsed]
module.eks.aws_security_group_rule.node["ingress_cluster_4443_webhook"]: Creation complete after 6s [id=sgrule-3540872213]
module.eks.module.kms.aws_kms_key.this[0]: Still creating... [00m20s elapsed]
module.eks.module.kms.aws_kms_key.this[0]: Creation complete after 22s [id=fb4a633f-355a-4353-93f4-3e6a63451391]
module.eks.module.kms.aws_kms_alias.this["cluster"]: Creating...
module.eks.aws_iam_policy.cluster_encryption[0]: Creating...
module.eks.aws_eks_cluster.this[0]: Creating...
module.eks.aws_iam_policy.cluster_encryption[0]: Creation complete after 1s [id=arn:aws:iam::783241407859:policy/student211-cluster-ClusterEncryption20260723144220367700000009]
module.eks.module.kms.aws_kms_alias.this["cluster"]: Creation complete after 1s [id=alias/eks/student211]
module.eks.aws_iam_role_policy_attachment.cluster_encryption[0]: Creating...
module.eks.aws_iam_role_policy_attachment.cluster_encryption[0]: Creation complete after 0s [id=student211-cluster-20260723144157686500000001/arn:aws:iam::783241407859:policy/student211-cluster-ClusterEncryption20260723144220367700000009]
module.eks.aws_eks_cluster.this[0]: Still creating... [00m10s elapsed]
module.eks.aws_eks_cluster.this[0]: Still creating... [00m20s elapsed]
module.eks.aws_eks_cluster.this[0]: Still creating... [00m30s elapsed]
module.eks.aws_eks_cluster.this[0]: Still creating... [00m40s elapsed]
module.eks.aws_eks_cluster.this[0]: Still creating... [00m50s elapsed]
module.eks.aws_eks_cluster.this[0]: Still creating... [01m00s elapsed]
module.eks.aws_eks_cluster.this[0]: Still creating... [01m10s elapsed]
module.eks.aws_eks_cluster.this[0]: Still creating... [01m20s elapsed]
module.eks.aws_eks_cluster.this[0]: Still creating... [01m30s elapsed]
module.eks.aws_eks_cluster.this[0]: Still creating... [01m40s elapsed]
module.eks.aws_eks_cluster.this[0]: Still creating... [01m50s elapsed]
module.eks.aws_eks_cluster.this[0]: Still creating... [02m00s elapsed]
module.eks.aws_eks_cluster.this[0]: Still creating... [02m10s elapsed]
module.eks.aws_eks_cluster.this[0]: Still creating... [02m20s elapsed]
module.eks.aws_eks_cluster.this[0]: Still creating... [02m30s elapsed]
module.eks.aws_eks_cluster.this[0]: Still creating... [02m40s elapsed]
module.eks.aws_eks_cluster.this[0]: Still creating... [02m50s elapsed]
module.eks.aws_eks_cluster.this[0]: Still creating... [03m00s elapsed]
module.eks.aws_eks_cluster.this[0]: Still creating... [03m10s elapsed]
module.eks.aws_eks_cluster.this[0]: Still creating... [03m20s elapsed]
module.eks.aws_eks_cluster.this[0]: Still creating... [03m30s elapsed]
module.eks.aws_eks_cluster.this[0]: Still creating... [03m40s elapsed]
module.eks.aws_eks_cluster.this[0]: Still creating... [03m50s elapsed]
module.eks.aws_eks_cluster.this[0]: Still creating... [04m00s elapsed]
module.eks.aws_eks_cluster.this[0]: Still creating... [04m10s elapsed]
module.eks.aws_eks_cluster.this[0]: Still creating... [04m20s elapsed]
module.eks.aws_eks_cluster.this[0]: Still creating... [04m30s elapsed]
module.eks.aws_eks_cluster.this[0]: Still creating... [04m40s elapsed]
module.eks.aws_eks_cluster.this[0]: Still creating... [04m50s elapsed]
module.eks.aws_eks_cluster.this[0]: Still creating... [05m00s elapsed]
module.eks.aws_eks_cluster.this[0]: Still creating... [05m10s elapsed]
module.eks.aws_eks_cluster.this[0]: Still creating... [05m20s elapsed]
module.eks.aws_eks_cluster.this[0]: Still creating... [05m30s elapsed]
module.eks.aws_eks_cluster.this[0]: Still creating... [05m40s elapsed]
module.eks.aws_eks_cluster.this[0]: Still creating... [05m50s elapsed]
module.eks.aws_eks_cluster.this[0]: Still creating... [06m00s elapsed]
module.eks.aws_eks_cluster.this[0]: Still creating... [06m10s elapsed]
module.eks.aws_eks_cluster.this[0]: Still creating... [06m20s elapsed]
module.eks.aws_eks_cluster.this[0]: Still creating... [06m30s elapsed]
module.eks.aws_eks_cluster.this[0]: Still creating... [06m40s elapsed]
module.eks.aws_eks_cluster.this[0]: Still creating... [06m50s elapsed]
module.eks.aws_eks_cluster.this[0]: Still creating... [07m00s elapsed]
module.eks.aws_eks_cluster.this[0]: Still creating... [07m10s elapsed]
module.eks.aws_eks_cluster.this[0]: Still creating... [07m20s elapsed]
module.eks.aws_eks_cluster.this[0]: Still creating... [07m30s elapsed]
module.eks.aws_eks_cluster.this[0]: Still creating... [07m40s elapsed]
module.eks.aws_eks_cluster.this[0]: Still creating... [07m50s elapsed]
module.eks.aws_eks_cluster.this[0]: Still creating... [08m00s elapsed]
module.eks.aws_eks_cluster.this[0]: Still creating... [08m10s elapsed]
module.eks.aws_eks_cluster.this[0]: Still creating... [08m20s elapsed]
module.eks.aws_eks_cluster.this[0]: Still creating... [08m30s elapsed]
module.eks.aws_eks_cluster.this[0]: Still creating... [08m40s elapsed]
module.eks.aws_eks_cluster.this[0]: Still creating... [08m50s elapsed]
module.eks.aws_eks_cluster.this[0]: Still creating... [09m00s elapsed]
module.eks.aws_eks_cluster.this[0]: Still creating... [09m10s elapsed]
module.eks.aws_eks_cluster.this[0]: Still creating... [09m20s elapsed]
module.eks.aws_eks_cluster.this[0]: Still creating... [09m30s elapsed]
module.eks.aws_eks_cluster.this[0]: Still creating... [09m40s elapsed]
module.eks.aws_eks_cluster.this[0]: Still creating... [09m50s elapsed]
module.eks.aws_eks_cluster.this[0]: Still creating... [10m00s elapsed]
module.eks.aws_eks_cluster.this[0]: Still creating... [10m10s elapsed]
module.eks.aws_eks_cluster.this[0]: Still creating... [10m20s elapsed]
module.eks.aws_eks_cluster.this[0]: Creation complete after 10m29s [id=student211]
module.eks.data.aws_eks_addon_version.this["kube-proxy"]: Reading...
module.eks.data.aws_eks_addon_version.this["vpc-cni"]: Reading...
module.eks.data.aws_eks_addon_version.this["eks-pod-identity-agent"]: Reading...
module.eks.data.aws_eks_addon_version.this["aws-ebs-csi-driver"]: Reading...
module.eks.data.aws_eks_addon_version.this["coredns"]: Reading...
module.eks.aws_eks_access_entry.this["cluster_creator"]: Creating...
module.eks.time_sleep.this[0]: Creating...
module.eks.data.aws_eks_addon_version.this["coredns"]: Read complete after 1s [id=coredns]
module.eks.data.aws_eks_addon_version.this["eks-pod-identity-agent"]: Read complete after 1s [id=eks-pod-identity-agent]
module.eks.data.aws_eks_addon_version.this["vpc-cni"]: Read complete after 1s [id=vpc-cni]
module.eks.data.aws_eks_addon_version.this["kube-proxy"]: Read complete after 1s [id=kube-proxy]
module.eks.data.aws_eks_addon_version.this["aws-ebs-csi-driver"]: Read complete after 1s [id=aws-ebs-csi-driver]
module.eks.aws_eks_addon.before_compute["kube-proxy"]: Creating...
module.eks.aws_eks_addon.before_compute["vpc-cni"]: Creating...
module.eks.aws_eks_access_entry.this["cluster_creator"]: Creation complete after 1s [id=student211:arn:aws:iam::783241407859:user/nwuser]
module.eks.aws_eks_access_policy_association.this["cluster_creator_admin"]: Creating...
module.eks.aws_eks_access_policy_association.this["cluster_creator_admin"]: Creation complete after 1s [id=student211#arn:aws:iam::783241407859:user/nwuser#arn:aws:eks::aws:cluster-access-policy/AmazonEKSClusterAdminPolicy]
module.aws_lb_controller_pod_identity.aws_eks_pod_identity_association.this["main"]: Creating...
module.aws_lb_controller_pod_identity.aws_eks_pod_identity_association.this["main"]: Creation complete after 0s [id=a-o4kfxbb4as01mjuwz]
module.eks.aws_eks_addon.before_compute["kube-proxy"]: Creation complete after 8s [id=student211:kube-proxy]
module.eks.time_sleep.this[0]: Still creating... [00m10s elapsed]
module.eks.aws_eks_addon.before_compute["vpc-cni"]: Still creating... [00m10s elapsed]
module.eks.aws_eks_addon.before_compute["vpc-cni"]: Creation complete after 14s [id=student211:vpc-cni]
module.eks.time_sleep.this[0]: Still creating... [00m20s elapsed]
module.eks.time_sleep.this[0]: Still creating... [00m30s elapsed]
module.eks.time_sleep.this[0]: Creation complete after 30s [id=2026-07-23T14:53:19Z]
module.eks.module.eks_managed_node_group["default"].module.user_data.null_resource.validate_cluster_service_cidr: Creating...
module.eks.module.eks_managed_node_group["default"].module.user_data.null_resource.validate_cluster_service_cidr: Creation complete after 0s [id=1199715241435564313]
module.eks.module.eks_managed_node_group["default"].aws_launch_template.this[0]: Creating...
module.eks.module.eks_managed_node_group["default"].aws_launch_template.this[0]: Creation complete after 7s [id=lt-0fbe6a96160ab0ca4]
module.eks.module.eks_managed_node_group["default"].aws_eks_node_group.this[0]: Creating...
module.eks.module.eks_managed_node_group["default"].aws_eks_node_group.this[0]: Still creating... [00m10s elapsed]
module.eks.module.eks_managed_node_group["default"].aws_eks_node_group.this[0]: Still creating... [00m20s elapsed]
module.eks.module.eks_managed_node_group["default"].aws_eks_node_group.this[0]: Still creating... [00m30s elapsed]
module.eks.module.eks_managed_node_group["default"].aws_eks_node_group.this[0]: Still creating... [00m40s elapsed]
module.eks.module.eks_managed_node_group["default"].aws_eks_node_group.this[0]: Still creating... [00m50s elapsed]
module.eks.module.eks_managed_node_group["default"].aws_eks_node_group.this[0]: Still creating... [01m00s elapsed]
module.eks.module.eks_managed_node_group["default"].aws_eks_node_group.this[0]: Still creating... [01m10s elapsed]
module.eks.module.eks_managed_node_group["default"].aws_eks_node_group.this[0]: Still creating... [01m20s elapsed]
module.eks.module.eks_managed_node_group["default"].aws_eks_node_group.this[0]: Still creating... [01m30s elapsed]
module.eks.module.eks_managed_node_group["default"].aws_eks_node_group.this[0]: Still creating... [01m40s elapsed]
module.eks.module.eks_managed_node_group["default"].aws_eks_node_group.this[0]: Creation complete after 1m48s [id=student211:default-2026072314532594220000000f]
module.eks.aws_eks_addon.this["eks-pod-identity-agent"]: Creating...
module.eks.aws_eks_addon.this["aws-ebs-csi-driver"]: Creating...
module.eks.aws_eks_addon.this["coredns"]: Creating...
module.eks.aws_eks_addon.this["eks-pod-identity-agent"]: Still creating... [00m10s elapsed]
module.eks.aws_eks_addon.this["aws-ebs-csi-driver"]: Still creating... [00m10s elapsed]
module.eks.aws_eks_addon.this["coredns"]: Still creating... [00m10s elapsed]
module.eks.aws_eks_addon.this["coredns"]: Creation complete after 15s [id=student211:coredns]
module.eks.aws_eks_addon.this["eks-pod-identity-agent"]: Still creating... [00m20s elapsed]
module.eks.aws_eks_addon.this["aws-ebs-csi-driver"]: Still creating... [00m20s elapsed]
module.eks.aws_eks_addon.this["eks-pod-identity-agent"]: Creation complete after 25s [id=student211:eks-pod-identity-agent]
module.eks.aws_eks_addon.this["aws-ebs-csi-driver"]: Still creating... [00m30s elapsed]
module.eks.aws_eks_addon.this["aws-ebs-csi-driver"]: Still creating... [00m40s elapsed]
module.eks.aws_eks_addon.this["aws-ebs-csi-driver"]: Creation complete after 47s [id=student211:aws-ebs-csi-driver]

Apply complete! Resources: 43 added, 0 changed, 0 destroyed.

Outputs:

cluster_name = "student211"
kubeconfig_command = "aws eks update-kubeconfig --name student211 --region us-west-2 --profile aws1-student34 --kubeconfig /tmp/student211.kubeconfig"
