
Warning: Deprecated flag: -state

Use the "path" attribute within the "local" backend to specify a file for
state storage
module.ebs_csi_pod_identity.data.aws_partition.current: Reading...
module.eks.module.kms.data.aws_caller_identity.current[0]: Reading...
module.eks.aws_security_group.cluster[0]: Refreshing state... [id=sg-0330f31496e46df8e]
module.eks.module.eks_managed_node_group["default"].data.aws_iam_policy_document.assume_role_policy[0]: Reading...
module.aws_lb_controller_pod_identity.data.aws_iam_policy_document.assume[0]: Reading...
module.eks.data.aws_caller_identity.current[0]: Reading...
module.eks.module.eks_managed_node_group["default"].data.aws_iam_policy_document.assume_role_policy[0]: Read complete after 0s [id=2560088296]
module.ebs_csi_pod_identity.data.aws_partition.current: Read complete after 0s [id=aws]
module.aws_lb_controller_pod_identity.data.aws_partition.current: Reading...
module.eks.module.kms.data.aws_partition.current[0]: Reading...
module.eks.data.aws_iam_policy_document.assume_role_policy[0]: Reading...
module.ebs_csi_pod_identity.data.aws_iam_policy_document.assume[0]: Reading...
module.eks.aws_security_group.node[0]: Refreshing state... [id=sg-09f8e095af287bb72]
module.aws_lb_controller_pod_identity.data.aws_iam_policy_document.assume[0]: Read complete after 0s [id=819195744]
module.eks.data.aws_iam_policy_document.assume_role_policy[0]: Read complete after 0s [id=2830595799]
module.eks.data.aws_partition.current[0]: Reading...
module.ebs_csi_pod_identity.data.aws_iam_policy_document.assume[0]: Read complete after 0s [id=819195744]
module.eks.module.kms.data.aws_partition.current[0]: Read complete after 0s [id=aws]
module.aws_lb_controller_pod_identity.data.aws_iam_policy_document.base[0]: Reading...
module.aws_lb_controller_pod_identity.data.aws_partition.current: Read complete after 0s [id=aws]
module.eks.data.aws_partition.current[0]: Read complete after 0s [id=aws]
module.ebs_csi_pod_identity.data.aws_iam_policy_document.base[0]: Reading...
module.aws_lb_controller_pod_identity.data.aws_iam_policy_document.base[0]: Read complete after 0s [id=1132004489]
module.eks.aws_iam_role.this[0]: Refreshing state... [id=student107-cluster-20260723140829558100000002]
module.aws_lb_controller_pod_identity.aws_iam_role.this[0]: Refreshing state... [id=student107-aws-lbc-20260723140829573600000003]
module.eks.module.eks_managed_node_group["default"].aws_iam_role.this[0]: Refreshing state... [id=default-eks-node-group-20260723140829443200000001]
module.ebs_csi_pod_identity.data.aws_iam_policy_document.base[0]: Read complete after 1s [id=1132004489]
module.eks.data.aws_caller_identity.current[0]: Read complete after 1s [id=891472436879]
module.aws_lb_controller_pod_identity.data.aws_iam_policy_document.lb_controller[0]: Reading...
module.eks.data.aws_iam_session_context.current[0]: Reading...
module.eks.module.kms.data.aws_caller_identity.current[0]: Read complete after 1s [id=891472436879]
module.ebs_csi_pod_identity.data.aws_iam_policy_document.ebs_csi[0]: Reading...
module.eks.data.aws_iam_session_context.current[0]: Read complete after 0s [id=arn:aws:iam::891472436879:user/nwuser]
module.aws_lb_controller_pod_identity.data.aws_iam_policy_document.lb_controller[0]: Read complete after 0s [id=1541424006]
module.ebs_csi_pod_identity.data.aws_iam_policy_document.ebs_csi[0]: Read complete after 0s [id=522466792]
module.ebs_csi_pod_identity.aws_iam_role.this[0]: Refreshing state... [id=student107-ebs-csi-20260723140829596800000006]
module.ebs_csi_pod_identity.aws_iam_policy.ebs_csi[0]: Refreshing state... [id=arn:aws:iam::891472436879:policy/AmazonEKS_EBS_CSI-20260723140829658000000008]
module.aws_lb_controller_pod_identity.aws_iam_policy.lb_controller[0]: Refreshing state... [id=arn:aws:iam::891472436879:policy/AmazonEKS_LoadBalancerController-20260723140829603700000007]
module.eks.module.eks_managed_node_group["default"].aws_iam_role_policy_attachment.this["AmazonEKS_CNI_Policy"]: Refreshing state... [id=default-eks-node-group-20260723140829443200000001/arn:aws:iam::aws:policy/AmazonEKS_CNI_Policy]
module.eks.module.eks_managed_node_group["default"].aws_iam_role_policy_attachment.this["AmazonEKSWorkerNodePolicy"]: Refreshing state... [id=default-eks-node-group-20260723140829443200000001/arn:aws:iam::aws:policy/AmazonEKSWorkerNodePolicy]
module.eks.module.eks_managed_node_group["default"].aws_iam_role_policy_attachment.this["AmazonEC2ContainerRegistryReadOnly"]: Refreshing state... [id=default-eks-node-group-20260723140829443200000001/arn:aws:iam::aws:policy/AmazonEC2ContainerRegistryReadOnly]
module.eks.aws_iam_role_policy_attachment.this["AmazonEKSClusterPolicy"]: Refreshing state... [id=student107-cluster-20260723140829558100000002/arn:aws:iam::aws:policy/AmazonEKSClusterPolicy]
module.eks.module.kms.data.aws_iam_policy_document.this[0]: Reading...
module.ebs_csi_pod_identity.aws_iam_role_policy_attachment.ebs_csi[0]: Refreshing state... [id=student107-ebs-csi-20260723140829596800000006/arn:aws:iam::891472436879:policy/AmazonEKS_EBS_CSI-20260723140829658000000008]
module.eks.module.kms.data.aws_iam_policy_document.this[0]: Read complete after 0s [id=307784137]
module.aws_lb_controller_pod_identity.aws_iam_role_policy_attachment.lb_controller[0]: Refreshing state... [id=student107-aws-lbc-20260723140829573600000003/arn:aws:iam::891472436879:policy/AmazonEKS_LoadBalancerController-20260723140829603700000007]
module.eks.module.kms.aws_kms_key.this[0]: Refreshing state... [id=179ac0ff-8ebd-436d-bf48-6de8fe1e1143]
module.eks.aws_security_group_rule.node["ingress_cluster_10251_webhook"]: Refreshing state... [id=sgrule-714865127]
module.eks.aws_security_group_rule.node["ingress_cluster_4443_webhook"]: Refreshing state... [id=sgrule-4196384074]
module.eks.aws_security_group_rule.node["ingress_self_coredns_udp"]: Refreshing state... [id=sgrule-85316962]
module.eks.aws_security_group_rule.node["ingress_cluster_9443_webhook"]: Refreshing state... [id=sgrule-1151391030]
module.eks.aws_security_group_rule.node["ingress_self_coredns_tcp"]: Refreshing state... [id=sgrule-2706011789]
module.eks.aws_security_group_rule.node["ingress_cluster_6443_webhook"]: Refreshing state... [id=sgrule-861788892]
module.eks.aws_security_group_rule.node["ingress_nodes_ephemeral"]: Refreshing state... [id=sgrule-1636253346]
module.eks.aws_security_group_rule.node["ingress_cluster_443"]: Refreshing state... [id=sgrule-1613090466]
module.eks.aws_security_group_rule.node["ingress_cluster_8443_webhook"]: Refreshing state... [id=sgrule-536995581]
module.eks.aws_security_group_rule.node["ingress_cluster_kubelet"]: Refreshing state... [id=sgrule-517122460]
module.eks.aws_security_group_rule.node["egress_all"]: Refreshing state... [id=sgrule-1154945127]
module.eks.module.kms.aws_kms_alias.this["cluster"]: Refreshing state... [id=alias/eks/student107]
module.eks.aws_security_group_rule.cluster["ingress_nodes_443"]: Refreshing state... [id=sgrule-477099208]
module.eks.aws_iam_policy.cluster_encryption[0]: Refreshing state... [id=arn:aws:iam::891472436879:policy/student107-cluster-ClusterEncryption20260723140852239300000009]
module.eks.aws_iam_role_policy_attachment.cluster_encryption[0]: Refreshing state... [id=student107-cluster-20260723140829558100000002/arn:aws:iam::891472436879:policy/student107-cluster-ClusterEncryption20260723140852239300000009]
module.eks.aws_eks_cluster.this[0]: Refreshing state... [id=student107]
module.eks.data.aws_eks_addon_version.this["eks-pod-identity-agent"]: Reading...
module.eks.data.aws_eks_addon_version.this["vpc-cni"]: Reading...
module.eks.time_sleep.this[0]: Refreshing state... [id=2026-07-23T14:19:52Z]
module.eks.data.aws_eks_addon_version.this["aws-ebs-csi-driver"]: Reading...
module.eks.data.aws_eks_addon_version.this["kube-proxy"]: Reading...
module.eks.aws_eks_access_entry.this["cluster_creator"]: Refreshing state... [id=student107:arn:aws:iam::891472436879:user/nwuser]
module.eks.module.eks_managed_node_group["default"].module.user_data.null_resource.validate_cluster_service_cidr: Refreshing state... [id=5102115435634108454]
module.eks.data.aws_eks_addon_version.this["eks-pod-identity-agent"]: Read complete after 0s [id=eks-pod-identity-agent]
module.eks.data.aws_eks_addon_version.this["coredns"]: Reading...
module.eks.data.aws_eks_addon_version.this["aws-ebs-csi-driver"]: Read complete after 0s [id=aws-ebs-csi-driver]
module.eks.module.eks_managed_node_group["default"].module.user_data.data.cloudinit_config.al2023_eks_managed_node_group[0]: Reading...
module.eks.module.eks_managed_node_group["default"].module.user_data.data.cloudinit_config.al2023_eks_managed_node_group[0]: Read complete after 0s [id=140799688]
module.eks.data.aws_eks_addon_version.this["vpc-cni"]: Read complete after 0s [id=vpc-cni]
module.eks.module.eks_managed_node_group["default"].data.aws_ssm_parameter.ami[0]: Reading...
module.eks.data.aws_eks_addon_version.this["kube-proxy"]: Read complete after 0s [id=kube-proxy]
module.eks.module.eks_managed_node_group["default"].aws_launch_template.this[0]: Refreshing state... [id=lt-0166a29b17441e81f]
module.eks.data.aws_eks_addon_version.this["coredns"]: Read complete after 0s [id=coredns]
module.eks.aws_eks_addon.before_compute["vpc-cni"]: Refreshing state... [id=student107:vpc-cni]
module.eks.aws_eks_addon.before_compute["kube-proxy"]: Refreshing state... [id=student107:kube-proxy]
module.eks.aws_eks_access_policy_association.this["cluster_creator_admin"]: Refreshing state... [id=student107#arn:aws:iam::891472436879:user/nwuser#arn:aws:eks::aws:cluster-access-policy/AmazonEKSClusterAdminPolicy]
module.eks.module.eks_managed_node_group["default"].data.aws_ssm_parameter.ami[0]: Read complete after 1s [id=/aws/service/eks/optimized-ami/1.35/amazon-linux-2023/x86_64/standard/recommended/release_version]
module.eks.module.eks_managed_node_group["default"].aws_eks_node_group.this[0]: Refreshing state... [id=student107:default-2026072314195931100000000f]
module.aws_lb_controller_pod_identity.aws_eks_pod_identity_association.this["main"]: Refreshing state... [id=a-mr882gvxrdnrl4q0d]
module.eks.aws_eks_addon.this["eks-pod-identity-agent"]: Refreshing state... [id=student107:eks-pod-identity-agent]
module.eks.aws_eks_addon.this["coredns"]: Refreshing state... [id=student107:coredns]
module.eks.aws_eks_addon.this["aws-ebs-csi-driver"]: Refreshing state... [id=student107:aws-ebs-csi-driver]

No changes. Your infrastructure matches the configuration.

Terraform has compared your real infrastructure against your configuration
and found no differences, so no changes are needed.

Apply complete! Resources: 0 added, 0 changed, 0 destroyed.

Outputs:

cluster_name = "student107"
kubeconfig_command = "aws eks update-kubeconfig --name student107 --region us-west-2 --profile aws1-student32 --kubeconfig /tmp/student107.kubeconfig"
