
Warning: Deprecated flag: -state

Use the "path" attribute within the "local" backend to specify a file for
state storage
data.aws_availability_zones.available: Reading...
data.aws_availability_zones.available: Read complete after 0s [id=us-west-2]

Terraform used the selected providers to generate the following execution
plan. Resource actions are indicated with the following symbols:
  + create

Terraform will perform the following actions:

  # module.vpc.aws_default_network_acl.this[0] will be created
  + resource "aws_default_network_acl" "this" {
      + arn                    = (known after apply)
      + default_network_acl_id = (known after apply)
      + id                     = (known after apply)
      + owner_id               = (known after apply)
      + region                 = "us-west-2"
      + tags                   = {
          + "Name" = "packt-lab-vpc-default"
        }
      + tags_all               = {
          + "ManagedBy" = "terraform"
          + "Name"      = "packt-lab-vpc-default"
          + "Project"   = "packt-agentic-devops"
          + "Purpose"   = "lab-shared-vpc"
          + "Workshop"  = "packt"
        }
      + vpc_id                 = (known after apply)

      + egress {
          + action          = "allow"
          + from_port       = 0
          + ipv6_cidr_block = "::/0"
          + protocol        = "-1"
          + rule_no         = 101
          + to_port         = 0
            # (1 unchanged attribute hidden)
        }
      + egress {
          + action          = "allow"
          + cidr_block      = "0.0.0.0/0"
          + from_port       = 0
          + protocol        = "-1"
          + rule_no         = 100
          + to_port         = 0
            # (1 unchanged attribute hidden)
        }

      + ingress {
          + action          = "allow"
          + from_port       = 0
          + ipv6_cidr_block = "::/0"
          + protocol        = "-1"
          + rule_no         = 101
          + to_port         = 0
            # (1 unchanged attribute hidden)
        }
      + ingress {
          + action          = "allow"
          + cidr_block      = "0.0.0.0/0"
          + from_port       = 0
          + protocol        = "-1"
          + rule_no         = 100
          + to_port         = 0
            # (1 unchanged attribute hidden)
        }
    }

  # module.vpc.aws_default_route_table.default[0] will be created
  + resource "aws_default_route_table" "default" {
      + arn                    = (known after apply)
      + default_route_table_id = (known after apply)
      + id                     = (known after apply)
      + owner_id               = (known after apply)
      + region                 = "us-west-2"
      + route                  = (known after apply)
      + tags                   = {
          + "Name" = "packt-lab-vpc-default"
        }
      + tags_all               = {
          + "ManagedBy" = "terraform"
          + "Name"      = "packt-lab-vpc-default"
          + "Project"   = "packt-agentic-devops"
          + "Purpose"   = "lab-shared-vpc"
          + "Workshop"  = "packt"
        }
      + vpc_id                 = (known after apply)

      + timeouts {
          + create = "5m"
          + update = "5m"
        }
    }

  # module.vpc.aws_default_security_group.this[0] will be created
  + resource "aws_default_security_group" "this" {
      + arn                    = (known after apply)
      + description            = (known after apply)
      + egress                 = (known after apply)
      + id                     = (known after apply)
      + ingress                = (known after apply)
      + name                   = (known after apply)
      + name_prefix            = (known after apply)
      + owner_id               = (known after apply)
      + region                 = "us-west-2"
      + revoke_rules_on_delete = false
      + tags                   = {
          + "Name" = "packt-lab-vpc-default"
        }
      + tags_all               = {
          + "ManagedBy" = "terraform"
          + "Name"      = "packt-lab-vpc-default"
          + "Project"   = "packt-agentic-devops"
          + "Purpose"   = "lab-shared-vpc"
          + "Workshop"  = "packt"
        }
      + vpc_id                 = (known after apply)
    }

  # module.vpc.aws_eip.nat[0] will be created
  + resource "aws_eip" "nat" {
      + allocation_id        = (known after apply)
      + arn                  = (known after apply)
      + association_id       = (known after apply)
      + carrier_ip           = (known after apply)
      + customer_owned_ip    = (known after apply)
      + domain               = "vpc"
      + id                   = (known after apply)
      + instance             = (known after apply)
      + ipam_pool_id         = (known after apply)
      + network_border_group = (known after apply)
      + network_interface    = (known after apply)
      + private_dns          = (known after apply)
      + private_ip           = (known after apply)
      + ptr_record           = (known after apply)
      + public_dns           = (known after apply)
      + public_ip            = (known after apply)
      + public_ipv4_pool     = (known after apply)
      + region               = "us-west-2"
      + tags                 = {
          + "Name" = "packt-lab-vpc-us-west-2a"
        }
      + tags_all             = {
          + "ManagedBy" = "terraform"
          + "Name"      = "packt-lab-vpc-us-west-2a"
          + "Project"   = "packt-agentic-devops"
          + "Purpose"   = "lab-shared-vpc"
          + "Workshop"  = "packt"
        }
    }

  # module.vpc.aws_internet_gateway.this[0] will be created
  + resource "aws_internet_gateway" "this" {
      + arn      = (known after apply)
      + id       = (known after apply)
      + owner_id = (known after apply)
      + region   = "us-west-2"
      + tags     = {
          + "Name" = "packt-lab-vpc"
        }
      + tags_all = {
          + "ManagedBy" = "terraform"
          + "Name"      = "packt-lab-vpc"
          + "Project"   = "packt-agentic-devops"
          + "Purpose"   = "lab-shared-vpc"
          + "Workshop"  = "packt"
        }
      + vpc_id   = (known after apply)
    }

  # module.vpc.aws_nat_gateway.this[0] will be created
  + resource "aws_nat_gateway" "this" {
      + allocation_id                      = (known after apply)
      + association_id                     = (known after apply)
      + auto_provision_zones               = (known after apply)
      + auto_scaling_ips                   = (known after apply)
      + availability_mode                  = (known after apply)
      + connectivity_type                  = "public"
      + id                                 = (known after apply)
      + network_interface_id               = (known after apply)
      + private_ip                         = (known after apply)
      + public_ip                          = (known after apply)
      + region                             = "us-west-2"
      + regional_nat_gateway_address       = (known after apply)
      + regional_nat_gateway_auto_mode     = (known after apply)
      + route_table_id                     = (known after apply)
      + secondary_allocation_ids           = (known after apply)
      + secondary_private_ip_address_count = (known after apply)
      + secondary_private_ip_addresses     = (known after apply)
      + subnet_id                          = (known after apply)
      + tags                               = {
          + "Name" = "packt-lab-vpc-us-west-2a"
        }
      + tags_all                           = {
          + "ManagedBy" = "terraform"
          + "Name"      = "packt-lab-vpc-us-west-2a"
          + "Project"   = "packt-agentic-devops"
          + "Purpose"   = "lab-shared-vpc"
          + "Workshop"  = "packt"
        }
      + vpc_id                             = (known after apply)
    }

  # module.vpc.aws_route.private_nat_gateway[0] will be created
  + resource "aws_route" "private_nat_gateway" {
      + destination_cidr_block = "0.0.0.0/0"
      + id                     = (known after apply)
      + instance_id            = (known after apply)
      + instance_owner_id      = (known after apply)
      + nat_gateway_id         = (known after apply)
      + network_interface_id   = (known after apply)
      + origin                 = (known after apply)
      + region                 = "us-west-2"
      + route_table_id         = (known after apply)
      + state                  = (known after apply)

      + timeouts {
          + create = "5m"
        }
    }

  # module.vpc.aws_route.public_internet_gateway[0] will be created
  + resource "aws_route" "public_internet_gateway" {
      + destination_cidr_block = "0.0.0.0/0"
      + gateway_id             = (known after apply)
      + id                     = (known after apply)
      + instance_id            = (known after apply)
      + instance_owner_id      = (known after apply)
      + network_interface_id   = (known after apply)
      + origin                 = (known after apply)
      + region                 = "us-west-2"
      + route_table_id         = (known after apply)
      + state                  = (known after apply)

      + timeouts {
          + create = "5m"
        }
    }

  # module.vpc.aws_route_table.private[0] will be created
  + resource "aws_route_table" "private" {
      + arn              = (known after apply)
      + id               = (known after apply)
      + owner_id         = (known after apply)
      + propagating_vgws = (known after apply)
      + region           = "us-west-2"
      + route            = (known after apply)
      + tags             = {
          + "Name" = "packt-lab-vpc-private"
        }
      + tags_all         = {
          + "ManagedBy" = "terraform"
          + "Name"      = "packt-lab-vpc-private"
          + "Project"   = "packt-agentic-devops"
          + "Purpose"   = "lab-shared-vpc"
          + "Workshop"  = "packt"
        }
      + vpc_id           = (known after apply)
    }

  # module.vpc.aws_route_table.public[0] will be created
  + resource "aws_route_table" "public" {
      + arn              = (known after apply)
      + id               = (known after apply)
      + owner_id         = (known after apply)
      + propagating_vgws = (known after apply)
      + region           = "us-west-2"
      + route            = (known after apply)
      + tags             = {
          + "Name" = "packt-lab-vpc-public"
        }
      + tags_all         = {
          + "ManagedBy" = "terraform"
          + "Name"      = "packt-lab-vpc-public"
          + "Project"   = "packt-agentic-devops"
          + "Purpose"   = "lab-shared-vpc"
          + "Workshop"  = "packt"
        }
      + vpc_id           = (known after apply)
    }

  # module.vpc.aws_route_table_association.private[0] will be created
  + resource "aws_route_table_association" "private" {
      + id             = (known after apply)
      + region         = "us-west-2"
      + route_table_id = (known after apply)
      + subnet_id      = (known after apply)
    }

  # module.vpc.aws_route_table_association.private[1] will be created
  + resource "aws_route_table_association" "private" {
      + id             = (known after apply)
      + region         = "us-west-2"
      + route_table_id = (known after apply)
      + subnet_id      = (known after apply)
    }

  # module.vpc.aws_route_table_association.public[0] will be created
  + resource "aws_route_table_association" "public" {
      + id             = (known after apply)
      + region         = "us-west-2"
      + route_table_id = (known after apply)
      + subnet_id      = (known after apply)
    }

  # module.vpc.aws_route_table_association.public[1] will be created
  + resource "aws_route_table_association" "public" {
      + id             = (known after apply)
      + region         = "us-west-2"
      + route_table_id = (known after apply)
      + subnet_id      = (known after apply)
    }

  # module.vpc.aws_subnet.private[0] will be created
  + resource "aws_subnet" "private" {
      + arn                                            = (known after apply)
      + assign_ipv6_address_on_creation                = false
      + availability_zone                              = "us-west-2a"
      + availability_zone_id                           = (known after apply)
      + cidr_block                                     = "10.0.0.0/18"
      + enable_dns64                                   = false
      + enable_resource_name_dns_a_record_on_launch    = false
      + enable_resource_name_dns_aaaa_record_on_launch = false
      + id                                             = (known after apply)
      + ipv6_cidr_block                                = (known after apply)
      + ipv6_cidr_block_association_id                 = (known after apply)
      + ipv6_native                                    = false
      + map_public_ip_on_launch                        = false
      + owner_id                                       = (known after apply)
      + private_dns_hostname_type_on_launch            = (known after apply)
      + region                                         = "us-west-2"
      + tags                                           = {
          + "Name"                            = "packt-lab-vpc-private-us-west-2a"
          + "kubernetes.io/role/internal-elb" = "1"
        }
      + tags_all                                       = {
          + "ManagedBy"                       = "terraform"
          + "Name"                            = "packt-lab-vpc-private-us-west-2a"
          + "Project"                         = "packt-agentic-devops"
          + "Purpose"                         = "lab-shared-vpc"
          + "Workshop"                        = "packt"
          + "kubernetes.io/role/internal-elb" = "1"
        }
      + vpc_id                                         = (known after apply)
    }

  # module.vpc.aws_subnet.private[1] will be created
  + resource "aws_subnet" "private" {
      + arn                                            = (known after apply)
      + assign_ipv6_address_on_creation                = false
      + availability_zone                              = "us-west-2b"
      + availability_zone_id                           = (known after apply)
      + cidr_block                                     = "10.0.64.0/18"
      + enable_dns64                                   = false
      + enable_resource_name_dns_a_record_on_launch    = false
      + enable_resource_name_dns_aaaa_record_on_launch = false
      + id                                             = (known after apply)
      + ipv6_cidr_block                                = (known after apply)
      + ipv6_cidr_block_association_id                 = (known after apply)
      + ipv6_native                                    = false
      + map_public_ip_on_launch                        = false
      + owner_id                                       = (known after apply)
      + private_dns_hostname_type_on_launch            = (known after apply)
      + region                                         = "us-west-2"
      + tags                                           = {
          + "Name"                            = "packt-lab-vpc-private-us-west-2b"
          + "kubernetes.io/role/internal-elb" = "1"
        }
      + tags_all                                       = {
          + "ManagedBy"                       = "terraform"
          + "Name"                            = "packt-lab-vpc-private-us-west-2b"
          + "Project"                         = "packt-agentic-devops"
          + "Purpose"                         = "lab-shared-vpc"
          + "Workshop"                        = "packt"
          + "kubernetes.io/role/internal-elb" = "1"
        }
      + vpc_id                                         = (known after apply)
    }

  # module.vpc.aws_subnet.public[0] will be created
  + resource "aws_subnet" "public" {
      + arn                                            = (known after apply)
      + assign_ipv6_address_on_creation                = false
      + availability_zone                              = "us-west-2a"
      + availability_zone_id                           = (known after apply)
      + cidr_block                                     = "10.0.128.0/24"
      + enable_dns64                                   = false
      + enable_resource_name_dns_a_record_on_launch    = false
      + enable_resource_name_dns_aaaa_record_on_launch = false
      + id                                             = (known after apply)
      + ipv6_cidr_block                                = (known after apply)
      + ipv6_cidr_block_association_id                 = (known after apply)
      + ipv6_native                                    = false
      + map_public_ip_on_launch                        = false
      + owner_id                                       = (known after apply)
      + private_dns_hostname_type_on_launch            = (known after apply)
      + region                                         = "us-west-2"
      + tags                                           = {
          + "Name"                   = "packt-lab-vpc-public-us-west-2a"
          + "kubernetes.io/role/elb" = "1"
        }
      + tags_all                                       = {
          + "ManagedBy"              = "terraform"
          + "Name"                   = "packt-lab-vpc-public-us-west-2a"
          + "Project"                = "packt-agentic-devops"
          + "Purpose"                = "lab-shared-vpc"
          + "Workshop"               = "packt"
          + "kubernetes.io/role/elb" = "1"
        }
      + vpc_id                                         = (known after apply)
    }

  # module.vpc.aws_subnet.public[1] will be created
  + resource "aws_subnet" "public" {
      + arn                                            = (known after apply)
      + assign_ipv6_address_on_creation                = false
      + availability_zone                              = "us-west-2b"
      + availability_zone_id                           = (known after apply)
      + cidr_block                                     = "10.0.129.0/24"
      + enable_dns64                                   = false
      + enable_resource_name_dns_a_record_on_launch    = false
      + enable_resource_name_dns_aaaa_record_on_launch = false
      + id                                             = (known after apply)
      + ipv6_cidr_block                                = (known after apply)
      + ipv6_cidr_block_association_id                 = (known after apply)
      + ipv6_native                                    = false
      + map_public_ip_on_launch                        = false
      + owner_id                                       = (known after apply)
      + private_dns_hostname_type_on_launch            = (known after apply)
      + region                                         = "us-west-2"
      + tags                                           = {
          + "Name"                   = "packt-lab-vpc-public-us-west-2b"
          + "kubernetes.io/role/elb" = "1"
        }
      + tags_all                                       = {
          + "ManagedBy"              = "terraform"
          + "Name"                   = "packt-lab-vpc-public-us-west-2b"
          + "Project"                = "packt-agentic-devops"
          + "Purpose"                = "lab-shared-vpc"
          + "Workshop"               = "packt"
          + "kubernetes.io/role/elb" = "1"
        }
      + vpc_id                                         = (known after apply)
    }

  # module.vpc.aws_vpc.this[0] will be created
  + resource "aws_vpc" "this" {
      + arn                                  = (known after apply)
      + cidr_block                           = "10.0.0.0/16"
      + default_network_acl_id               = (known after apply)
      + default_route_table_id               = (known after apply)
      + default_security_group_id            = (known after apply)
      + dhcp_options_id                      = (known after apply)
      + enable_dns_hostnames                 = true
      + enable_dns_support                   = true
      + enable_network_address_usage_metrics = (known after apply)
      + id                                   = (known after apply)
      + instance_tenancy                     = "default"
      + ipv6_association_id                  = (known after apply)
      + ipv6_cidr_block                      = (known after apply)
      + ipv6_cidr_block_network_border_group = (known after apply)
      + main_route_table_id                  = (known after apply)
      + owner_id                             = (known after apply)
      + region                               = "us-west-2"
      + tags                                 = {
          + "Name" = "packt-lab-vpc"
        }
      + tags_all                             = {
          + "ManagedBy" = "terraform"
          + "Name"      = "packt-lab-vpc"
          + "Project"   = "packt-agentic-devops"
          + "Purpose"   = "lab-shared-vpc"
          + "Workshop"  = "packt"
        }
    }

Plan: 19 to add, 0 to change, 0 to destroy.

Changes to Outputs:
  + private_subnet_ids = [
      + (known after apply),
      + (known after apply),
    ]
  + region             = "us-west-2"
  + vpc_id             = (known after apply)
module.vpc.aws_vpc.this[0]: Creating...
module.vpc.aws_vpc.this[0]: Creation complete after 3s [id=vpc-090d8f962722c6de5]
module.vpc.aws_default_security_group.this[0]: Creating...
module.vpc.aws_default_route_table.default[0]: Creating...
module.vpc.aws_default_network_acl.this[0]: Creating...
module.vpc.aws_subnet.private[1]: Creating...
module.vpc.aws_internet_gateway.this[0]: Creating...
module.vpc.aws_route_table.public[0]: Creating...
module.vpc.aws_subnet.public[0]: Creating...
module.vpc.aws_route_table.private[0]: Creating...
module.vpc.aws_subnet.private[0]: Creating...
module.vpc.aws_subnet.public[1]: Creating...
module.vpc.aws_default_route_table.default[0]: Creation complete after 1s [id=rtb-0a07ced5bf2e2a0a7]
module.vpc.aws_internet_gateway.this[0]: Creation complete after 1s [id=igw-0b902f0954da866d9]
module.vpc.aws_subnet.public[0]: Creation complete after 1s [id=subnet-0e2ef811bf0637535]
module.vpc.aws_eip.nat[0]: Creating...
module.vpc.aws_route_table.public[0]: Creation complete after 1s [id=rtb-04a6b266797e1fc0e]
module.vpc.aws_route_table.private[0]: Creation complete after 1s [id=rtb-051390fd047ae6f96]
module.vpc.aws_route.public_internet_gateway[0]: Creating...
module.vpc.aws_subnet.private[1]: Creation complete after 1s [id=subnet-098b3b539fb56de47]
module.vpc.aws_subnet.public[1]: Creation complete after 1s [id=subnet-04cb4190198cd00d4]
module.vpc.aws_route_table_association.public[1]: Creating...
module.vpc.aws_route_table_association.public[0]: Creating...
module.vpc.aws_route_table_association.public[1]: Creation complete after 1s [id=rtbassoc-03dab3eb06caa80b7]
module.vpc.aws_default_network_acl.this[0]: Creation complete after 2s [id=acl-08cb017c5788ed5b9]
module.vpc.aws_route_table_association.public[0]: Creation complete after 1s [id=rtbassoc-0ac2b1331e7bedf55]
module.vpc.aws_default_security_group.this[0]: Creation complete after 2s [id=sg-0bcf16d056ca0e44e]
module.vpc.aws_route.public_internet_gateway[0]: Creation complete after 1s [id=r-rtb-04a6b266797e1fc0e1080289494]
module.vpc.aws_eip.nat[0]: Creation complete after 1s [id=eipalloc-0db6287ef90bf590b]
module.vpc.aws_nat_gateway.this[0]: Creating...
module.vpc.aws_subnet.private[0]: Creation complete after 4s [id=subnet-0164e85f19fc774b2]
module.vpc.aws_route_table_association.private[0]: Creating...
module.vpc.aws_route_table_association.private[1]: Creating...
module.vpc.aws_route_table_association.private[0]: Creation complete after 0s [id=rtbassoc-0e50ffddf3ccd49c9]
module.vpc.aws_route_table_association.private[1]: Creation complete after 0s [id=rtbassoc-0f9f7c0609388b8ca]
module.vpc.aws_nat_gateway.this[0]: Still creating... [00m10s elapsed]
module.vpc.aws_nat_gateway.this[0]: Still creating... [00m20s elapsed]
module.vpc.aws_nat_gateway.this[0]: Still creating... [00m30s elapsed]
module.vpc.aws_nat_gateway.this[0]: Still creating... [00m40s elapsed]
module.vpc.aws_nat_gateway.this[0]: Still creating... [00m50s elapsed]
module.vpc.aws_nat_gateway.this[0]: Still creating... [01m00s elapsed]
module.vpc.aws_nat_gateway.this[0]: Still creating... [01m10s elapsed]
module.vpc.aws_nat_gateway.this[0]: Still creating... [01m20s elapsed]
module.vpc.aws_nat_gateway.this[0]: Still creating... [01m30s elapsed]
module.vpc.aws_nat_gateway.this[0]: Still creating... [01m40s elapsed]
module.vpc.aws_nat_gateway.this[0]: Creation complete after 1m45s [id=nat-0cab2a56d521422b6]
module.vpc.aws_route.private_nat_gateway[0]: Creating...
module.vpc.aws_route.private_nat_gateway[0]: Creation complete after 1s [id=r-rtb-051390fd047ae6f961080289494]

Apply complete! Resources: 19 added, 0 changed, 0 destroyed.

Outputs:

private_subnet_ids = [
  "subnet-0164e85f19fc774b2",
  "subnet-098b3b539fb56de47",
]
region = "us-west-2"
vpc_id = "vpc-090d8f962722c6de5"
