
Warning: Deprecated flag: -state

Use the "path" attribute within the "local" backend to specify a file for
state storage
data.aws_availability_zones.available: Reading...
module.vpc.aws_vpc.this[0]: Refreshing state... [id=vpc-090d8f962722c6de5]
data.aws_availability_zones.available: Read complete after 0s [id=us-west-2]
module.vpc.aws_default_security_group.this[0]: Refreshing state... [id=sg-0bcf16d056ca0e44e]
module.vpc.aws_route_table.private[0]: Refreshing state... [id=rtb-051390fd047ae6f96]
module.vpc.aws_default_network_acl.this[0]: Refreshing state... [id=acl-08cb017c5788ed5b9]
module.vpc.aws_internet_gateway.this[0]: Refreshing state... [id=igw-0b902f0954da866d9]
module.vpc.aws_subnet.public[0]: Refreshing state... [id=subnet-0e2ef811bf0637535]
module.vpc.aws_default_route_table.default[0]: Refreshing state... [id=rtb-0a07ced5bf2e2a0a7]
module.vpc.aws_subnet.private[0]: Refreshing state... [id=subnet-0164e85f19fc774b2]
module.vpc.aws_subnet.private[1]: Refreshing state... [id=subnet-098b3b539fb56de47]
module.vpc.aws_route_table.public[0]: Refreshing state... [id=rtb-04a6b266797e1fc0e]
module.vpc.aws_subnet.public[1]: Refreshing state... [id=subnet-04cb4190198cd00d4]
module.vpc.aws_eip.nat[0]: Refreshing state... [id=eipalloc-0db6287ef90bf590b]
module.vpc.aws_route.public_internet_gateway[0]: Refreshing state... [id=r-rtb-04a6b266797e1fc0e1080289494]
module.vpc.aws_route_table_association.public[1]: Refreshing state... [id=rtbassoc-03dab3eb06caa80b7]
module.vpc.aws_nat_gateway.this[0]: Refreshing state... [id=nat-0cab2a56d521422b6]
module.vpc.aws_route_table_association.public[0]: Refreshing state... [id=rtbassoc-0ac2b1331e7bedf55]
module.vpc.aws_route_table_association.private[1]: Refreshing state... [id=rtbassoc-0f9f7c0609388b8ca]
module.vpc.aws_route_table_association.private[0]: Refreshing state... [id=rtbassoc-0e50ffddf3ccd49c9]
module.vpc.aws_route.private_nat_gateway[0]: Refreshing state... [id=r-rtb-051390fd047ae6f961080289494]

Terraform used the selected providers to generate the following execution
plan. Resource actions are indicated with the following symbols:
  - destroy

Terraform will perform the following actions:

  # module.vpc.aws_default_network_acl.this[0] will be destroyed
  - resource "aws_default_network_acl" "this" {
      - arn                    = "arn:aws:ec2:us-west-2:250699659274:network-acl/acl-08cb017c5788ed5b9" -> null
      - default_network_acl_id = "acl-08cb017c5788ed5b9" -> null
      - id                     = "acl-08cb017c5788ed5b9" -> null
      - owner_id               = "250699659274" -> null
      - region                 = "us-west-2" -> null
      - subnet_ids             = [
          - "subnet-0164e85f19fc774b2",
          - "subnet-04cb4190198cd00d4",
          - "subnet-098b3b539fb56de47",
          - "subnet-0e2ef811bf0637535",
        ] -> null
      - tags                   = {
          - "Name" = "packt-lab-vpc-default"
        } -> null
      - tags_all               = {
          - "ManagedBy" = "terraform"
          - "Name"      = "packt-lab-vpc-default"
          - "Project"   = "packt-agentic-devops"
          - "Purpose"   = "lab-shared-vpc"
          - "Workshop"  = "packt"
        } -> null
      - vpc_id                 = "vpc-090d8f962722c6de5" -> null

      - egress {
          - action          = "allow" -> null
          - from_port       = 0 -> null
          - icmp_code       = 0 -> null
          - icmp_type       = 0 -> null
          - ipv6_cidr_block = "::/0" -> null
          - protocol        = "-1" -> null
          - rule_no         = 101 -> null
          - to_port         = 0 -> null
            # (1 unchanged attribute hidden)
        }
      - egress {
          - action          = "allow" -> null
          - cidr_block      = "0.0.0.0/0" -> null
          - from_port       = 0 -> null
          - icmp_code       = 0 -> null
          - icmp_type       = 0 -> null
          - protocol        = "-1" -> null
          - rule_no         = 100 -> null
          - to_port         = 0 -> null
            # (1 unchanged attribute hidden)
        }

      - ingress {
          - action          = "allow" -> null
          - from_port       = 0 -> null
          - icmp_code       = 0 -> null
          - icmp_type       = 0 -> null
          - ipv6_cidr_block = "::/0" -> null
          - protocol        = "-1" -> null
          - rule_no         = 101 -> null
          - to_port         = 0 -> null
            # (1 unchanged attribute hidden)
        }
      - ingress {
          - action          = "allow" -> null
          - cidr_block      = "0.0.0.0/0" -> null
          - from_port       = 0 -> null
          - icmp_code       = 0 -> null
          - icmp_type       = 0 -> null
          - protocol        = "-1" -> null
          - rule_no         = 100 -> null
          - to_port         = 0 -> null
            # (1 unchanged attribute hidden)
        }
    }

  # module.vpc.aws_default_route_table.default[0] will be destroyed
  - resource "aws_default_route_table" "default" {
      - arn                    = "arn:aws:ec2:us-west-2:250699659274:route-table/rtb-0a07ced5bf2e2a0a7" -> null
      - default_route_table_id = "rtb-0a07ced5bf2e2a0a7" -> null
      - id                     = "rtb-0a07ced5bf2e2a0a7" -> null
      - owner_id               = "250699659274" -> null
      - propagating_vgws       = [] -> null
      - region                 = "us-west-2" -> null
      - route                  = [] -> null
      - tags                   = {
          - "Name" = "packt-lab-vpc-default"
        } -> null
      - tags_all               = {
          - "ManagedBy" = "terraform"
          - "Name"      = "packt-lab-vpc-default"
          - "Project"   = "packt-agentic-devops"
          - "Purpose"   = "lab-shared-vpc"
          - "Workshop"  = "packt"
        } -> null
      - vpc_id                 = "vpc-090d8f962722c6de5" -> null

      - timeouts {
          - create = "5m" -> null
          - update = "5m" -> null
        }
    }

  # module.vpc.aws_default_security_group.this[0] will be destroyed
  - resource "aws_default_security_group" "this" {
      - arn                    = "arn:aws:ec2:us-west-2:250699659274:security-group/sg-0bcf16d056ca0e44e" -> null
      - description            = "default VPC security group" -> null
      - egress                 = [] -> null
      - id                     = "sg-0bcf16d056ca0e44e" -> null
      - ingress                = [] -> null
      - name                   = "default" -> null
      - owner_id               = "250699659274" -> null
      - region                 = "us-west-2" -> null
      - revoke_rules_on_delete = false -> null
      - tags                   = {
          - "Name" = "packt-lab-vpc-default"
        } -> null
      - tags_all               = {
          - "ManagedBy" = "terraform"
          - "Name"      = "packt-lab-vpc-default"
          - "Project"   = "packt-agentic-devops"
          - "Purpose"   = "lab-shared-vpc"
          - "Workshop"  = "packt"
        } -> null
      - vpc_id                 = "vpc-090d8f962722c6de5" -> null
        # (1 unchanged attribute hidden)
    }

  # module.vpc.aws_internet_gateway.this[0] will be destroyed
  - resource "aws_internet_gateway" "this" {
      - arn      = "arn:aws:ec2:us-west-2:250699659274:internet-gateway/igw-0b902f0954da866d9" -> null
      - id       = "igw-0b902f0954da866d9" -> null
      - owner_id = "250699659274" -> null
      - region   = "us-west-2" -> null
      - tags     = {
          - "Name" = "packt-lab-vpc"
        } -> null
      - tags_all = {
          - "ManagedBy" = "terraform"
          - "Name"      = "packt-lab-vpc"
          - "Project"   = "packt-agentic-devops"
          - "Purpose"   = "lab-shared-vpc"
          - "Workshop"  = "packt"
        } -> null
      - vpc_id   = "vpc-090d8f962722c6de5" -> null
    }

  # module.vpc.aws_route.private_nat_gateway[0] will be destroyed
  - resource "aws_route" "private_nat_gateway" {
      - destination_cidr_block      = "0.0.0.0/0" -> null
      - id                          = "r-rtb-051390fd047ae6f961080289494" -> null
      - nat_gateway_id              = "nat-0cab2a56d521422b6" -> null
      - origin                      = "CreateRoute" -> null
      - region                      = "us-west-2" -> null
      - route_table_id              = "rtb-051390fd047ae6f96" -> null
      - state                       = "blackhole" -> null
        # (14 unchanged attributes hidden)

      - timeouts {
          - create = "5m" -> null
        }
    }

  # module.vpc.aws_route.public_internet_gateway[0] will be destroyed
  - resource "aws_route" "public_internet_gateway" {
      - destination_cidr_block      = "0.0.0.0/0" -> null
      - gateway_id                  = "igw-0b902f0954da866d9" -> null
      - id                          = "r-rtb-04a6b266797e1fc0e1080289494" -> null
      - origin                      = "CreateRoute" -> null
      - region                      = "us-west-2" -> null
      - route_table_id              = "rtb-04a6b266797e1fc0e" -> null
      - state                       = "active" -> null
        # (14 unchanged attributes hidden)

      - timeouts {
          - create = "5m" -> null
        }
    }

  # module.vpc.aws_route_table.private[0] will be destroyed
  - resource "aws_route_table" "private" {
      - arn              = "arn:aws:ec2:us-west-2:250699659274:route-table/rtb-051390fd047ae6f96" -> null
      - id               = "rtb-051390fd047ae6f96" -> null
      - owner_id         = "250699659274" -> null
      - propagating_vgws = [] -> null
      - region           = "us-west-2" -> null
      - route            = [
          - {
              - cidr_block                 = "0.0.0.0/0"
              - nat_gateway_id             = "nat-0cab2a56d521422b6"
                # (12 unchanged attributes hidden)
            },
        ] -> null
      - tags             = {
          - "Name" = "packt-lab-vpc-private"
        } -> null
      - tags_all         = {
          - "ManagedBy" = "terraform"
          - "Name"      = "packt-lab-vpc-private"
          - "Project"   = "packt-agentic-devops"
          - "Purpose"   = "lab-shared-vpc"
          - "Workshop"  = "packt"
        } -> null
      - vpc_id           = "vpc-090d8f962722c6de5" -> null
    }

  # module.vpc.aws_route_table.public[0] will be destroyed
  - resource "aws_route_table" "public" {
      - arn              = "arn:aws:ec2:us-west-2:250699659274:route-table/rtb-04a6b266797e1fc0e" -> null
      - id               = "rtb-04a6b266797e1fc0e" -> null
      - owner_id         = "250699659274" -> null
      - propagating_vgws = [] -> null
      - region           = "us-west-2" -> null
      - route            = [
          - {
              - cidr_block                 = "0.0.0.0/0"
              - gateway_id                 = "igw-0b902f0954da866d9"
                # (12 unchanged attributes hidden)
            },
        ] -> null
      - tags             = {
          - "Name" = "packt-lab-vpc-public"
        } -> null
      - tags_all         = {
          - "ManagedBy" = "terraform"
          - "Name"      = "packt-lab-vpc-public"
          - "Project"   = "packt-agentic-devops"
          - "Purpose"   = "lab-shared-vpc"
          - "Workshop"  = "packt"
        } -> null
      - vpc_id           = "vpc-090d8f962722c6de5" -> null
    }

  # module.vpc.aws_route_table_association.private[0] will be destroyed
  - resource "aws_route_table_association" "private" {
      - id             = "rtbassoc-0e50ffddf3ccd49c9" -> null
      - region         = "us-west-2" -> null
      - route_table_id = "rtb-051390fd047ae6f96" -> null
      - subnet_id      = "subnet-0164e85f19fc774b2" -> null
        # (1 unchanged attribute hidden)
    }

  # module.vpc.aws_route_table_association.private[1] will be destroyed
  - resource "aws_route_table_association" "private" {
      - id             = "rtbassoc-0f9f7c0609388b8ca" -> null
      - region         = "us-west-2" -> null
      - route_table_id = "rtb-051390fd047ae6f96" -> null
      - subnet_id      = "subnet-098b3b539fb56de47" -> null
        # (1 unchanged attribute hidden)
    }

  # module.vpc.aws_route_table_association.public[0] will be destroyed
  - resource "aws_route_table_association" "public" {
      - id             = "rtbassoc-0ac2b1331e7bedf55" -> null
      - region         = "us-west-2" -> null
      - route_table_id = "rtb-04a6b266797e1fc0e" -> null
      - subnet_id      = "subnet-0e2ef811bf0637535" -> null
        # (1 unchanged attribute hidden)
    }

  # module.vpc.aws_route_table_association.public[1] will be destroyed
  - resource "aws_route_table_association" "public" {
      - id             = "rtbassoc-03dab3eb06caa80b7" -> null
      - region         = "us-west-2" -> null
      - route_table_id = "rtb-04a6b266797e1fc0e" -> null
      - subnet_id      = "subnet-04cb4190198cd00d4" -> null
        # (1 unchanged attribute hidden)
    }

  # module.vpc.aws_subnet.private[0] will be destroyed
  - resource "aws_subnet" "private" {
      - arn                                            = "arn:aws:ec2:us-west-2:250699659274:subnet/subnet-0164e85f19fc774b2" -> null
      - assign_ipv6_address_on_creation                = false -> null
      - availability_zone                              = "us-west-2a" -> null
      - availability_zone_id                           = "usw2-az2" -> null
      - cidr_block                                     = "10.0.0.0/18" -> null
      - enable_dns64                                   = false -> null
      - enable_lni_at_device_index                     = 0 -> null
      - enable_resource_name_dns_a_record_on_launch    = false -> null
      - enable_resource_name_dns_aaaa_record_on_launch = false -> null
      - id                                             = "subnet-0164e85f19fc774b2" -> null
      - ipv6_native                                    = false -> null
      - map_customer_owned_ip_on_launch                = false -> null
      - map_public_ip_on_launch                        = false -> null
      - owner_id                                       = "250699659274" -> null
      - private_dns_hostname_type_on_launch            = "ip-name" -> null
      - region                                         = "us-west-2" -> null
      - tags                                           = {
          - "Name"                            = "packt-lab-vpc-private-us-west-2a"
          - "kubernetes.io/role/internal-elb" = "1"
        } -> null
      - tags_all                                       = {
          - "ManagedBy"                       = "terraform"
          - "Name"                            = "packt-lab-vpc-private-us-west-2a"
          - "Project"                         = "packt-agentic-devops"
          - "Purpose"                         = "lab-shared-vpc"
          - "Workshop"                        = "packt"
          - "kubernetes.io/role/internal-elb" = "1"
        } -> null
      - vpc_id                                         = "vpc-090d8f962722c6de5" -> null
        # (4 unchanged attributes hidden)
    }

  # module.vpc.aws_subnet.private[1] will be destroyed
  - resource "aws_subnet" "private" {
      - arn                                            = "arn:aws:ec2:us-west-2:250699659274:subnet/subnet-098b3b539fb56de47" -> null
      - assign_ipv6_address_on_creation                = false -> null
      - availability_zone                              = "us-west-2b" -> null
      - availability_zone_id                           = "usw2-az1" -> null
      - cidr_block                                     = "10.0.64.0/18" -> null
      - enable_dns64                                   = false -> null
      - enable_lni_at_device_index                     = 0 -> null
      - enable_resource_name_dns_a_record_on_launch    = false -> null
      - enable_resource_name_dns_aaaa_record_on_launch = false -> null
      - id                                             = "subnet-098b3b539fb56de47" -> null
      - ipv6_native                                    = false -> null
      - map_customer_owned_ip_on_launch                = false -> null
      - map_public_ip_on_launch                        = false -> null
      - owner_id                                       = "250699659274" -> null
      - private_dns_hostname_type_on_launch            = "ip-name" -> null
      - region                                         = "us-west-2" -> null
      - tags                                           = {
          - "Name"                            = "packt-lab-vpc-private-us-west-2b"
          - "kubernetes.io/role/internal-elb" = "1"
        } -> null
      - tags_all                                       = {
          - "ManagedBy"                       = "terraform"
          - "Name"                            = "packt-lab-vpc-private-us-west-2b"
          - "Project"                         = "packt-agentic-devops"
          - "Purpose"                         = "lab-shared-vpc"
          - "Workshop"                        = "packt"
          - "kubernetes.io/role/internal-elb" = "1"
        } -> null
      - vpc_id                                         = "vpc-090d8f962722c6de5" -> null
        # (4 unchanged attributes hidden)
    }

  # module.vpc.aws_subnet.public[0] will be destroyed
  - resource "aws_subnet" "public" {
      - arn                                            = "arn:aws:ec2:us-west-2:250699659274:subnet/subnet-0e2ef811bf0637535" -> null
      - assign_ipv6_address_on_creation                = false -> null
      - availability_zone                              = "us-west-2a" -> null
      - availability_zone_id                           = "usw2-az2" -> null
      - cidr_block                                     = "10.0.128.0/24" -> null
      - enable_dns64                                   = false -> null
      - enable_lni_at_device_index                     = 0 -> null
      - enable_resource_name_dns_a_record_on_launch    = false -> null
      - enable_resource_name_dns_aaaa_record_on_launch = false -> null
      - id                                             = "subnet-0e2ef811bf0637535" -> null
      - ipv6_native                                    = false -> null
      - map_customer_owned_ip_on_launch                = false -> null
      - map_public_ip_on_launch                        = false -> null
      - owner_id                                       = "250699659274" -> null
      - private_dns_hostname_type_on_launch            = "ip-name" -> null
      - region                                         = "us-west-2" -> null
      - tags                                           = {
          - "Name"                   = "packt-lab-vpc-public-us-west-2a"
          - "kubernetes.io/role/elb" = "1"
        } -> null
      - tags_all                                       = {
          - "ManagedBy"              = "terraform"
          - "Name"                   = "packt-lab-vpc-public-us-west-2a"
          - "Project"                = "packt-agentic-devops"
          - "Purpose"                = "lab-shared-vpc"
          - "Workshop"               = "packt"
          - "kubernetes.io/role/elb" = "1"
        } -> null
      - vpc_id                                         = "vpc-090d8f962722c6de5" -> null
        # (4 unchanged attributes hidden)
    }

  # module.vpc.aws_subnet.public[1] will be destroyed
  - resource "aws_subnet" "public" {
      - arn                                            = "arn:aws:ec2:us-west-2:250699659274:subnet/subnet-04cb4190198cd00d4" -> null
      - assign_ipv6_address_on_creation                = false -> null
      - availability_zone                              = "us-west-2b" -> null
      - availability_zone_id                           = "usw2-az1" -> null
      - cidr_block                                     = "10.0.129.0/24" -> null
      - enable_dns64                                   = false -> null
      - enable_lni_at_device_index                     = 0 -> null
      - enable_resource_name_dns_a_record_on_launch    = false -> null
      - enable_resource_name_dns_aaaa_record_on_launch = false -> null
      - id                                             = "subnet-04cb4190198cd00d4" -> null
      - ipv6_native                                    = false -> null
      - map_customer_owned_ip_on_launch                = false -> null
      - map_public_ip_on_launch                        = false -> null
      - owner_id                                       = "250699659274" -> null
      - private_dns_hostname_type_on_launch            = "ip-name" -> null
      - region                                         = "us-west-2" -> null
      - tags                                           = {
          - "Name"                   = "packt-lab-vpc-public-us-west-2b"
          - "kubernetes.io/role/elb" = "1"
        } -> null
      - tags_all                                       = {
          - "ManagedBy"              = "terraform"
          - "Name"                   = "packt-lab-vpc-public-us-west-2b"
          - "Project"                = "packt-agentic-devops"
          - "Purpose"                = "lab-shared-vpc"
          - "Workshop"               = "packt"
          - "kubernetes.io/role/elb" = "1"
        } -> null
      - vpc_id                                         = "vpc-090d8f962722c6de5" -> null
        # (4 unchanged attributes hidden)
    }

  # module.vpc.aws_vpc.this[0] will be destroyed
  - resource "aws_vpc" "this" {
      - arn                                  = "arn:aws:ec2:us-west-2:250699659274:vpc/vpc-090d8f962722c6de5" -> null
      - assign_generated_ipv6_cidr_block     = false -> null
      - cidr_block                           = "10.0.0.0/16" -> null
      - default_network_acl_id               = "acl-08cb017c5788ed5b9" -> null
      - default_route_table_id               = "rtb-0a07ced5bf2e2a0a7" -> null
      - default_security_group_id            = "sg-0bcf16d056ca0e44e" -> null
      - dhcp_options_id                      = "dopt-08e8a8c047704deba" -> null
      - enable_dns_hostnames                 = true -> null
      - enable_dns_support                   = true -> null
      - enable_network_address_usage_metrics = false -> null
      - id                                   = "vpc-090d8f962722c6de5" -> null
      - instance_tenancy                     = "default" -> null
      - ipv6_netmask_length                  = 0 -> null
      - main_route_table_id                  = "rtb-0a07ced5bf2e2a0a7" -> null
      - owner_id                             = "250699659274" -> null
      - region                               = "us-west-2" -> null
      - tags                                 = {
          - "Name" = "packt-lab-vpc"
        } -> null
      - tags_all                             = {
          - "ManagedBy" = "terraform"
          - "Name"      = "packt-lab-vpc"
          - "Project"   = "packt-agentic-devops"
          - "Purpose"   = "lab-shared-vpc"
          - "Workshop"  = "packt"
        } -> null
        # (4 unchanged attributes hidden)
    }

Plan: 0 to add, 0 to change, 17 to destroy.

Changes to Outputs:
  - private_subnet_ids = [
      - "subnet-0164e85f19fc774b2",
      - "subnet-098b3b539fb56de47",
    ] -> null
  - region             = "us-west-2" -> null
  - vpc_id             = "vpc-090d8f962722c6de5" -> null
module.vpc.aws_route_table_association.public[0]: Destroying... [id=rtbassoc-0ac2b1331e7bedf55]
module.vpc.aws_route.private_nat_gateway[0]: Destroying... [id=r-rtb-051390fd047ae6f961080289494]
module.vpc.aws_route_table_association.private[1]: Destroying... [id=rtbassoc-0f9f7c0609388b8ca]
module.vpc.aws_route_table_association.private[0]: Destroying... [id=rtbassoc-0e50ffddf3ccd49c9]
module.vpc.aws_default_security_group.this[0]: Destroying... [id=sg-0bcf16d056ca0e44e]
module.vpc.aws_route_table_association.public[1]: Destroying... [id=rtbassoc-03dab3eb06caa80b7]
module.vpc.aws_route.public_internet_gateway[0]: Destroying... [id=r-rtb-04a6b266797e1fc0e1080289494]
module.vpc.aws_default_route_table.default[0]: Destroying... [id=rtb-0a07ced5bf2e2a0a7]
module.vpc.aws_default_route_table.default[0]: Destruction complete after 0s
module.vpc.aws_default_network_acl.this[0]: Destroying... [id=acl-08cb017c5788ed5b9]
module.vpc.aws_default_security_group.this[0]: Destruction complete after 0s
module.vpc.aws_default_network_acl.this[0]: Destruction complete after 0s
module.vpc.aws_route_table_association.public[0]: Destruction complete after 1s
module.vpc.aws_route_table_association.private[0]: Destruction complete after 1s
module.vpc.aws_route_table_association.public[1]: Destruction complete after 1s
module.vpc.aws_route_table_association.private[1]: Destruction complete after 1s
module.vpc.aws_subnet.private[0]: Destroying... [id=subnet-0164e85f19fc774b2]
module.vpc.aws_subnet.private[1]: Destroying... [id=subnet-098b3b539fb56de47]
module.vpc.aws_route.private_nat_gateway[0]: Destruction complete after 1s
module.vpc.aws_route_table.private[0]: Destroying... [id=rtb-051390fd047ae6f96]
module.vpc.aws_subnet.public[1]: Destroying... [id=subnet-04cb4190198cd00d4]
module.vpc.aws_subnet.public[0]: Destroying... [id=subnet-0e2ef811bf0637535]
module.vpc.aws_route.public_internet_gateway[0]: Destruction complete after 1s
module.vpc.aws_route_table.public[0]: Destroying... [id=rtb-04a6b266797e1fc0e]
module.vpc.aws_internet_gateway.this[0]: Destroying... [id=igw-0b902f0954da866d9]
module.vpc.aws_subnet.private[1]: Destruction complete after 0s
module.vpc.aws_subnet.private[0]: Destruction complete after 0s
module.vpc.aws_subnet.public[0]: Destruction complete after 1s
module.vpc.aws_internet_gateway.this[0]: Destruction complete after 1s
module.vpc.aws_subnet.public[1]: Destruction complete after 1s
module.vpc.aws_route_table.private[0]: Destruction complete after 1s
module.vpc.aws_route_table.public[0]: Destruction complete after 1s
module.vpc.aws_vpc.this[0]: Destroying... [id=vpc-090d8f962722c6de5]
module.vpc.aws_vpc.this[0]: Still destroying... [id=vpc-090d8f962722c6de5, 00m10s elapsed]
module.vpc.aws_vpc.this[0]: Still destroying... [id=vpc-090d8f962722c6de5, 00m20s elapsed]
module.vpc.aws_vpc.this[0]: Still destroying... [id=vpc-090d8f962722c6de5, 00m30s elapsed]
module.vpc.aws_vpc.this[0]: Still destroying... [id=vpc-090d8f962722c6de5, 00m40s elapsed]
module.vpc.aws_vpc.this[0]: Still destroying... [id=vpc-090d8f962722c6de5, 00m50s elapsed]
module.vpc.aws_vpc.this[0]: Still destroying... [id=vpc-090d8f962722c6de5, 01m00s elapsed]
module.vpc.aws_vpc.this[0]: Still destroying... [id=vpc-090d8f962722c6de5, 01m10s elapsed]
module.vpc.aws_vpc.this[0]: Still destroying... [id=vpc-090d8f962722c6de5, 01m20s elapsed]
module.vpc.aws_vpc.this[0]: Still destroying... [id=vpc-090d8f962722c6de5, 01m30s elapsed]
module.vpc.aws_vpc.this[0]: Still destroying... [id=vpc-090d8f962722c6de5, 01m40s elapsed]
module.vpc.aws_vpc.this[0]: Still destroying... [id=vpc-090d8f962722c6de5, 01m50s elapsed]
module.vpc.aws_vpc.this[0]: Still destroying... [id=vpc-090d8f962722c6de5, 02m00s elapsed]
module.vpc.aws_vpc.this[0]: Still destroying... [id=vpc-090d8f962722c6de5, 02m10s elapsed]
module.vpc.aws_vpc.this[0]: Still destroying... [id=vpc-090d8f962722c6de5, 02m20s elapsed]
module.vpc.aws_vpc.this[0]: Still destroying... [id=vpc-090d8f962722c6de5, 02m30s elapsed]
module.vpc.aws_vpc.this[0]: Still destroying... [id=vpc-090d8f962722c6de5, 02m40s elapsed]
module.vpc.aws_vpc.this[0]: Still destroying... [id=vpc-090d8f962722c6de5, 02m50s elapsed]
module.vpc.aws_vpc.this[0]: Still destroying... [id=vpc-090d8f962722c6de5, 03m00s elapsed]
module.vpc.aws_vpc.this[0]: Still destroying... [id=vpc-090d8f962722c6de5, 03m10s elapsed]
module.vpc.aws_vpc.this[0]: Still destroying... [id=vpc-090d8f962722c6de5, 03m20s elapsed]
module.vpc.aws_vpc.this[0]: Still destroying... [id=vpc-090d8f962722c6de5, 03m30s elapsed]
module.vpc.aws_vpc.this[0]: Still destroying... [id=vpc-090d8f962722c6de5, 03m40s elapsed]
module.vpc.aws_vpc.this[0]: Still destroying... [id=vpc-090d8f962722c6de5, 03m50s elapsed]
module.vpc.aws_vpc.this[0]: Still destroying... [id=vpc-090d8f962722c6de5, 04m00s elapsed]
module.vpc.aws_vpc.this[0]: Still destroying... [id=vpc-090d8f962722c6de5, 04m10s elapsed]
module.vpc.aws_vpc.this[0]: Still destroying... [id=vpc-090d8f962722c6de5, 04m20s elapsed]
module.vpc.aws_vpc.this[0]: Still destroying... [id=vpc-090d8f962722c6de5, 04m30s elapsed]
module.vpc.aws_vpc.this[0]: Still destroying... [id=vpc-090d8f962722c6de5, 04m40s elapsed]
module.vpc.aws_vpc.this[0]: Still destroying... [id=vpc-090d8f962722c6de5, 04m50s elapsed]
module.vpc.aws_vpc.this[0]: Still destroying... [id=vpc-090d8f962722c6de5, 05m00s elapsed]
module.vpc.aws_vpc.this[0]: Still destroying... [id=vpc-090d8f962722c6de5, 05m10s elapsed]
module.vpc.aws_vpc.this[0]: Still destroying... [id=vpc-090d8f962722c6de5, 05m20s elapsed]
module.vpc.aws_vpc.this[0]: Still destroying... [id=vpc-090d8f962722c6de5, 05m30s elapsed]
module.vpc.aws_vpc.this[0]: Still destroying... [id=vpc-090d8f962722c6de5, 05m40s elapsed]
module.vpc.aws_vpc.this[0]: Still destroying... [id=vpc-090d8f962722c6de5, 05m50s elapsed]
module.vpc.aws_vpc.this[0]: Still destroying... [id=vpc-090d8f962722c6de5, 06m00s elapsed]
module.vpc.aws_vpc.this[0]: Still destroying... [id=vpc-090d8f962722c6de5, 06m10s elapsed]
module.vpc.aws_vpc.this[0]: Still destroying... [id=vpc-090d8f962722c6de5, 06m20s elapsed]
module.vpc.aws_vpc.this[0]: Still destroying... [id=vpc-090d8f962722c6de5, 06m30s elapsed]
module.vpc.aws_vpc.this[0]: Still destroying... [id=vpc-090d8f962722c6de5, 06m40s elapsed]
module.vpc.aws_vpc.this[0]: Still destroying... [id=vpc-090d8f962722c6de5, 06m50s elapsed]
module.vpc.aws_vpc.this[0]: Still destroying... [id=vpc-090d8f962722c6de5, 07m00s elapsed]
module.vpc.aws_vpc.this[0]: Still destroying... [id=vpc-090d8f962722c6de5, 07m10s elapsed]
module.vpc.aws_vpc.this[0]: Still destroying... [id=vpc-090d8f962722c6de5, 07m20s elapsed]
module.vpc.aws_vpc.this[0]: Still destroying... [id=vpc-090d8f962722c6de5, 07m30s elapsed]
module.vpc.aws_vpc.this[0]: Still destroying... [id=vpc-090d8f962722c6de5, 07m40s elapsed]
module.vpc.aws_vpc.this[0]: Still destroying... [id=vpc-090d8f962722c6de5, 07m50s elapsed]
module.vpc.aws_vpc.this[0]: Still destroying... [id=vpc-090d8f962722c6de5, 08m00s elapsed]
module.vpc.aws_vpc.this[0]: Still destroying... [id=vpc-090d8f962722c6de5, 08m10s elapsed]
module.vpc.aws_vpc.this[0]: Still destroying... [id=vpc-090d8f962722c6de5, 08m20s elapsed]
module.vpc.aws_vpc.this[0]: Still destroying... [id=vpc-090d8f962722c6de5, 08m30s elapsed]
module.vpc.aws_vpc.this[0]: Still destroying... [id=vpc-090d8f962722c6de5, 08m40s elapsed]
module.vpc.aws_vpc.this[0]: Still destroying... [id=vpc-090d8f962722c6de5, 08m50s elapsed]
module.vpc.aws_vpc.this[0]: Destruction complete after 8m54s

Destroy complete! Resources: 17 destroyed.
