
Warning: Deprecated flag: -state

Use the "path" attribute within the "local" backend to specify a file for
state storage
data.aws_availability_zones.available: Reading...
module.vpc.aws_vpc.this[0]: Refreshing state... [id=vpc-0665e26c7819c6ece]
data.aws_availability_zones.available: Read complete after 0s [id=us-west-2]
module.vpc.aws_default_network_acl.this[0]: Refreshing state... [id=acl-0c8e11bf4ba9e8d8c]
module.vpc.aws_default_route_table.default[0]: Refreshing state... [id=rtb-05e374b2409c19ff8]
module.vpc.aws_default_security_group.this[0]: Refreshing state... [id=sg-00e5becf0619fb3f3]
module.vpc.aws_internet_gateway.this[0]: Refreshing state... [id=igw-0b4acb1b499e6404d]
module.vpc.aws_route_table.private[0]: Refreshing state... [id=rtb-04cfb5453f501a64e]
module.vpc.aws_subnet.public[1]: Refreshing state... [id=subnet-0d9e57ac24a9a7c03]
module.vpc.aws_route_table.public[0]: Refreshing state... [id=rtb-016cc8eb554febdf8]
module.vpc.aws_subnet.public[0]: Refreshing state... [id=subnet-092c953159cf10ea2]
module.vpc.aws_subnet.private[1]: Refreshing state... [id=subnet-0597b750e95e773c8]
module.vpc.aws_subnet.private[0]: Refreshing state... [id=subnet-0bfed54fd95f5e86b]
module.vpc.aws_eip.nat[0]: Refreshing state... [id=eipalloc-06da64c199e407404]
module.vpc.aws_route.public_internet_gateway[0]: Refreshing state... [id=r-rtb-016cc8eb554febdf81080289494]
module.vpc.aws_route_table_association.public[1]: Refreshing state... [id=rtbassoc-057f49c580d6da5d9]
module.vpc.aws_route_table_association.public[0]: Refreshing state... [id=rtbassoc-0b949e9f83c84eb2f]
module.vpc.aws_route_table_association.private[1]: Refreshing state... [id=rtbassoc-090cc23e91285ff61]
module.vpc.aws_route_table_association.private[0]: Refreshing state... [id=rtbassoc-036297355f574dce1]
module.vpc.aws_nat_gateway.this[0]: Refreshing state... [id=nat-0fa7ffa39826af6f4]
module.vpc.aws_route.private_nat_gateway[0]: Refreshing state... [id=r-rtb-04cfb5453f501a64e1080289494]

Terraform used the selected providers to generate the following execution
plan. Resource actions are indicated with the following symbols:
  - destroy

Terraform will perform the following actions:

  # module.vpc.aws_default_network_acl.this[0] will be destroyed
  - resource "aws_default_network_acl" "this" {
      - arn                    = "arn:aws:ec2:us-west-2:948731545609:network-acl/acl-0c8e11bf4ba9e8d8c" -> null
      - default_network_acl_id = "acl-0c8e11bf4ba9e8d8c" -> null
      - id                     = "acl-0c8e11bf4ba9e8d8c" -> null
      - owner_id               = "948731545609" -> null
      - region                 = "us-west-2" -> null
      - subnet_ids             = [
          - "subnet-0597b750e95e773c8",
          - "subnet-092c953159cf10ea2",
          - "subnet-0bfed54fd95f5e86b",
          - "subnet-0d9e57ac24a9a7c03",
        ] -> null
      - tags                   = {
          - "Name" = "packt-lab-vpc-default"
        } -> null
      - tags_all               = {
          - "ManagedBy" = "terraform"
          - "Name"      = "packt-lab-vpc-default"
          - "Project"   = "packt-agentic-devops"
          - "Purpose"   = "lab-shared-vpc"
          - "Workshop"  = "packt"
        } -> null
      - vpc_id                 = "vpc-0665e26c7819c6ece" -> null

      - egress {
          - action          = "allow" -> null
          - from_port       = 0 -> null
          - icmp_code       = 0 -> null
          - icmp_type       = 0 -> null
          - ipv6_cidr_block = "::/0" -> null
          - protocol        = "-1" -> null
          - rule_no         = 101 -> null
          - to_port         = 0 -> null
            # (1 unchanged attribute hidden)
        }
      - egress {
          - action          = "allow" -> null
          - cidr_block      = "0.0.0.0/0" -> null
          - from_port       = 0 -> null
          - icmp_code       = 0 -> null
          - icmp_type       = 0 -> null
          - protocol        = "-1" -> null
          - rule_no         = 100 -> null
          - to_port         = 0 -> null
            # (1 unchanged attribute hidden)
        }

      - ingress {
          - action          = "allow" -> null
          - from_port       = 0 -> null
          - icmp_code       = 0 -> null
          - icmp_type       = 0 -> null
          - ipv6_cidr_block = "::/0" -> null
          - protocol        = "-1" -> null
          - rule_no         = 101 -> null
          - to_port         = 0 -> null
            # (1 unchanged attribute hidden)
        }
      - ingress {
          - action          = "allow" -> null
          - cidr_block      = "0.0.0.0/0" -> null
          - from_port       = 0 -> null
          - icmp_code       = 0 -> null
          - icmp_type       = 0 -> null
          - protocol        = "-1" -> null
          - rule_no         = 100 -> null
          - to_port         = 0 -> null
            # (1 unchanged attribute hidden)
        }
    }

  # module.vpc.aws_default_route_table.default[0] will be destroyed
  - resource "aws_default_route_table" "default" {
      - arn                    = "arn:aws:ec2:us-west-2:948731545609:route-table/rtb-05e374b2409c19ff8" -> null
      - default_route_table_id = "rtb-05e374b2409c19ff8" -> null
      - id                     = "rtb-05e374b2409c19ff8" -> null
      - owner_id               = "948731545609" -> null
      - propagating_vgws       = [] -> null
      - region                 = "us-west-2" -> null
      - route                  = [] -> null
      - tags                   = {
          - "Name" = "packt-lab-vpc-default"
        } -> null
      - tags_all               = {
          - "ManagedBy" = "terraform"
          - "Name"      = "packt-lab-vpc-default"
          - "Project"   = "packt-agentic-devops"
          - "Purpose"   = "lab-shared-vpc"
          - "Workshop"  = "packt"
        } -> null
      - vpc_id                 = "vpc-0665e26c7819c6ece" -> null

      - timeouts {
          - create = "5m" -> null
          - update = "5m" -> null
        }
    }

  # module.vpc.aws_default_security_group.this[0] will be destroyed
  - resource "aws_default_security_group" "this" {
      - arn                    = "arn:aws:ec2:us-west-2:948731545609:security-group/sg-00e5becf0619fb3f3" -> null
      - description            = "default VPC security group" -> null
      - egress                 = [] -> null
      - id                     = "sg-00e5becf0619fb3f3" -> null
      - ingress                = [] -> null
      - name                   = "default" -> null
      - owner_id               = "948731545609" -> null
      - region                 = "us-west-2" -> null
      - revoke_rules_on_delete = false -> null
      - tags                   = {
          - "Name" = "packt-lab-vpc-default"
        } -> null
      - tags_all               = {
          - "ManagedBy" = "terraform"
          - "Name"      = "packt-lab-vpc-default"
          - "Project"   = "packt-agentic-devops"
          - "Purpose"   = "lab-shared-vpc"
          - "Workshop"  = "packt"
        } -> null
      - vpc_id                 = "vpc-0665e26c7819c6ece" -> null
        # (1 unchanged attribute hidden)
    }

  # module.vpc.aws_eip.nat[0] will be destroyed
  - resource "aws_eip" "nat" {
      - allocation_id            = "eipalloc-06da64c199e407404" -> null
      - arn                      = "arn:aws:ec2:us-west-2:948731545609:elastic-ip/eipalloc-06da64c199e407404" -> null
      - association_id           = "eipassoc-0d20a4cee4f869653" -> null
      - domain                   = "vpc" -> null
      - id                       = "eipalloc-06da64c199e407404" -> null
      - network_border_group     = "us-west-2" -> null
      - network_interface        = "eni-05704de4eb70f8497" -> null
      - private_dns              = "ip-10-0-128-33.us-west-2.compute.internal" -> null
      - private_ip               = "10.0.128.33" -> null
      - public_dns               = "ec2-35-84-93-1.us-west-2.compute.amazonaws.com" -> null
      - public_ip                = "35.84.93.1" -> null
      - public_ipv4_pool         = "amazon" -> null
      - region                   = "us-west-2" -> null
      - tags                     = {
          - "Name" = "packt-lab-vpc-us-west-2a"
        } -> null
      - tags_all                 = {
          - "ManagedBy" = "terraform"
          - "Name"      = "packt-lab-vpc-us-west-2a"
          - "Project"   = "packt-agentic-devops"
          - "Purpose"   = "lab-shared-vpc"
          - "Workshop"  = "packt"
        } -> null
        # (6 unchanged attributes hidden)
    }

  # module.vpc.aws_internet_gateway.this[0] will be destroyed
  - resource "aws_internet_gateway" "this" {
      - arn      = "arn:aws:ec2:us-west-2:948731545609:internet-gateway/igw-0b4acb1b499e6404d" -> null
      - id       = "igw-0b4acb1b499e6404d" -> null
      - owner_id = "948731545609" -> null
      - region   = "us-west-2" -> null
      - tags     = {
          - "Name" = "packt-lab-vpc"
        } -> null
      - tags_all = {
          - "ManagedBy" = "terraform"
          - "Name"      = "packt-lab-vpc"
          - "Project"   = "packt-agentic-devops"
          - "Purpose"   = "lab-shared-vpc"
          - "Workshop"  = "packt"
        } -> null
      - vpc_id   = "vpc-0665e26c7819c6ece" -> null
    }

  # module.vpc.aws_nat_gateway.this[0] will be destroyed
  - resource "aws_nat_gateway" "this" {
      - allocation_id                      = "eipalloc-06da64c199e407404" -> null
      - association_id                     = "eipassoc-0d20a4cee4f869653" -> null
      - availability_mode                  = "zonal" -> null
      - connectivity_type                  = "public" -> null
      - id                                 = "nat-0fa7ffa39826af6f4" -> null
      - network_interface_id               = "eni-05704de4eb70f8497" -> null
      - private_ip                         = "10.0.128.33" -> null
      - public_ip                          = "35.84.93.1" -> null
      - region                             = "us-west-2" -> null
      - regional_nat_gateway_address       = [] -> null
      - secondary_allocation_ids           = [] -> null
      - secondary_private_ip_address_count = 0 -> null
      - secondary_private_ip_addresses     = [] -> null
      - subnet_id                          = "subnet-092c953159cf10ea2" -> null
      - tags                               = {
          - "Name" = "packt-lab-vpc-us-west-2a"
        } -> null
      - tags_all                           = {
          - "ManagedBy" = "terraform"
          - "Name"      = "packt-lab-vpc-us-west-2a"
          - "Project"   = "packt-agentic-devops"
          - "Purpose"   = "lab-shared-vpc"
          - "Workshop"  = "packt"
        } -> null
      - vpc_id                             = "vpc-0665e26c7819c6ece" -> null
    }

  # module.vpc.aws_route.private_nat_gateway[0] will be destroyed
  - resource "aws_route" "private_nat_gateway" {
      - destination_cidr_block      = "0.0.0.0/0" -> null
      - id                          = "r-rtb-04cfb5453f501a64e1080289494" -> null
      - nat_gateway_id              = "nat-0fa7ffa39826af6f4" -> null
      - origin                      = "CreateRoute" -> null
      - region                      = "us-west-2" -> null
      - route_table_id              = "rtb-04cfb5453f501a64e" -> null
      - state                       = "active" -> null
        # (14 unchanged attributes hidden)

      - timeouts {
          - create = "5m" -> null
        }
    }

  # module.vpc.aws_route.public_internet_gateway[0] will be destroyed
  - resource "aws_route" "public_internet_gateway" {
      - destination_cidr_block      = "0.0.0.0/0" -> null
      - gateway_id                  = "igw-0b4acb1b499e6404d" -> null
      - id                          = "r-rtb-016cc8eb554febdf81080289494" -> null
      - origin                      = "CreateRoute" -> null
      - region                      = "us-west-2" -> null
      - route_table_id              = "rtb-016cc8eb554febdf8" -> null
      - state                       = "active" -> null
        # (14 unchanged attributes hidden)

      - timeouts {
          - create = "5m" -> null
        }
    }

  # module.vpc.aws_route_table.private[0] will be destroyed
  - resource "aws_route_table" "private" {
      - arn              = "arn:aws:ec2:us-west-2:948731545609:route-table/rtb-04cfb5453f501a64e" -> null
      - id               = "rtb-04cfb5453f501a64e" -> null
      - owner_id         = "948731545609" -> null
      - propagating_vgws = [] -> null
      - region           = "us-west-2" -> null
      - route            = [
          - {
              - cidr_block                 = "0.0.0.0/0"
              - nat_gateway_id             = "nat-0fa7ffa39826af6f4"
                # (12 unchanged attributes hidden)
            },
        ] -> null
      - tags             = {
          - "Name" = "packt-lab-vpc-private"
        } -> null
      - tags_all         = {
          - "ManagedBy" = "terraform"
          - "Name"      = "packt-lab-vpc-private"
          - "Project"   = "packt-agentic-devops"
          - "Purpose"   = "lab-shared-vpc"
          - "Workshop"  = "packt"
        } -> null
      - vpc_id           = "vpc-0665e26c7819c6ece" -> null
    }

  # module.vpc.aws_route_table.public[0] will be destroyed
  - resource "aws_route_table" "public" {
      - arn              = "arn:aws:ec2:us-west-2:948731545609:route-table/rtb-016cc8eb554febdf8" -> null
      - id               = "rtb-016cc8eb554febdf8" -> null
      - owner_id         = "948731545609" -> null
      - propagating_vgws = [] -> null
      - region           = "us-west-2" -> null
      - route            = [
          - {
              - cidr_block                 = "0.0.0.0/0"
              - gateway_id                 = "igw-0b4acb1b499e6404d"
                # (12 unchanged attributes hidden)
            },
        ] -> null
      - tags             = {
          - "Name" = "packt-lab-vpc-public"
        } -> null
      - tags_all         = {
          - "ManagedBy" = "terraform"
          - "Name"      = "packt-lab-vpc-public"
          - "Project"   = "packt-agentic-devops"
          - "Purpose"   = "lab-shared-vpc"
          - "Workshop"  = "packt"
        } -> null
      - vpc_id           = "vpc-0665e26c7819c6ece" -> null
    }

  # module.vpc.aws_route_table_association.private[0] will be destroyed
  - resource "aws_route_table_association" "private" {
      - id             = "rtbassoc-036297355f574dce1" -> null
      - region         = "us-west-2" -> null
      - route_table_id = "rtb-04cfb5453f501a64e" -> null
      - subnet_id      = "subnet-0bfed54fd95f5e86b" -> null
        # (1 unchanged attribute hidden)
    }

  # module.vpc.aws_route_table_association.private[1] will be destroyed
  - resource "aws_route_table_association" "private" {
      - id             = "rtbassoc-090cc23e91285ff61" -> null
      - region         = "us-west-2" -> null
      - route_table_id = "rtb-04cfb5453f501a64e" -> null
      - subnet_id      = "subnet-0597b750e95e773c8" -> null
        # (1 unchanged attribute hidden)
    }

  # module.vpc.aws_route_table_association.public[0] will be destroyed
  - resource "aws_route_table_association" "public" {
      - id             = "rtbassoc-0b949e9f83c84eb2f" -> null
      - region         = "us-west-2" -> null
      - route_table_id = "rtb-016cc8eb554febdf8" -> null
      - subnet_id      = "subnet-092c953159cf10ea2" -> null
        # (1 unchanged attribute hidden)
    }

  # module.vpc.aws_route_table_association.public[1] will be destroyed
  - resource "aws_route_table_association" "public" {
      - id             = "rtbassoc-057f49c580d6da5d9" -> null
      - region         = "us-west-2" -> null
      - route_table_id = "rtb-016cc8eb554febdf8" -> null
      - subnet_id      = "subnet-0d9e57ac24a9a7c03" -> null
        # (1 unchanged attribute hidden)
    }

  # module.vpc.aws_subnet.private[0] will be destroyed
  - resource "aws_subnet" "private" {
      - arn                                            = "arn:aws:ec2:us-west-2:948731545609:subnet/subnet-0bfed54fd95f5e86b" -> null
      - assign_ipv6_address_on_creation                = false -> null
      - availability_zone                              = "us-west-2a" -> null
      - availability_zone_id                           = "usw2-az2" -> null
      - cidr_block                                     = "10.0.0.0/18" -> null
      - enable_dns64                                   = false -> null
      - enable_lni_at_device_index                     = 0 -> null
      - enable_resource_name_dns_a_record_on_launch    = false -> null
      - enable_resource_name_dns_aaaa_record_on_launch = false -> null
      - id                                             = "subnet-0bfed54fd95f5e86b" -> null
      - ipv6_native                                    = false -> null
      - map_customer_owned_ip_on_launch                = false -> null
      - map_public_ip_on_launch                        = false -> null
      - owner_id                                       = "948731545609" -> null
      - private_dns_hostname_type_on_launch            = "ip-name" -> null
      - region                                         = "us-west-2" -> null
      - tags                                           = {
          - "Name"                            = "packt-lab-vpc-private-us-west-2a"
          - "kubernetes.io/role/internal-elb" = "1"
        } -> null
      - tags_all                                       = {
          - "ManagedBy"                       = "terraform"
          - "Name"                            = "packt-lab-vpc-private-us-west-2a"
          - "Project"                         = "packt-agentic-devops"
          - "Purpose"                         = "lab-shared-vpc"
          - "Workshop"                        = "packt"
          - "kubernetes.io/role/internal-elb" = "1"
        } -> null
      - vpc_id                                         = "vpc-0665e26c7819c6ece" -> null
        # (4 unchanged attributes hidden)
    }

  # module.vpc.aws_subnet.private[1] will be destroyed
  - resource "aws_subnet" "private" {
      - arn                                            = "arn:aws:ec2:us-west-2:948731545609:subnet/subnet-0597b750e95e773c8" -> null
      - assign_ipv6_address_on_creation                = false -> null
      - availability_zone                              = "us-west-2b" -> null
      - availability_zone_id                           = "usw2-az1" -> null
      - cidr_block                                     = "10.0.64.0/18" -> null
      - enable_dns64                                   = false -> null
      - enable_lni_at_device_index                     = 0 -> null
      - enable_resource_name_dns_a_record_on_launch    = false -> null
      - enable_resource_name_dns_aaaa_record_on_launch = false -> null
      - id                                             = "subnet-0597b750e95e773c8" -> null
      - ipv6_native                                    = false -> null
      - map_customer_owned_ip_on_launch                = false -> null
      - map_public_ip_on_launch                        = false -> null
      - owner_id                                       = "948731545609" -> null
      - private_dns_hostname_type_on_launch            = "ip-name" -> null
      - region                                         = "us-west-2" -> null
      - tags                                           = {
          - "Name"                            = "packt-lab-vpc-private-us-west-2b"
          - "kubernetes.io/role/internal-elb" = "1"
        } -> null
      - tags_all                                       = {
          - "ManagedBy"                       = "terraform"
          - "Name"                            = "packt-lab-vpc-private-us-west-2b"
          - "Project"                         = "packt-agentic-devops"
          - "Purpose"                         = "lab-shared-vpc"
          - "Workshop"                        = "packt"
          - "kubernetes.io/role/internal-elb" = "1"
        } -> null
      - vpc_id                                         = "vpc-0665e26c7819c6ece" -> null
        # (4 unchanged attributes hidden)
    }

  # module.vpc.aws_subnet.public[0] will be destroyed
  - resource "aws_subnet" "public" {
      - arn                                            = "arn:aws:ec2:us-west-2:948731545609:subnet/subnet-092c953159cf10ea2" -> null
      - assign_ipv6_address_on_creation                = false -> null
      - availability_zone                              = "us-west-2a" -> null
      - availability_zone_id                           = "usw2-az2" -> null
      - cidr_block                                     = "10.0.128.0/24" -> null
      - enable_dns64                                   = false -> null
      - enable_lni_at_device_index                     = 0 -> null
      - enable_resource_name_dns_a_record_on_launch    = false -> null
      - enable_resource_name_dns_aaaa_record_on_launch = false -> null
      - id                                             = "subnet-092c953159cf10ea2" -> null
      - ipv6_native                                    = false -> null
      - map_customer_owned_ip_on_launch                = false -> null
      - map_public_ip_on_launch                        = false -> null
      - owner_id                                       = "948731545609" -> null
      - private_dns_hostname_type_on_launch            = "ip-name" -> null
      - region                                         = "us-west-2" -> null
      - tags                                           = {
          - "Name"                   = "packt-lab-vpc-public-us-west-2a"
          - "kubernetes.io/role/elb" = "1"
        } -> null
      - tags_all                                       = {
          - "ManagedBy"              = "terraform"
          - "Name"                   = "packt-lab-vpc-public-us-west-2a"
          - "Project"                = "packt-agentic-devops"
          - "Purpose"                = "lab-shared-vpc"
          - "Workshop"               = "packt"
          - "kubernetes.io/role/elb" = "1"
        } -> null
      - vpc_id                                         = "vpc-0665e26c7819c6ece" -> null
        # (4 unchanged attributes hidden)
    }

  # module.vpc.aws_subnet.public[1] will be destroyed
  - resource "aws_subnet" "public" {
      - arn                                            = "arn:aws:ec2:us-west-2:948731545609:subnet/subnet-0d9e57ac24a9a7c03" -> null
      - assign_ipv6_address_on_creation                = false -> null
      - availability_zone                              = "us-west-2b" -> null
      - availability_zone_id                           = "usw2-az1" -> null
      - cidr_block                                     = "10.0.129.0/24" -> null
      - enable_dns64                                   = false -> null
      - enable_lni_at_device_index                     = 0 -> null
      - enable_resource_name_dns_a_record_on_launch    = false -> null
      - enable_resource_name_dns_aaaa_record_on_launch = false -> null
      - id                                             = "subnet-0d9e57ac24a9a7c03" -> null
      - ipv6_native                                    = false -> null
      - map_customer_owned_ip_on_launch                = false -> null
      - map_public_ip_on_launch                        = false -> null
      - owner_id                                       = "948731545609" -> null
      - private_dns_hostname_type_on_launch            = "ip-name" -> null
      - region                                         = "us-west-2" -> null
      - tags                                           = {
          - "Name"                   = "packt-lab-vpc-public-us-west-2b"
          - "kubernetes.io/role/elb" = "1"
        } -> null
      - tags_all                                       = {
          - "ManagedBy"              = "terraform"
          - "Name"                   = "packt-lab-vpc-public-us-west-2b"
          - "Project"                = "packt-agentic-devops"
          - "Purpose"                = "lab-shared-vpc"
          - "Workshop"               = "packt"
          - "kubernetes.io/role/elb" = "1"
        } -> null
      - vpc_id                                         = "vpc-0665e26c7819c6ece" -> null
        # (4 unchanged attributes hidden)
    }

  # module.vpc.aws_vpc.this[0] will be destroyed
  - resource "aws_vpc" "this" {
      - arn                                  = "arn:aws:ec2:us-west-2:948731545609:vpc/vpc-0665e26c7819c6ece" -> null
      - assign_generated_ipv6_cidr_block     = false -> null
      - cidr_block                           = "10.0.0.0/16" -> null
      - default_network_acl_id               = "acl-0c8e11bf4ba9e8d8c" -> null
      - default_route_table_id               = "rtb-05e374b2409c19ff8" -> null
      - default_security_group_id            = "sg-00e5becf0619fb3f3" -> null
      - dhcp_options_id                      = "dopt-04dfad7a5747241e7" -> null
      - enable_dns_hostnames                 = true -> null
      - enable_dns_support                   = true -> null
      - enable_network_address_usage_metrics = false -> null
      - id                                   = "vpc-0665e26c7819c6ece" -> null
      - instance_tenancy                     = "default" -> null
      - ipv6_netmask_length                  = 0 -> null
      - main_route_table_id                  = "rtb-05e374b2409c19ff8" -> null
      - owner_id                             = "948731545609" -> null
      - region                               = "us-west-2" -> null
      - tags                                 = {
          - "Name" = "packt-lab-vpc"
        } -> null
      - tags_all                             = {
          - "ManagedBy" = "terraform"
          - "Name"      = "packt-lab-vpc"
          - "Project"   = "packt-agentic-devops"
          - "Purpose"   = "lab-shared-vpc"
          - "Workshop"  = "packt"
        } -> null
        # (4 unchanged attributes hidden)
    }

Plan: 0 to add, 0 to change, 19 to destroy.

Changes to Outputs:
  - private_subnet_ids = [
      - "subnet-0bfed54fd95f5e86b",
      - "subnet-0597b750e95e773c8",
    ] -> null
  - region             = "us-west-2" -> null
  - vpc_id             = "vpc-0665e26c7819c6ece" -> null
module.vpc.aws_route.private_nat_gateway[0]: Destroying... [id=r-rtb-04cfb5453f501a64e1080289494]
module.vpc.aws_default_security_group.this[0]: Destroying... [id=sg-00e5becf0619fb3f3]
module.vpc.aws_route_table_association.private[1]: Destroying... [id=rtbassoc-090cc23e91285ff61]
module.vpc.aws_default_network_acl.this[0]: Destroying... [id=acl-0c8e11bf4ba9e8d8c]
module.vpc.aws_default_route_table.default[0]: Destroying... [id=rtb-05e374b2409c19ff8]
module.vpc.aws_route_table_association.public[1]: Destroying... [id=rtbassoc-057f49c580d6da5d9]
module.vpc.aws_route.public_internet_gateway[0]: Destroying... [id=r-rtb-016cc8eb554febdf81080289494]
module.vpc.aws_route_table_association.public[0]: Destroying... [id=rtbassoc-0b949e9f83c84eb2f]
module.vpc.aws_route_table_association.private[0]: Destroying... [id=rtbassoc-036297355f574dce1]
module.vpc.aws_default_network_acl.this[0]: Destruction complete after 0s
module.vpc.aws_default_security_group.this[0]: Destruction complete after 0s
module.vpc.aws_default_route_table.default[0]: Destruction complete after 0s
module.vpc.aws_route_table_association.private[0]: Destruction complete after 1s
module.vpc.aws_route_table_association.public[0]: Destruction complete after 1s
module.vpc.aws_route_table_association.public[1]: Destruction complete after 1s
module.vpc.aws_route_table_association.private[1]: Destruction complete after 1s
module.vpc.aws_subnet.private[0]: Destroying... [id=subnet-0bfed54fd95f5e86b]
module.vpc.aws_subnet.private[1]: Destroying... [id=subnet-0597b750e95e773c8]
module.vpc.aws_route.private_nat_gateway[0]: Destruction complete after 1s
module.vpc.aws_route_table.private[0]: Destroying... [id=rtb-04cfb5453f501a64e]
module.vpc.aws_nat_gateway.this[0]: Destroying... [id=nat-0fa7ffa39826af6f4]
module.vpc.aws_route.public_internet_gateway[0]: Destruction complete after 1s
module.vpc.aws_route_table.public[0]: Destroying... [id=rtb-016cc8eb554febdf8]
module.vpc.aws_subnet.private[1]: Destruction complete after 1s
module.vpc.aws_subnet.private[0]: Destruction complete after 1s
module.vpc.aws_nat_gateway.this[0]: Still destroying... [id=nat-0fa7ffa39826af6f4, 00m10s elapsed]
module.vpc.aws_route_table.private[0]: Still destroying... [id=rtb-04cfb5453f501a64e, 00m10s elapsed]
module.vpc.aws_route_table.public[0]: Still destroying... [id=rtb-016cc8eb554febdf8, 00m10s elapsed]
module.vpc.aws_route_table.private[0]: Still destroying... [id=rtb-04cfb5453f501a64e, 00m20s elapsed]
module.vpc.aws_nat_gateway.this[0]: Still destroying... [id=nat-0fa7ffa39826af6f4, 00m20s elapsed]
module.vpc.aws_route_table.public[0]: Still destroying... [id=rtb-016cc8eb554febdf8, 00m20s elapsed]
module.vpc.aws_nat_gateway.this[0]: Still destroying... [id=nat-0fa7ffa39826af6f4, 00m30s elapsed]
module.vpc.aws_route_table.private[0]: Still destroying... [id=rtb-04cfb5453f501a64e, 00m30s elapsed]
module.vpc.aws_route_table.public[0]: Still destroying... [id=rtb-016cc8eb554febdf8, 00m30s elapsed]
module.vpc.aws_route_table.private[0]: Destruction complete after 34s
module.vpc.aws_route_table.public[0]: Destruction complete after 34s
module.vpc.aws_nat_gateway.this[0]: Still destroying... [id=nat-0fa7ffa39826af6f4, 00m40s elapsed]
module.vpc.aws_nat_gateway.this[0]: Still destroying... [id=nat-0fa7ffa39826af6f4, 00m50s elapsed]
module.vpc.aws_nat_gateway.this[0]: Still destroying... [id=nat-0fa7ffa39826af6f4, 01m00s elapsed]
module.vpc.aws_nat_gateway.this[0]: Destruction complete after 1m1s
module.vpc.aws_eip.nat[0]: Destroying... [id=eipalloc-06da64c199e407404]
module.vpc.aws_subnet.public[0]: Destroying... [id=subnet-092c953159cf10ea2]
module.vpc.aws_subnet.public[1]: Destroying... [id=subnet-0d9e57ac24a9a7c03]
module.vpc.aws_subnet.public[1]: Destruction complete after 1s
module.vpc.aws_subnet.public[0]: Destruction complete after 1s
module.vpc.aws_eip.nat[0]: Destruction complete after 1s
module.vpc.aws_internet_gateway.this[0]: Destroying... [id=igw-0b4acb1b499e6404d]
module.vpc.aws_internet_gateway.this[0]: Destruction complete after 1s
module.vpc.aws_vpc.this[0]: Destroying... [id=vpc-0665e26c7819c6ece]
module.vpc.aws_vpc.this[0]: Still destroying... [id=vpc-0665e26c7819c6ece, 00m10s elapsed]
module.vpc.aws_vpc.this[0]: Still destroying... [id=vpc-0665e26c7819c6ece, 00m20s elapsed]
module.vpc.aws_vpc.this[0]: Still destroying... [id=vpc-0665e26c7819c6ece, 00m30s elapsed]
module.vpc.aws_vpc.this[0]: Still destroying... [id=vpc-0665e26c7819c6ece, 00m40s elapsed]
module.vpc.aws_vpc.this[0]: Still destroying... [id=vpc-0665e26c7819c6ece, 00m50s elapsed]
module.vpc.aws_vpc.this[0]: Still destroying... [id=vpc-0665e26c7819c6ece, 01m00s elapsed]
module.vpc.aws_vpc.this[0]: Still destroying... [id=vpc-0665e26c7819c6ece, 01m10s elapsed]
module.vpc.aws_vpc.this[0]: Still destroying... [id=vpc-0665e26c7819c6ece, 01m20s elapsed]
module.vpc.aws_vpc.this[0]: Still destroying... [id=vpc-0665e26c7819c6ece, 01m30s elapsed]
module.vpc.aws_vpc.this[0]: Still destroying... [id=vpc-0665e26c7819c6ece, 01m40s elapsed]
module.vpc.aws_vpc.this[0]: Still destroying... [id=vpc-0665e26c7819c6ece, 01m50s elapsed]
module.vpc.aws_vpc.this[0]: Still destroying... [id=vpc-0665e26c7819c6ece, 02m00s elapsed]
module.vpc.aws_vpc.this[0]: Still destroying... [id=vpc-0665e26c7819c6ece, 02m10s elapsed]
module.vpc.aws_vpc.this[0]: Still destroying... [id=vpc-0665e26c7819c6ece, 02m20s elapsed]
module.vpc.aws_vpc.this[0]: Still destroying... [id=vpc-0665e26c7819c6ece, 02m30s elapsed]
module.vpc.aws_vpc.this[0]: Still destroying... [id=vpc-0665e26c7819c6ece, 02m40s elapsed]
module.vpc.aws_vpc.this[0]: Still destroying... [id=vpc-0665e26c7819c6ece, 02m50s elapsed]
module.vpc.aws_vpc.this[0]: Still destroying... [id=vpc-0665e26c7819c6ece, 03m00s elapsed]
module.vpc.aws_vpc.this[0]: Still destroying... [id=vpc-0665e26c7819c6ece, 03m10s elapsed]
module.vpc.aws_vpc.this[0]: Still destroying... [id=vpc-0665e26c7819c6ece, 03m20s elapsed]
module.vpc.aws_vpc.this[0]: Still destroying... [id=vpc-0665e26c7819c6ece, 03m30s elapsed]
module.vpc.aws_vpc.this[0]: Still destroying... [id=vpc-0665e26c7819c6ece, 03m40s elapsed]
module.vpc.aws_vpc.this[0]: Still destroying... [id=vpc-0665e26c7819c6ece, 03m50s elapsed]
module.vpc.aws_vpc.this[0]: Still destroying... [id=vpc-0665e26c7819c6ece, 04m00s elapsed]
module.vpc.aws_vpc.this[0]: Still destroying... [id=vpc-0665e26c7819c6ece, 04m10s elapsed]
module.vpc.aws_vpc.this[0]: Still destroying... [id=vpc-0665e26c7819c6ece, 04m20s elapsed]
module.vpc.aws_vpc.this[0]: Still destroying... [id=vpc-0665e26c7819c6ece, 04m30s elapsed]
module.vpc.aws_vpc.this[0]: Still destroying... [id=vpc-0665e26c7819c6ece, 04m40s elapsed]
module.vpc.aws_vpc.this[0]: Still destroying... [id=vpc-0665e26c7819c6ece, 04m50s elapsed]
module.vpc.aws_vpc.this[0]: Still destroying... [id=vpc-0665e26c7819c6ece, 05m00s elapsed]
module.vpc.aws_vpc.this[0]: Still destroying... [id=vpc-0665e26c7819c6ece, 05m10s elapsed]
module.vpc.aws_vpc.this[0]: Still destroying... [id=vpc-0665e26c7819c6ece, 05m20s elapsed]
module.vpc.aws_vpc.this[0]: Still destroying... [id=vpc-0665e26c7819c6ece, 05m30s elapsed]
module.vpc.aws_vpc.this[0]: Still destroying... [id=vpc-0665e26c7819c6ece, 05m40s elapsed]
module.vpc.aws_vpc.this[0]: Still destroying... [id=vpc-0665e26c7819c6ece, 05m50s elapsed]
module.vpc.aws_vpc.this[0]: Still destroying... [id=vpc-0665e26c7819c6ece, 06m00s elapsed]
module.vpc.aws_vpc.this[0]: Still destroying... [id=vpc-0665e26c7819c6ece, 06m10s elapsed]
module.vpc.aws_vpc.this[0]: Still destroying... [id=vpc-0665e26c7819c6ece, 06m20s elapsed]
module.vpc.aws_vpc.this[0]: Still destroying... [id=vpc-0665e26c7819c6ece, 06m30s elapsed]
module.vpc.aws_vpc.this[0]: Still destroying... [id=vpc-0665e26c7819c6ece, 06m40s elapsed]
module.vpc.aws_vpc.this[0]: Still destroying... [id=vpc-0665e26c7819c6ece, 06m50s elapsed]
module.vpc.aws_vpc.this[0]: Still destroying... [id=vpc-0665e26c7819c6ece, 07m00s elapsed]
module.vpc.aws_vpc.this[0]: Still destroying... [id=vpc-0665e26c7819c6ece, 07m10s elapsed]
module.vpc.aws_vpc.this[0]: Still destroying... [id=vpc-0665e26c7819c6ece, 07m20s elapsed]
module.vpc.aws_vpc.this[0]: Still destroying... [id=vpc-0665e26c7819c6ece, 07m30s elapsed]
module.vpc.aws_vpc.this[0]: Still destroying... [id=vpc-0665e26c7819c6ece, 07m40s elapsed]
module.vpc.aws_vpc.this[0]: Still destroying... [id=vpc-0665e26c7819c6ece, 07m50s elapsed]
module.vpc.aws_vpc.this[0]: Still destroying... [id=vpc-0665e26c7819c6ece, 08m00s elapsed]
module.vpc.aws_vpc.this[0]: Still destroying... [id=vpc-0665e26c7819c6ece, 08m10s elapsed]
module.vpc.aws_vpc.this[0]: Still destroying... [id=vpc-0665e26c7819c6ece, 08m20s elapsed]
module.vpc.aws_vpc.this[0]: Still destroying... [id=vpc-0665e26c7819c6ece, 08m30s elapsed]
module.vpc.aws_vpc.this[0]: Still destroying... [id=vpc-0665e26c7819c6ece, 08m40s elapsed]
module.vpc.aws_vpc.this[0]: Still destroying... [id=vpc-0665e26c7819c6ece, 08m50s elapsed]
module.vpc.aws_vpc.this[0]: Still destroying... [id=vpc-0665e26c7819c6ece, 09m00s elapsed]
module.vpc.aws_vpc.this[0]: Still destroying... [id=vpc-0665e26c7819c6ece, 09m10s elapsed]
module.vpc.aws_vpc.this[0]: Still destroying... [id=vpc-0665e26c7819c6ece, 09m20s elapsed]
module.vpc.aws_vpc.this[0]: Still destroying... [id=vpc-0665e26c7819c6ece, 09m30s elapsed]
module.vpc.aws_vpc.this[0]: Still destroying... [id=vpc-0665e26c7819c6ece, 09m40s elapsed]
module.vpc.aws_vpc.this[0]: Still destroying... [id=vpc-0665e26c7819c6ece, 09m50s elapsed]
module.vpc.aws_vpc.this[0]: Still destroying... [id=vpc-0665e26c7819c6ece, 10m00s elapsed]
module.vpc.aws_vpc.this[0]: Still destroying... [id=vpc-0665e26c7819c6ece, 10m10s elapsed]
module.vpc.aws_vpc.this[0]: Still destroying... [id=vpc-0665e26c7819c6ece, 10m20s elapsed]
module.vpc.aws_vpc.this[0]: Still destroying... [id=vpc-0665e26c7819c6ece, 10m30s elapsed]
module.vpc.aws_vpc.this[0]: Still destroying... [id=vpc-0665e26c7819c6ece, 10m40s elapsed]
module.vpc.aws_vpc.this[0]: Still destroying... [id=vpc-0665e26c7819c6ece, 10m50s elapsed]
module.vpc.aws_vpc.this[0]: Still destroying... [id=vpc-0665e26c7819c6ece, 11m00s elapsed]
module.vpc.aws_vpc.this[0]: Still destroying... [id=vpc-0665e26c7819c6ece, 11m10s elapsed]
module.vpc.aws_vpc.this[0]: Still destroying... [id=vpc-0665e26c7819c6ece, 11m20s elapsed]
module.vpc.aws_vpc.this[0]: Still destroying... [id=vpc-0665e26c7819c6ece, 11m30s elapsed]
module.vpc.aws_vpc.this[0]: Still destroying... [id=vpc-0665e26c7819c6ece, 11m40s elapsed]
module.vpc.aws_vpc.this[0]: Still destroying... [id=vpc-0665e26c7819c6ece, 11m50s elapsed]
module.vpc.aws_vpc.this[0]: Still destroying... [id=vpc-0665e26c7819c6ece, 12m00s elapsed]
module.vpc.aws_vpc.this[0]: Still destroying... [id=vpc-0665e26c7819c6ece, 12m10s elapsed]
module.vpc.aws_vpc.this[0]: Still destroying... [id=vpc-0665e26c7819c6ece, 12m20s elapsed]
module.vpc.aws_vpc.this[0]: Still destroying... [id=vpc-0665e26c7819c6ece, 12m30s elapsed]
module.vpc.aws_vpc.this[0]: Still destroying... [id=vpc-0665e26c7819c6ece, 12m40s elapsed]
module.vpc.aws_vpc.this[0]: Still destroying... [id=vpc-0665e26c7819c6ece, 12m50s elapsed]
module.vpc.aws_vpc.this[0]: Still destroying... [id=vpc-0665e26c7819c6ece, 13m00s elapsed]
module.vpc.aws_vpc.this[0]: Still destroying... [id=vpc-0665e26c7819c6ece, 13m10s elapsed]
module.vpc.aws_vpc.this[0]: Still destroying... [id=vpc-0665e26c7819c6ece, 13m20s elapsed]
module.vpc.aws_vpc.this[0]: Still destroying... [id=vpc-0665e26c7819c6ece, 13m30s elapsed]
module.vpc.aws_vpc.this[0]: Still destroying... [id=vpc-0665e26c7819c6ece, 13m40s elapsed]
module.vpc.aws_vpc.this[0]: Still destroying... [id=vpc-0665e26c7819c6ece, 13m50s elapsed]
module.vpc.aws_vpc.this[0]: Still destroying... [id=vpc-0665e26c7819c6ece, 14m00s elapsed]
module.vpc.aws_vpc.this[0]: Still destroying... [id=vpc-0665e26c7819c6ece, 14m10s elapsed]
module.vpc.aws_vpc.this[0]: Still destroying... [id=vpc-0665e26c7819c6ece, 14m20s elapsed]
module.vpc.aws_vpc.this[0]: Still destroying... [id=vpc-0665e26c7819c6ece, 14m30s elapsed]
module.vpc.aws_vpc.this[0]: Still destroying... [id=vpc-0665e26c7819c6ece, 14m40s elapsed]
module.vpc.aws_vpc.this[0]: Still destroying... [id=vpc-0665e26c7819c6ece, 14m50s elapsed]
module.vpc.aws_vpc.this[0]: Still destroying... [id=vpc-0665e26c7819c6ece, 15m00s elapsed]
module.vpc.aws_vpc.this[0]: Still destroying... [id=vpc-0665e26c7819c6ece, 15m10s elapsed]
module.vpc.aws_vpc.this[0]: Still destroying... [id=vpc-0665e26c7819c6ece, 15m20s elapsed]
module.vpc.aws_vpc.this[0]: Still destroying... [id=vpc-0665e26c7819c6ece, 15m30s elapsed]
module.vpc.aws_vpc.this[0]: Still destroying... [id=vpc-0665e26c7819c6ece, 15m40s elapsed]
module.vpc.aws_vpc.this[0]: Still destroying... [id=vpc-0665e26c7819c6ece, 15m50s elapsed]
module.vpc.aws_vpc.this[0]: Still destroying... [id=vpc-0665e26c7819c6ece, 16m00s elapsed]
module.vpc.aws_vpc.this[0]: Still destroying... [id=vpc-0665e26c7819c6ece, 16m10s elapsed]
module.vpc.aws_vpc.this[0]: Still destroying... [id=vpc-0665e26c7819c6ece, 16m20s elapsed]
module.vpc.aws_vpc.this[0]: Still destroying... [id=vpc-0665e26c7819c6ece, 16m30s elapsed]
module.vpc.aws_vpc.this[0]: Still destroying... [id=vpc-0665e26c7819c6ece, 16m40s elapsed]
module.vpc.aws_vpc.this[0]: Still destroying... [id=vpc-0665e26c7819c6ece, 16m50s elapsed]
module.vpc.aws_vpc.this[0]: Still destroying... [id=vpc-0665e26c7819c6ece, 17m00s elapsed]
module.vpc.aws_vpc.this[0]: Still destroying... [id=vpc-0665e26c7819c6ece, 17m10s elapsed]
module.vpc.aws_vpc.this[0]: Still destroying... [id=vpc-0665e26c7819c6ece, 17m20s elapsed]
module.vpc.aws_vpc.this[0]: Still destroying... [id=vpc-0665e26c7819c6ece, 17m30s elapsed]
module.vpc.aws_vpc.this[0]: Still destroying... [id=vpc-0665e26c7819c6ece, 17m40s elapsed]
module.vpc.aws_vpc.this[0]: Still destroying... [id=vpc-0665e26c7819c6ece, 17m50s elapsed]
module.vpc.aws_vpc.this[0]: Still destroying... [id=vpc-0665e26c7819c6ece, 18m00s elapsed]
module.vpc.aws_vpc.this[0]: Still destroying... [id=vpc-0665e26c7819c6ece, 18m10s elapsed]
module.vpc.aws_vpc.this[0]: Still destroying... [id=vpc-0665e26c7819c6ece, 18m20s elapsed]
module.vpc.aws_vpc.this[0]: Still destroying... [id=vpc-0665e26c7819c6ece, 18m30s elapsed]
module.vpc.aws_vpc.this[0]: Still destroying... [id=vpc-0665e26c7819c6ece, 18m40s elapsed]
module.vpc.aws_vpc.this[0]: Still destroying... [id=vpc-0665e26c7819c6ece, 18m50s elapsed]
module.vpc.aws_vpc.this[0]: Still destroying... [id=vpc-0665e26c7819c6ece, 19m00s elapsed]
module.vpc.aws_vpc.this[0]: Still destroying... [id=vpc-0665e26c7819c6ece, 19m10s elapsed]
module.vpc.aws_vpc.this[0]: Still destroying... [id=vpc-0665e26c7819c6ece, 19m20s elapsed]
module.vpc.aws_vpc.this[0]: Still destroying... [id=vpc-0665e26c7819c6ece, 19m30s elapsed]
module.vpc.aws_vpc.this[0]: Still destroying... [id=vpc-0665e26c7819c6ece, 19m40s elapsed]
module.vpc.aws_vpc.this[0]: Still destroying... [id=vpc-0665e26c7819c6ece, 19m50s elapsed]
module.vpc.aws_vpc.this[0]: Still destroying... [id=vpc-0665e26c7819c6ece, 20m00s elapsed]
module.vpc.aws_vpc.this[0]: Still destroying... [id=vpc-0665e26c7819c6ece, 20m10s elapsed]

Error: deleting EC2 VPC (vpc-0665e26c7819c6ece): operation error EC2: DeleteVpc, https response error StatusCode: 400, RequestID: b73b8ce0-551e-4b56-8ec4-9d4d7c7cb03e, api error DependencyViolation: The vpc 'vpc-0665e26c7819c6ece' has dependencies and cannot be deleted.

