
Warning: Deprecated flag: -state

Use the "path" attribute within the "local" backend to specify a file for
state storage
module.ebs_csi_pod_identity.data.aws_iam_policy_document.base[0]: Reading...
module.eks.data.aws_iam_policy_document.assume_role_policy[0]: Reading...
module.eks.module.kms.data.aws_caller_identity.current[0]: Reading...
module.eks.data.aws_caller_identity.current[0]: Reading...
module.ebs_csi_pod_identity.data.aws_iam_policy_document.base[0]: Read complete after 0s [id=1132004489]
module.eks.module.eks_managed_node_group["default"].data.aws_iam_policy_document.assume_role_policy[0]: Reading...
module.ebs_csi_pod_identity.data.aws_partition.current: Reading...
module.eks.aws_security_group.cluster[0]: Refreshing state... [id=sg-08cb58d81fba536d1]
module.eks.data.aws_partition.current[0]: Reading...
module.eks.data.aws_iam_policy_document.assume_role_policy[0]: Read complete after 0s [id=2830595799]
module.ebs_csi_pod_identity.data.aws_iam_policy_document.assume[0]: Reading...
module.eks.module.kms.data.aws_partition.current[0]: Reading...
module.eks.aws_security_group.node[0]: Refreshing state... [id=sg-01cdf1b3b8a104109]
module.ebs_csi_pod_identity.data.aws_iam_policy_document.assume[0]: Read complete after 0s [id=819195744]
module.eks.module.eks_managed_node_group["default"].data.aws_iam_policy_document.assume_role_policy[0]: Read complete after 0s [id=2560088296]
module.aws_lb_controller_pod_identity.data.aws_iam_policy_document.base[0]: Reading...
module.eks.data.aws_partition.current[0]: Read complete after 0s [id=aws]
module.aws_lb_controller_pod_identity.data.aws_partition.current: Reading...
module.ebs_csi_pod_identity.data.aws_partition.current: Read complete after 0s [id=aws]
module.eks.module.kms.data.aws_partition.current[0]: Read complete after 0s [id=aws]
module.aws_lb_controller_pod_identity.data.aws_partition.current: Read complete after 0s [id=aws]
module.aws_lb_controller_pod_identity.data.aws_iam_policy_document.base[0]: Read complete after 0s [id=1132004489]
module.aws_lb_controller_pod_identity.data.aws_iam_policy_document.assume[0]: Reading...
module.eks.aws_iam_role.this[0]: Refreshing state... [id=student57-cluster-20260723140830902400000006]
module.aws_lb_controller_pod_identity.data.aws_iam_policy_document.assume[0]: Read complete after 0s [id=819195744]
module.ebs_csi_pod_identity.data.aws_iam_policy_document.ebs_csi[0]: Reading...
module.ebs_csi_pod_identity.aws_iam_role.this[0]: Refreshing state... [id=student57-ebs-csi-20260723140830898100000005]
module.eks.module.kms.data.aws_caller_identity.current[0]: Read complete after 0s [id=948731545609]
module.aws_lb_controller_pod_identity.aws_iam_role.this[0]: Refreshing state... [id=student57-aws-lbc-20260723140830886300000001]
module.ebs_csi_pod_identity.data.aws_iam_policy_document.ebs_csi[0]: Read complete after 0s [id=522466792]
module.ebs_csi_pod_identity.aws_iam_policy.ebs_csi[0]: Refreshing state... [id=arn:aws:iam::948731545609:policy/AmazonEKS_EBS_CSI-20260723140830904100000007]
module.eks.module.eks_managed_node_group["default"].aws_iam_role.this[0]: Refreshing state... [id=default-eks-node-group-20260723140830894400000004]
module.aws_lb_controller_pod_identity.data.aws_iam_policy_document.lb_controller[0]: Reading...
module.eks.data.aws_caller_identity.current[0]: Read complete after 0s [id=948731545609]
module.eks.data.aws_iam_session_context.current[0]: Reading...
module.eks.data.aws_iam_session_context.current[0]: Read complete after 0s [id=arn:aws:iam::948731545609:user/nwuser]
module.aws_lb_controller_pod_identity.data.aws_iam_policy_document.lb_controller[0]: Read complete after 0s [id=1541424006]
module.aws_lb_controller_pod_identity.aws_iam_policy.lb_controller[0]: Refreshing state... [id=arn:aws:iam::948731545609:policy/AmazonEKS_LoadBalancerController-20260723140830934200000008]
module.eks.module.eks_managed_node_group["default"].aws_iam_role_policy_attachment.this["AmazonEKSWorkerNodePolicy"]: Refreshing state... [id=default-eks-node-group-20260723140830894400000004/arn:aws:iam::aws:policy/AmazonEKSWorkerNodePolicy]
module.eks.module.eks_managed_node_group["default"].aws_iam_role_policy_attachment.this["AmazonEKS_CNI_Policy"]: Refreshing state... [id=default-eks-node-group-20260723140830894400000004/arn:aws:iam::aws:policy/AmazonEKS_CNI_Policy]
module.eks.module.kms.data.aws_iam_policy_document.this[0]: Reading...
module.eks.module.eks_managed_node_group["default"].aws_iam_role_policy_attachment.this["AmazonEC2ContainerRegistryReadOnly"]: Refreshing state... [id=default-eks-node-group-20260723140830894400000004/arn:aws:iam::aws:policy/AmazonEC2ContainerRegistryReadOnly]
module.eks.aws_iam_role_policy_attachment.this["AmazonEKSClusterPolicy"]: Refreshing state... [id=student57-cluster-20260723140830902400000006/arn:aws:iam::aws:policy/AmazonEKSClusterPolicy]
module.eks.module.kms.data.aws_iam_policy_document.this[0]: Read complete after 0s [id=2851096936]
module.ebs_csi_pod_identity.aws_iam_role_policy_attachment.ebs_csi[0]: Refreshing state... [id=student57-ebs-csi-20260723140830898100000005/arn:aws:iam::948731545609:policy/AmazonEKS_EBS_CSI-20260723140830904100000007]
module.aws_lb_controller_pod_identity.aws_iam_role_policy_attachment.lb_controller[0]: Refreshing state... [id=student57-aws-lbc-20260723140830886300000001/arn:aws:iam::948731545609:policy/AmazonEKS_LoadBalancerController-20260723140830934200000008]
module.eks.module.kms.aws_kms_key.this[0]: Refreshing state... [id=9c7c7f7b-79f1-4322-bbad-a432ee5199a4]
module.eks.aws_security_group_rule.node["ingress_cluster_6443_webhook"]: Refreshing state... [id=sgrule-1783727093]
module.eks.aws_security_group_rule.node["ingress_self_coredns_udp"]: Refreshing state... [id=sgrule-2554425881]
module.eks.aws_security_group_rule.node["ingress_cluster_4443_webhook"]: Refreshing state... [id=sgrule-2735989859]
module.eks.aws_security_group_rule.node["ingress_cluster_10251_webhook"]: Refreshing state... [id=sgrule-120321981]
module.eks.aws_security_group_rule.node["egress_all"]: Refreshing state... [id=sgrule-392373159]
module.eks.aws_security_group_rule.node["ingress_self_coredns_tcp"]: Refreshing state... [id=sgrule-1008652790]
module.eks.aws_security_group_rule.node["ingress_nodes_ephemeral"]: Refreshing state... [id=sgrule-1725669170]
module.eks.aws_security_group_rule.node["ingress_cluster_8443_webhook"]: Refreshing state... [id=sgrule-2030944212]
module.eks.aws_security_group_rule.node["ingress_cluster_9443_webhook"]: Refreshing state... [id=sgrule-497847327]
module.eks.aws_security_group_rule.node["ingress_cluster_443"]: Refreshing state... [id=sgrule-3517590017]
module.eks.aws_security_group_rule.cluster["ingress_nodes_443"]: Refreshing state... [id=sgrule-1380143707]
module.eks.module.kms.aws_kms_alias.this["cluster"]: Refreshing state... [id=alias/eks/student57]
module.eks.aws_iam_policy.cluster_encryption[0]: Refreshing state... [id=arn:aws:iam::948731545609:policy/student57-cluster-ClusterEncryption20260723140854128300000009]
module.eks.aws_security_group_rule.node["ingress_cluster_kubelet"]: Refreshing state... [id=sgrule-862103494]
module.eks.aws_iam_role_policy_attachment.cluster_encryption[0]: Refreshing state... [id=student57-cluster-20260723140830902400000006/arn:aws:iam::948731545609:policy/student57-cluster-ClusterEncryption20260723140854128300000009]
module.eks.aws_eks_cluster.this[0]: Refreshing state... [id=student57]
module.eks.data.aws_eks_addon_version.this["kube-proxy"]: Reading...
module.eks.data.aws_eks_addon_version.this["coredns"]: Reading...
module.eks.aws_eks_access_entry.this["cluster_creator"]: Refreshing state... [id=student57:arn:aws:iam::948731545609:user/nwuser]
module.eks.time_sleep.this[0]: Refreshing state... [id=2026-07-23T14:19:32Z]
module.eks.data.aws_eks_addon_version.this["aws-ebs-csi-driver"]: Reading...
module.eks.data.aws_eks_addon_version.this["eks-pod-identity-agent"]: Reading...
module.eks.data.aws_eks_addon_version.this["vpc-cni"]: Reading...
module.eks.module.eks_managed_node_group["default"].data.aws_ssm_parameter.ami[0]: Reading...
module.eks.module.eks_managed_node_group["default"].module.user_data.null_resource.validate_cluster_service_cidr: Refreshing state... [id=359152150357801986]
module.eks.module.eks_managed_node_group["default"].module.user_data.data.cloudinit_config.al2023_eks_managed_node_group[0]: Reading...
module.eks.data.aws_eks_addon_version.this["eks-pod-identity-agent"]: Read complete after 1s [id=eks-pod-identity-agent]
module.eks.module.eks_managed_node_group["default"].module.user_data.data.cloudinit_config.al2023_eks_managed_node_group[0]: Read complete after 1s [id=140799688]
module.eks.data.aws_eks_addon_version.this["kube-proxy"]: Read complete after 1s [id=kube-proxy]
module.eks.data.aws_eks_addon_version.this["aws-ebs-csi-driver"]: Read complete after 1s [id=aws-ebs-csi-driver]
module.eks.data.aws_eks_addon_version.this["coredns"]: Read complete after 1s [id=coredns]
module.eks.data.aws_eks_addon_version.this["vpc-cni"]: Read complete after 1s [id=vpc-cni]
module.eks.module.eks_managed_node_group["default"].aws_launch_template.this[0]: Refreshing state... [id=lt-005d855f5370563df]
module.eks.aws_eks_addon.before_compute["kube-proxy"]: Refreshing state... [id=student57:kube-proxy]
module.eks.aws_eks_access_policy_association.this["cluster_creator_admin"]: Refreshing state... [id=student57#arn:aws:iam::948731545609:user/nwuser#arn:aws:eks::aws:cluster-access-policy/AmazonEKSClusterAdminPolicy]
module.eks.aws_eks_addon.before_compute["vpc-cni"]: Refreshing state... [id=student57:vpc-cni]
module.eks.module.eks_managed_node_group["default"].data.aws_ssm_parameter.ami[0]: Read complete after 1s [id=/aws/service/eks/optimized-ami/1.35/amazon-linux-2023/x86_64/standard/recommended/release_version]
module.aws_lb_controller_pod_identity.aws_eks_pod_identity_association.this["main"]: Refreshing state... [id=a-w4lubjuf5rwxpcpmv]
module.eks.module.eks_managed_node_group["default"].aws_eks_node_group.this[0]: Refreshing state... [id=student57:default-2026072314193925950000000f]
module.eks.aws_eks_addon.this["eks-pod-identity-agent"]: Refreshing state... [id=student57:eks-pod-identity-agent]
module.eks.aws_eks_addon.this["coredns"]: Refreshing state... [id=student57:coredns]
module.eks.aws_eks_addon.this["aws-ebs-csi-driver"]: Refreshing state... [id=student57:aws-ebs-csi-driver]

No changes. Your infrastructure matches the configuration.

Terraform has compared your real infrastructure against your configuration
and found no differences, so no changes are needed.

Apply complete! Resources: 0 added, 0 changed, 0 destroyed.

Outputs:

cluster_name = "student57"
kubeconfig_command = "aws eks update-kubeconfig --name student57 --region us-west-2 --profile aws1-student31 --kubeconfig /tmp/student57.kubeconfig"
