
Warning: Deprecated flag: -state

Use the "path" attribute within the "local" backend to specify a file for
state storage
module.eks.data.aws_caller_identity.current[0]: Reading...
module.eks.module.kms.data.aws_caller_identity.current[0]: Reading...
module.eks.module.eks_managed_node_group["default"].data.aws_iam_policy_document.assume_role_policy[0]: Reading...
module.eks.aws_security_group.node[0]: Refreshing state... [id=sg-06ff50ebe4972d7be]
module.eks.data.aws_partition.current[0]: Reading...
module.eks.data.aws_iam_policy_document.assume_role_policy[0]: Reading...
module.eks.aws_security_group.cluster[0]: Refreshing state... [id=sg-09cf7c3b7fcc1bea3]
module.aws_lb_controller_pod_identity.data.aws_partition.current: Reading...
module.ebs_csi_pod_identity.data.aws_partition.current: Reading...
module.aws_lb_controller_pod_identity.data.aws_partition.current: Read complete after 0s [id=aws]
module.eks.data.aws_partition.current[0]: Read complete after 0s [id=aws]
module.ebs_csi_pod_identity.data.aws_partition.current: Read complete after 0s [id=aws]
module.eks.module.eks_managed_node_group["default"].data.aws_iam_policy_document.assume_role_policy[0]: Read complete after 0s [id=2560088296]
module.eks.module.kms.data.aws_partition.current[0]: Reading...
module.eks.data.aws_iam_policy_document.assume_role_policy[0]: Read complete after 0s [id=2830595799]
module.ebs_csi_pod_identity.data.aws_iam_policy_document.assume[0]: Reading...
module.aws_lb_controller_pod_identity.data.aws_iam_policy_document.base[0]: Reading...
module.eks.module.kms.data.aws_partition.current[0]: Read complete after 0s [id=aws]
module.aws_lb_controller_pod_identity.data.aws_iam_policy_document.assume[0]: Reading...
module.ebs_csi_pod_identity.data.aws_iam_policy_document.base[0]: Reading...
module.aws_lb_controller_pod_identity.data.aws_iam_policy_document.assume[0]: Read complete after 0s [id=819195744]
module.aws_lb_controller_pod_identity.data.aws_iam_policy_document.base[0]: Read complete after 0s [id=1132004489]
module.eks.module.eks_managed_node_group["default"].aws_iam_role.this[0]: Refreshing state... [id=default-eks-node-group-20260723140832580400000008]
module.eks.aws_iam_role.this[0]: Refreshing state... [id=student58-cluster-20260723140832555100000006]
module.ebs_csi_pod_identity.data.aws_iam_policy_document.assume[0]: Read complete after 0s [id=819195744]
module.ebs_csi_pod_identity.data.aws_iam_policy_document.base[0]: Read complete after 0s [id=1132004489]
module.eks.module.kms.data.aws_caller_identity.current[0]: Read complete after 0s [id=948731545609]
module.ebs_csi_pod_identity.aws_iam_role.this[0]: Refreshing state... [id=student58-ebs-csi-20260723140832553700000004]
module.aws_lb_controller_pod_identity.aws_iam_role.this[0]: Refreshing state... [id=student58-aws-lbc-20260723140832553500000003]
module.aws_lb_controller_pod_identity.data.aws_iam_policy_document.lb_controller[0]: Reading...
module.ebs_csi_pod_identity.data.aws_iam_policy_document.ebs_csi[0]: Reading...
module.ebs_csi_pod_identity.data.aws_iam_policy_document.ebs_csi[0]: Read complete after 1s [id=522466792]
module.eks.data.aws_caller_identity.current[0]: Read complete after 1s [id=948731545609]
module.ebs_csi_pod_identity.aws_iam_policy.ebs_csi[0]: Refreshing state... [id=arn:aws:iam::948731545609:policy/AmazonEKS_EBS_CSI-20260723140832570400000007]
module.eks.data.aws_iam_session_context.current[0]: Reading...
module.eks.data.aws_iam_session_context.current[0]: Read complete after 0s [id=arn:aws:iam::948731545609:user/nwuser]
module.aws_lb_controller_pod_identity.data.aws_iam_policy_document.lb_controller[0]: Read complete after 1s [id=1541424006]
module.aws_lb_controller_pod_identity.aws_iam_policy.lb_controller[0]: Refreshing state... [id=arn:aws:iam::948731545609:policy/AmazonEKS_LoadBalancerController-20260723140832552500000002]
module.ebs_csi_pod_identity.aws_iam_role_policy_attachment.ebs_csi[0]: Refreshing state... [id=student58-ebs-csi-20260723140832553700000004/arn:aws:iam::948731545609:policy/AmazonEKS_EBS_CSI-20260723140832570400000007]
module.eks.module.eks_managed_node_group["default"].aws_iam_role_policy_attachment.this["AmazonEKSWorkerNodePolicy"]: Refreshing state... [id=default-eks-node-group-20260723140832580400000008/arn:aws:iam::aws:policy/AmazonEKSWorkerNodePolicy]
module.eks.module.eks_managed_node_group["default"].aws_iam_role_policy_attachment.this["AmazonEC2ContainerRegistryReadOnly"]: Refreshing state... [id=default-eks-node-group-20260723140832580400000008/arn:aws:iam::aws:policy/AmazonEC2ContainerRegistryReadOnly]
module.eks.module.eks_managed_node_group["default"].aws_iam_role_policy_attachment.this["AmazonEKS_CNI_Policy"]: Refreshing state... [id=default-eks-node-group-20260723140832580400000008/arn:aws:iam::aws:policy/AmazonEKS_CNI_Policy]
module.aws_lb_controller_pod_identity.aws_iam_role_policy_attachment.lb_controller[0]: Refreshing state... [id=student58-aws-lbc-20260723140832553500000003/arn:aws:iam::948731545609:policy/AmazonEKS_LoadBalancerController-20260723140832552500000002]
module.eks.aws_iam_role_policy_attachment.this["AmazonEKSClusterPolicy"]: Refreshing state... [id=student58-cluster-20260723140832555100000006/arn:aws:iam::aws:policy/AmazonEKSClusterPolicy]
module.eks.module.kms.data.aws_iam_policy_document.this[0]: Reading...
module.eks.module.kms.data.aws_iam_policy_document.this[0]: Read complete after 0s [id=3168628626]
module.eks.module.kms.aws_kms_key.this[0]: Refreshing state... [id=361b7aa2-4cfc-4e7a-ad42-6faccf504128]
module.eks.aws_security_group_rule.node["ingress_nodes_ephemeral"]: Refreshing state... [id=sgrule-1536998681]
module.eks.aws_security_group_rule.node["ingress_cluster_8443_webhook"]: Refreshing state... [id=sgrule-186838227]
module.eks.aws_security_group_rule.node["ingress_self_coredns_tcp"]: Refreshing state... [id=sgrule-3156355514]
module.eks.aws_security_group_rule.node["ingress_cluster_kubelet"]: Refreshing state... [id=sgrule-1135012389]
module.eks.aws_security_group_rule.node["ingress_self_coredns_udp"]: Refreshing state... [id=sgrule-410880597]
module.eks.aws_security_group_rule.node["ingress_cluster_10251_webhook"]: Refreshing state... [id=sgrule-2012199518]
module.eks.aws_security_group_rule.node["ingress_cluster_6443_webhook"]: Refreshing state... [id=sgrule-410964210]
module.eks.aws_security_group_rule.node["ingress_cluster_9443_webhook"]: Refreshing state... [id=sgrule-1870913304]
module.eks.aws_security_group_rule.node["ingress_cluster_443"]: Refreshing state... [id=sgrule-4256788182]
module.eks.aws_security_group_rule.node["egress_all"]: Refreshing state... [id=sgrule-3612124404]
module.eks.aws_security_group_rule.node["ingress_cluster_4443_webhook"]: Refreshing state... [id=sgrule-3510417252]
module.eks.aws_security_group_rule.cluster["ingress_nodes_443"]: Refreshing state... [id=sgrule-3592378152]
module.eks.module.kms.aws_kms_alias.this["cluster"]: Refreshing state... [id=alias/eks/student58]
module.eks.aws_iam_policy.cluster_encryption[0]: Refreshing state... [id=arn:aws:iam::948731545609:policy/student58-cluster-ClusterEncryption20260723140855333300000009]
module.eks.aws_iam_role_policy_attachment.cluster_encryption[0]: Refreshing state... [id=student58-cluster-20260723140832555100000006/arn:aws:iam::948731545609:policy/student58-cluster-ClusterEncryption20260723140855333300000009]
module.eks.aws_eks_cluster.this[0]: Refreshing state... [id=student58]
module.eks.data.aws_eks_addon_version.this["eks-pod-identity-agent"]: Reading...
module.eks.data.aws_eks_addon_version.this["kube-proxy"]: Reading...
module.eks.data.aws_eks_addon_version.this["vpc-cni"]: Reading...
module.eks.data.aws_eks_addon_version.this["coredns"]: Reading...
module.eks.time_sleep.this[0]: Refreshing state... [id=2026-07-23T14:19:34Z]
module.eks.data.aws_eks_addon_version.this["aws-ebs-csi-driver"]: Reading...
module.eks.aws_eks_access_entry.this["cluster_creator"]: Refreshing state... [id=student58:arn:aws:iam::948731545609:user/nwuser]
module.eks.module.eks_managed_node_group["default"].module.user_data.null_resource.validate_cluster_service_cidr: Refreshing state... [id=7252912952666805695]
module.eks.module.eks_managed_node_group["default"].data.aws_ssm_parameter.ami[0]: Reading...
module.eks.module.eks_managed_node_group["default"].module.user_data.data.cloudinit_config.al2023_eks_managed_node_group[0]: Reading...
module.eks.module.eks_managed_node_group["default"].module.user_data.data.cloudinit_config.al2023_eks_managed_node_group[0]: Read complete after 0s [id=140799688]
module.eks.data.aws_eks_addon_version.this["vpc-cni"]: Read complete after 0s [id=vpc-cni]
module.eks.module.eks_managed_node_group["default"].aws_launch_template.this[0]: Refreshing state... [id=lt-0d6fcac05b48e4586]
module.eks.data.aws_eks_addon_version.this["coredns"]: Read complete after 0s [id=coredns]
module.eks.data.aws_eks_addon_version.this["kube-proxy"]: Read complete after 0s [id=kube-proxy]
module.eks.data.aws_eks_addon_version.this["aws-ebs-csi-driver"]: Read complete after 0s [id=aws-ebs-csi-driver]
module.eks.data.aws_eks_addon_version.this["eks-pod-identity-agent"]: Read complete after 0s [id=eks-pod-identity-agent]
module.eks.aws_eks_addon.before_compute["kube-proxy"]: Refreshing state... [id=student58:kube-proxy]
module.eks.aws_eks_addon.before_compute["vpc-cni"]: Refreshing state... [id=student58:vpc-cni]
module.eks.aws_eks_access_policy_association.this["cluster_creator_admin"]: Refreshing state... [id=student58#arn:aws:iam::948731545609:user/nwuser#arn:aws:eks::aws:cluster-access-policy/AmazonEKSClusterAdminPolicy]
module.eks.module.eks_managed_node_group["default"].data.aws_ssm_parameter.ami[0]: Read complete after 1s [id=/aws/service/eks/optimized-ami/1.35/amazon-linux-2023/x86_64/standard/recommended/release_version]
module.eks.module.eks_managed_node_group["default"].aws_eks_node_group.this[0]: Refreshing state... [id=student58:default-2026072314194096750000000f]
module.aws_lb_controller_pod_identity.aws_eks_pod_identity_association.this["main"]: Refreshing state... [id=a-4f94aun6sgerbeaxs]
module.eks.aws_eks_addon.this["aws-ebs-csi-driver"]: Refreshing state... [id=student58:aws-ebs-csi-driver]
module.eks.aws_eks_addon.this["coredns"]: Refreshing state... [id=student58:coredns]
module.eks.aws_eks_addon.this["eks-pod-identity-agent"]: Refreshing state... [id=student58:eks-pod-identity-agent]

No changes. Your infrastructure matches the configuration.

Terraform has compared your real infrastructure against your configuration
and found no differences, so no changes are needed.

Apply complete! Resources: 0 added, 0 changed, 0 destroyed.

Outputs:

cluster_name = "student58"
kubeconfig_command = "aws eks update-kubeconfig --name student58 --region us-west-2 --profile aws1-student31 --kubeconfig /tmp/student58.kubeconfig"
