
Warning: Deprecated flag: -state

Use the "path" attribute within the "local" backend to specify a file for
state storage
module.ebs_csi_pod_identity.data.aws_partition.current: Reading...
module.ebs_csi_pod_identity.data.aws_iam_policy_document.base[0]: Reading...
module.ebs_csi_pod_identity.data.aws_partition.current: Read complete after 0s [id=aws]
module.eks.data.aws_caller_identity.current[0]: Reading...
module.eks.data.aws_iam_policy_document.assume_role_policy[0]: Reading...
module.eks.module.eks_managed_node_group["default"].data.aws_iam_policy_document.assume_role_policy[0]: Reading...
module.eks.module.kms.data.aws_caller_identity.current[0]: Reading...
module.aws_lb_controller_pod_identity.data.aws_partition.current: Reading...
module.eks.module.kms.data.aws_partition.current[0]: Reading...
module.eks.data.aws_partition.current[0]: Reading...
module.eks.aws_security_group.cluster[0]: Refreshing state... [id=sg-0b94929b5003f8bed]
module.ebs_csi_pod_identity.data.aws_iam_policy_document.base[0]: Read complete after 0s [id=1132004489]
module.eks.aws_security_group.node[0]: Refreshing state... [id=sg-01100805a8f3590f5]
module.aws_lb_controller_pod_identity.data.aws_iam_policy_document.assume[0]: Reading...
module.eks.module.eks_managed_node_group["default"].data.aws_iam_policy_document.assume_role_policy[0]: Read complete after 0s [id=2560088296]
module.eks.data.aws_iam_policy_document.assume_role_policy[0]: Read complete after 0s [id=2830595799]
module.eks.module.kms.data.aws_partition.current[0]: Read complete after 0s [id=aws]
module.aws_lb_controller_pod_identity.data.aws_partition.current: Read complete after 0s [id=aws]
module.aws_lb_controller_pod_identity.data.aws_iam_policy_document.base[0]: Reading...
module.eks.data.aws_caller_identity.current[0]: Read complete after 0s [id=948731545609]
module.eks.data.aws_partition.current[0]: Read complete after 0s [id=aws]
module.aws_lb_controller_pod_identity.data.aws_iam_policy_document.assume[0]: Read complete after 0s [id=819195744]
module.ebs_csi_pod_identity.data.aws_iam_policy_document.assume[0]: Reading...
module.eks.module.eks_managed_node_group["default"].aws_iam_role.this[0]: Refreshing state... [id=default-eks-node-group-20260723140834055500000008]
module.ebs_csi_pod_identity.data.aws_iam_policy_document.ebs_csi[0]: Reading...
module.aws_lb_controller_pod_identity.aws_iam_role.this[0]: Refreshing state... [id=student53-aws-lbc-20260723140834046200000007]
module.ebs_csi_pod_identity.data.aws_iam_policy_document.assume[0]: Read complete after 0s [id=819195744]
module.eks.aws_iam_role.this[0]: Refreshing state... [id=student53-cluster-20260723140834038600000002]
module.aws_lb_controller_pod_identity.data.aws_iam_policy_document.base[0]: Read complete after 0s [id=1132004489]
module.ebs_csi_pod_identity.aws_iam_role.this[0]: Refreshing state... [id=student53-ebs-csi-20260723140834041300000004]
module.eks.data.aws_iam_session_context.current[0]: Reading...
module.ebs_csi_pod_identity.data.aws_iam_policy_document.ebs_csi[0]: Read complete after 0s [id=522466792]
module.eks.data.aws_iam_session_context.current[0]: Read complete after 0s [id=arn:aws:iam::948731545609:user/nwuser]
module.eks.module.kms.data.aws_caller_identity.current[0]: Read complete after 0s [id=948731545609]
module.ebs_csi_pod_identity.aws_iam_policy.ebs_csi[0]: Refreshing state... [id=arn:aws:iam::948731545609:policy/AmazonEKS_EBS_CSI-20260723140834039300000003]
module.aws_lb_controller_pod_identity.data.aws_iam_policy_document.lb_controller[0]: Reading...
module.aws_lb_controller_pod_identity.data.aws_iam_policy_document.lb_controller[0]: Read complete after 1s [id=1541424006]
module.aws_lb_controller_pod_identity.aws_iam_policy.lb_controller[0]: Refreshing state... [id=arn:aws:iam::948731545609:policy/AmazonEKS_LoadBalancerController-20260723140834046100000006]
module.ebs_csi_pod_identity.aws_iam_role_policy_attachment.ebs_csi[0]: Refreshing state... [id=student53-ebs-csi-20260723140834041300000004/arn:aws:iam::948731545609:policy/AmazonEKS_EBS_CSI-20260723140834039300000003]
module.eks.aws_iam_role_policy_attachment.this["AmazonEKSClusterPolicy"]: Refreshing state... [id=student53-cluster-20260723140834038600000002/arn:aws:iam::aws:policy/AmazonEKSClusterPolicy]
module.eks.module.eks_managed_node_group["default"].aws_iam_role_policy_attachment.this["AmazonEKSWorkerNodePolicy"]: Refreshing state... [id=default-eks-node-group-20260723140834055500000008/arn:aws:iam::aws:policy/AmazonEKSWorkerNodePolicy]
module.eks.module.eks_managed_node_group["default"].aws_iam_role_policy_attachment.this["AmazonEKS_CNI_Policy"]: Refreshing state... [id=default-eks-node-group-20260723140834055500000008/arn:aws:iam::aws:policy/AmazonEKS_CNI_Policy]
module.eks.module.kms.data.aws_iam_policy_document.this[0]: Reading...
module.eks.module.eks_managed_node_group["default"].aws_iam_role_policy_attachment.this["AmazonEC2ContainerRegistryReadOnly"]: Refreshing state... [id=default-eks-node-group-20260723140834055500000008/arn:aws:iam::aws:policy/AmazonEC2ContainerRegistryReadOnly]
module.eks.module.kms.data.aws_iam_policy_document.this[0]: Read complete after 0s [id=2227871631]
module.eks.module.kms.aws_kms_key.this[0]: Refreshing state... [id=fdd37382-bc2a-4816-8346-8eca7aebcaef]
module.aws_lb_controller_pod_identity.aws_iam_role_policy_attachment.lb_controller[0]: Refreshing state... [id=student53-aws-lbc-20260723140834046200000007/arn:aws:iam::948731545609:policy/AmazonEKS_LoadBalancerController-20260723140834046100000006]
module.eks.aws_security_group_rule.node["ingress_self_coredns_udp"]: Refreshing state... [id=sgrule-467815202]
module.eks.aws_security_group_rule.node["ingress_self_coredns_tcp"]: Refreshing state... [id=sgrule-3216894157]
module.eks.aws_security_group_rule.node["ingress_cluster_4443_webhook"]: Refreshing state... [id=sgrule-1837978250]
module.eks.aws_security_group_rule.node["ingress_nodes_ephemeral"]: Refreshing state... [id=sgrule-3839290917]
module.eks.aws_security_group_rule.node["ingress_cluster_9443_webhook"]: Refreshing state... [id=sgrule-3543284470]
module.eks.aws_security_group_rule.node["ingress_cluster_443"]: Refreshing state... [id=sgrule-1400917860]
module.eks.aws_security_group_rule.node["ingress_cluster_8443_webhook"]: Refreshing state... [id=sgrule-3079866685]
module.eks.aws_security_group_rule.node["egress_all"]: Refreshing state... [id=sgrule-4240567562]
module.eks.aws_security_group_rule.node["ingress_cluster_10251_webhook"]: Refreshing state... [id=sgrule-1096374729]
module.eks.aws_security_group_rule.node["ingress_cluster_6443_webhook"]: Refreshing state... [id=sgrule-2765042972]
module.eks.aws_security_group_rule.node["ingress_cluster_kubelet"]: Refreshing state... [id=sgrule-1963985330]
module.eks.module.kms.aws_kms_alias.this["cluster"]: Refreshing state... [id=alias/eks/student53]
module.eks.aws_iam_policy.cluster_encryption[0]: Refreshing state... [id=arn:aws:iam::948731545609:policy/student53-cluster-ClusterEncryption20260723140856730100000009]
module.eks.aws_security_group_rule.cluster["ingress_nodes_443"]: Refreshing state... [id=sgrule-644693694]
module.eks.aws_iam_role_policy_attachment.cluster_encryption[0]: Refreshing state... [id=student53-cluster-20260723140834038600000002/arn:aws:iam::948731545609:policy/student53-cluster-ClusterEncryption20260723140856730100000009]
module.eks.aws_eks_cluster.this[0]: Refreshing state... [id=student53]
module.eks.data.aws_eks_addon_version.this["aws-ebs-csi-driver"]: Reading...
module.eks.aws_eks_access_entry.this["cluster_creator"]: Refreshing state... [id=student53:arn:aws:iam::948731545609:user/nwuser]
module.eks.time_sleep.this[0]: Refreshing state... [id=2026-07-23T14:19:16Z]
module.eks.data.aws_eks_addon_version.this["coredns"]: Reading...
module.eks.data.aws_eks_addon_version.this["vpc-cni"]: Reading...
module.eks.data.aws_eks_addon_version.this["kube-proxy"]: Reading...
module.eks.data.aws_eks_addon_version.this["eks-pod-identity-agent"]: Reading...
module.eks.module.eks_managed_node_group["default"].module.user_data.null_resource.validate_cluster_service_cidr: Refreshing state... [id=8621150769256504654]
module.eks.module.eks_managed_node_group["default"].data.aws_ssm_parameter.ami[0]: Reading...
module.eks.module.eks_managed_node_group["default"].module.user_data.data.cloudinit_config.al2023_eks_managed_node_group[0]: Reading...
module.eks.data.aws_eks_addon_version.this["aws-ebs-csi-driver"]: Read complete after 0s [id=aws-ebs-csi-driver]
module.eks.data.aws_eks_addon_version.this["kube-proxy"]: Read complete after 0s [id=kube-proxy]
module.eks.module.eks_managed_node_group["default"].module.user_data.data.cloudinit_config.al2023_eks_managed_node_group[0]: Read complete after 0s [id=140799688]
module.eks.data.aws_eks_addon_version.this["eks-pod-identity-agent"]: Read complete after 0s [id=eks-pod-identity-agent]
module.eks.data.aws_eks_addon_version.this["vpc-cni"]: Read complete after 0s [id=vpc-cni]
module.eks.data.aws_eks_addon_version.this["coredns"]: Read complete after 0s [id=coredns]
module.eks.aws_eks_addon.before_compute["kube-proxy"]: Refreshing state... [id=student53:kube-proxy]
module.eks.aws_eks_addon.before_compute["vpc-cni"]: Refreshing state... [id=student53:vpc-cni]
module.eks.module.eks_managed_node_group["default"].aws_launch_template.this[0]: Refreshing state... [id=lt-0e31cdbdee92e4697]
module.eks.aws_eks_access_policy_association.this["cluster_creator_admin"]: Refreshing state... [id=student53#arn:aws:iam::948731545609:user/nwuser#arn:aws:eks::aws:cluster-access-policy/AmazonEKSClusterAdminPolicy]
module.eks.module.eks_managed_node_group["default"].data.aws_ssm_parameter.ami[0]: Read complete after 0s [id=/aws/service/eks/optimized-ami/1.35/amazon-linux-2023/x86_64/standard/recommended/release_version]
module.eks.module.eks_managed_node_group["default"].aws_eks_node_group.this[0]: Refreshing state... [id=student53:default-2026072314192283830000000f]
module.aws_lb_controller_pod_identity.aws_eks_pod_identity_association.this["main"]: Refreshing state... [id=a-hernop2silk8v0dkv]
module.eks.aws_eks_addon.this["coredns"]: Refreshing state... [id=student53:coredns]
module.eks.aws_eks_addon.this["aws-ebs-csi-driver"]: Refreshing state... [id=student53:aws-ebs-csi-driver]
module.eks.aws_eks_addon.this["eks-pod-identity-agent"]: Refreshing state... [id=student53:eks-pod-identity-agent]

No changes. Your infrastructure matches the configuration.

Terraform has compared your real infrastructure against your configuration
and found no differences, so no changes are needed.

Apply complete! Resources: 0 added, 0 changed, 0 destroyed.

Outputs:

cluster_name = "student53"
kubeconfig_command = "aws eks update-kubeconfig --name student53 --region us-west-2 --profile aws1-student31 --kubeconfig /tmp/student53.kubeconfig"
